###############################################################################
#
# IAR ELF Linker V9.20.4.327/W64 for ARM                  12/Mar/2022  15:59:27
# Copyright 2007-2022 IAR Systems AB.
#
#    Output file  =
#        D:\Faculdade\Embarcados\ELF74\TivaWare_C_Series-2.2.0.295\examples\boards\ek-tm4c1294xl\blinky\ewarm\Exe\blinky.out
#    Map file     =
#        D:\Faculdade\Embarcados\ELF74\TivaWare_C_Series-2.2.0.295\examples\boards\ek-tm4c1294xl\blinky\ewarm\List\blinky.map
#    Command line =
#        -f
#        D:\Faculdade\Embarcados\ELF74\TivaWare_C_Series-2.2.0.295\examples\boards\ek-tm4c1294xl\blinky\ewarm\Exe\blinky.out.rsp
#        (D:\Faculdade\Embarcados\ELF74\TivaWare_C_Series-2.2.0.295\examples\boards\ek-tm4c1294xl\blinky\ewarm\Obj\Source\blinky.o
#        D:\Faculdade\Embarcados\ELF74\TivaWare_C_Series-2.2.0.295\driverlib\ewarm\Exe\driverlib.a
#        D:\Faculdade\Embarcados\ELF74\TivaWare_C_Series-2.2.0.295\examples\boards\ek-tm4c1294xl\blinky\ewarm\Obj\Source\startup_ewarm.o
#        --redirect _Printf=_PrintfTiny --redirect _Scanf=_ScanfSmallNoMb
#        --no_out_extension -o
#        D:\Faculdade\Embarcados\ELF74\TivaWare_C_Series-2.2.0.295\examples\boards\ek-tm4c1294xl\blinky\ewarm\Exe\blinky.out
#        --map
#        D:\Faculdade\Embarcados\ELF74\TivaWare_C_Series-2.2.0.295\examples\boards\ek-tm4c1294xl\blinky\ewarm\List\blinky.map
#        --config
#        D:\Faculdade\Embarcados\ELF74\TivaWare_C_Series-2.2.0.295\examples\boards\ek-tm4c1294xl\blinky\blinky.icf
#        --semihosting --entry __iar_program_start --vfe --text_out locale)
#
###############################################################################

*******************************************************************************
*** RUNTIME MODEL ATTRIBUTES
***

CppFlavor       = *
__CPP_Runtime   = 1
__SystemLibrary = DLib
__dlib_version  = 6


*******************************************************************************
*** HEAP SELECTION
***

The basic heap was selected because some modules are built with
size limitations (and not runtime checking), and --advanced_heap
was not specified.


*******************************************************************************
*** PLACEMENT SUMMARY
***

"A0":  place at start of [from 0x0 to 0xf'ffff] { ro section .intvec };
"P1":  place in [from 0x0 to 0xf'ffff] { ro };
define block HEAP with size = 0, alignment = 8 { };
"P2":  place in [from 0x2000'0000 to 0x2003'ffff] { rw, block HEAP };
do not initialize { section .noinit };

No sections matched the following patterns:

  section VTABLE  in "A1"


  Section  Kind         Address   Size  Object
  -------  ----         -------   ----  ------
"A0":                            0x200
  .intvec  const            0x0  0x200  startup_ewarm.o [1]
                        - 0x200  0x200

"P1":                            0x32e
  .text    ro code        0x200  0x1e0  gpio.o [3]
  .text    ro code        0x3e0   0x64  blinky.o [1]
  .text    ro code        0x444   0x48  sysctl.o [3]
  .text    ro code        0x48c   0x22  fpinit_M.o [4]
  .text    ro code        0x4b0   0x1e  cmain.o [5]
  .text    ro code        0x4ce    0x4  low_level_init.o [2]
  .text    ro code        0x4d2    0x4  exit.o [2]
  .text    ro code        0x4d8    0xa  cexit.o [5]
  .text    ro code        0x4e4   0x14  exit.o [6]
  .text    ro code        0x4f8   0x1c  cstartup_M.o [5]
  .text    ro code        0x514   0x1a  startup_ewarm.o [1]
                        - 0x52e  0x32e

"P2":                            0x200
  .noinit  uninit   0x2000'0000  0x200  startup_ewarm.o [1]
                  - 0x2000'0200  0x200

Unused ranges:

         From           To      Size
         ----           --      ----
        0x52e     0xf'ffff  0xf'fad2
  0x2000'0200  0x2003'ffff  0x3'fe00



*******************************************************************************
*** MODULE SUMMARY
***

    Module            ro code  ro data  rw data
    ------            -------  -------  -------
command line/config:
    -------------------------------------------
    Total:

D:\Faculdade\Embarcados\ELF74\TivaWare_C_Series-2.2.0.295\examples\boards\ek-tm4c1294xl\blinky\ewarm\Obj\Source: [1]
    blinky.o              100
    startup_ewarm.o        26      512      512
    -------------------------------------------
    Total:                126      512      512

dl7M_tln.a: [2]
    exit.o                  4
    low_level_init.o        4
    -------------------------------------------
    Total:                  8

driverlib.a: [3]
    gpio.o                480
    sysctl.o               72
    -------------------------------------------
    Total:                552

m7M_tls.a: [4]
    fpinit_M.o             34
    -------------------------------------------
    Total:                 34

rt7M_tl.a: [5]
    cexit.o                10
    cmain.o                30
    cstartup_M.o           28
    -------------------------------------------
    Total:                 68

shb_l.a: [6]
    exit.o                 20
    -------------------------------------------
    Total:                 20

    Gaps                    6
-----------------------------------------------
    Grand Total:          814      512      512


*******************************************************************************
*** ENTRY LIST
***

Entry                       Address   Size  Type      Object
-----                       -------   ----  ----      ------
?main                         0x4b1         Code  Gb  cmain.o [5]
FaultISR                      0x52b    0x2  Code  Lc  startup_ewarm.o [1]
GPIODirModeSet                0x201   0x28  Code  Gb  gpio.o [3]
GPIOPadConfigSet              0x229  0x186  Code  Gb  gpio.o [3]
GPIOPinTypeGPIOOutput         0x3b7    0xa  Code  Gb  gpio.o [3]
GPIOPinWrite                  0x3af    0x8  Code  Gb  gpio.o [3]
IntDefaultHandler             0x52d    0x2  Code  Lc  startup_ewarm.o [1]
NmiSR                         0x529    0x2  Code  Lc  startup_ewarm.o [1]
Region$$Table$$Base             0x0          --   Gb  - Linker created -
Region$$Table$$Limit            0x0          --   Gb  - Linker created -
ResetISR                      0x515    0xe  Code  Gb  startup_ewarm.o [1]
SysCtlPeripheralEnable        0x467    0x8  Code  Gb  sysctl.o [3]
SysCtlPeripheralReady         0x445    0x8  Code  Gb  sysctl.o [3]
__cmain                       0x4b1         Code  Gb  cmain.o [5]
__exit                        0x4e5   0x14  Code  Gb  exit.o [6]
__iar_init_vfp                0x48d         Code  Gb  fpinit_M.o [4]
__iar_program_start           0x4f9         Code  Gb  cstartup_M.o [5]
__low_level_init              0x4cf    0x4  Code  Gb  low_level_init.o [2]
__vector_table                  0x0  0x200  Data  Gb  startup_ewarm.o [1]
_call_main                    0x4bd         Code  Gb  cmain.o [5]
_exit                         0x4d9         Code  Gb  cexit.o [5]
exit                          0x4d3    0x4  Code  Gb  exit.o [2]
main                          0x3e1   0x64  Code  Gb  blinky.o [1]
pui32Stack              0x2000'0000  0x200  Data  Lc  startup_ewarm.o [1]


[1] = D:\Faculdade\Embarcados\ELF74\TivaWare_C_Series-2.2.0.295\examples\boards\ek-tm4c1294xl\blinky\ewarm\Obj\Source
[2] = dl7M_tln.a
[3] = driverlib.a
[4] = m7M_tls.a
[5] = rt7M_tl.a
[6] = shb_l.a

  814 bytes of readonly  code memory
  512 bytes of readonly  data memory
  512 bytes of readwrite data memory

Errors: none
Warnings: none
