###############################################################################
#
# IAR ELF Linker V9.20.4.327/W64 for ARM                  10/Dec/2022  17:12:27
# Copyright 2007-2022 IAR Systems AB.
#
#    Output file  =
#        D:\Faculdade\Embarcados\ELF74\relefererx_ELF74\ELF74\relefererx_ELF74\Projeto\Debug\Exe\Projeto.out
#    Map file     =
#        D:\Faculdade\Embarcados\ELF74\relefererx_ELF74\ELF74\relefererx_ELF74\Projeto\Debug\List\Projeto.map
#    Command line =
#        -f
#        D:\Faculdade\Embarcados\ELF74\relefererx_ELF74\ELF74\relefererx_ELF74\Projeto\Debug\Exe\Projeto.out.rsp
#        (D:\Faculdade\Embarcados\ELF74\relefererx_ELF74\ELF74\TivaWare_C_Series-2.2.0.295\driverlib\ewarm\Exe\driverlib.a
#        D:\Faculdade\Embarcados\ELF74\relefererx_ELF74\ELF74\relefererx_ELF74\Projeto\Debug\Obj\main.o
#        D:\Faculdade\Embarcados\ELF74\relefererx_ELF74\ELF74\relefererx_ELF74\Projeto\Debug\Obj\startup_TM4C1294.o
#        D:\Faculdade\Embarcados\ELF74\relefererx_ELF74\ELF74\relefererx_ELF74\Projeto\Debug\Obj\system_TM4C1294.o
#        D:\Faculdade\Embarcados\ELF74\relefererx_ELF74\ELF74\ThreadX\ports\cortex_m4\iar\example_build\Debug\Exe\tx.a
#        D:\Faculdade\Embarcados\ELF74\relefererx_ELF74\ELF74\relefererx_ELF74\Projeto\Debug\Obj\tx_initialize_low_level.o
#        --no_out_extension -o
#        D:\Faculdade\Embarcados\ELF74\relefererx_ELF74\ELF74\relefererx_ELF74\Projeto\Debug\Exe\Projeto.out
#        --redirect _Printf=_PrintfFullNoMb --redirect _Scanf=_ScanfFullNoMb
#        --map
#        D:\Faculdade\Embarcados\ELF74\relefererx_ELF74\ELF74\relefererx_ELF74\Projeto\Debug\List\Projeto.map
#        --config "D:\Program Files\IAR Systems\Embedded Workbench
#        9.0\arm\config\linker\TexasInstruments\TM4C1292NC.icf" --semihosting
#        --entry __iar_program_start --vfe --threaded_lib --text_out locale)
#
###############################################################################

*******************************************************************************
*** RUNTIME MODEL ATTRIBUTES
***

CppFlavor       = *
__CPP_Runtime   = 1
__Heap_Handler  = Basic
__SystemLibrary = DLib
__dlib_version  = 6


*******************************************************************************
*** HEAP SELECTION
***

The basic heap was selected because some modules are built with
size limitations (and not runtime checking), and --advanced_heap
was not specified.


*******************************************************************************
*** PLACEMENT SUMMARY
***

"A0":  place at address 0x0 { ro section .intvec };
"P1":  place in [from 0x0 to 0xf'ffff] { ro };
define block CSTACK with size = 32K, alignment = 8 { };
define block HEAP with size = 64K, alignment = 8 { };
"P2":  place in [from 0x2000'0000 to 0x2003'ffff] {
          rw, block CSTACK, block HEAP };
initialize by copy { rw };

  Section            Kind         Address      Size  Object
  -------            ----         -------      ----  ------
"A0":                                         0x3c0
  .intvec            ro code          0x0     0x3c0  startup_TM4C1294.o [1]
                                  - 0x3c0     0x3c0

"P1":                                        0x37a8
  .text              ro code        0x3c0     0x7a8  main.o [1]
  .text              ro code        0xb68      0x48  sysctl.o [3]
  .text              ro code        0xbb0     0x218  gpio.o [3]
  .text              ro code        0xdc8      0xd8  uart.o [3]
  .text              ro code        0xea0      0x10  interrupt.o [3]
  .text              ro code        0xeb0      0x28  systick.o [3]
  .text              ro code        0xed8      0x4c  tx_initialize_kernel_enter.o [7]
  .text              ro code        0xf24      0x7c  txe_mutex_get.o [7]
  .text              ro code        0xfa0      0x4c  txe_mutex_put.o [7]
  .text              ro code        0xfec      0x90  tx_thread_sleep.o [7]
  .text              ro code       0x107c      0x66  ABImemset.o [4]
  .text              ro code       0x10e2      0x2a  copy_init3.o [4]
  .text              ro code       0x110c      0x60  txe_queue_receive.o [7]
  .text              ro code       0x116c      0x60  txe_queue_send.o [7]
  .text              ro code       0x11cc      0xd8  txe_byte_pool_create.o [7]
  .text              ro code       0x12a4      0x98  txe_byte_allocate.o [7]
  .text              ro code       0x133c     0x15c  txe_thread_create.o [7]
  .text              ro code       0x1498      0xf0  txe_queue_create.o [7]
  .text              ro code       0x1588      0xcc  txe_mutex_create.o [7]
  .text              ro code       0x1654      0x30  txe_block_release.o [7]
  .text              ro code       0x1684       0x8  cpu.o [3]
  .text              ro code       0x168c      0x74  tx_initialize_low_level.o [1]
  .text              ro code       0x1700      0x84  tx_initialize_high_level.o [7]
  .text              ro code       0x1784      0x50  xsyslock_mtx.o [6]
  .text              ro code       0x17d4      0xa0  tx_thread_schedule.o [7]
  .text              ro code       0x1874     0x118  tx_mutex_get.o [7]
  .text              ro code       0x198c     0x220  tx_mutex_put.o [7]
  .text              ro code       0x1bac     0x1c8  tx_thread_system_suspend.o [7]
  .text              ro code       0x1d74     0x1ec  tx_queue_receive.o [7]
  .text              ro code       0x1f60     0x164  tx_queue_send.o [7]
  .text              ro code       0x20c4      0x40  tx_thread_system_preempt_check.o [7]
  .text              ro code       0x2104      0x9c  tx_byte_pool_create.o [7]
  .text              ro code       0x21a0      0xd8  tx_byte_allocate.o [7]
  .text              ro code       0x2278     0x158  tx_thread_create.o [7]
  .text              ro code       0x23d0      0x84  tx_queue_create.o [7]
  .text              ro code       0x2454      0x6c  tx_mutex_create.o [7]
  .text              ro code       0x24c0      0x6c  tx_block_release.o [7]
  .text              ro code       0x252c      0xb8  tx_timer_interrupt.o [7]
  .text              ro code       0x25e4      0x88  tx_thread_initialize.o [7]
  .text              ro code       0x266c      0xe0  tx_timer_initialize.o [7]
  .text              ro code       0x274c     0x114  tx_iar.o [7]
  .text              ro code       0x2860      0xf0  tx_mutex_priority_change.o [7]
  .text              ro code       0x2950      0xb0  tx_mutex_prioritize.o [7]
  .text              ro code       0x2a00     0x144  tx_thread_system_resume.o [7]
  .text              ro code       0x2b44      0x64  tx_timer_system_activate.o [7]
  .text              ro code       0x2ba8     0x124  tx_byte_pool_search.o [7]
  .text              ro code       0x2ccc      0x44  tx_thread_stack_build.o [7]
  .text              ro code       0x2d10      0x24  tx_timer_expiration_process.o [7]
  .text              ro code       0x2d34      0x68  tx_thread_time_slice.o [7]
  .text              ro code       0x2d9c      0x3c  tlsinit.o [6]
  .text              ro code       0x2dd8     0x124  heap0.o [2]
  .text              ro code       0x2efc      0xb4  tx_mutex_delete.o [7]
  .text              ro code       0x2fb0      0x2e  tx_timer_system_deactivate.o [7]
  .text              ro code       0x2fde       0x2  startup_TM4C1294.o [1]
  .text              ro code       0x2fe0      0xa6  ABImemcpy.o [4]
  .text              ro code       0x3088       0x6  ABImemclr.o [4]
  .text              ro code       0x3090      0x2c  xgetmemchunk.o [2]
  .text              ro code       0x30bc     0x1ec  system_TM4C1294.o [1]
  .rodata            const         0x32a8     0x1b0  system_TM4C1294.o [1]
  .text              ro code       0x3458     0x130  tx_timer_thread_entry.o [7]
  .text              ro code       0x3588      0xc8  tx_mutex_cleanup.o [7]
  .text              ro code       0x3650      0x94  tx_queue_cleanup.o [7]
  .rodata            const         0x36e4      0x90  gpio.o [3]
  .text              ro code       0x3774      0x88  tx_byte_pool_cleanup.o [7]
  .text              ro code       0x37fc      0x78  tx_thread_shell_entry.o [7]
  .rodata            const         0x3874      0x6c  system_TM4C1294.o [1]
  .text              ro code       0x38e0      0x38  tx_thread_timeout.o [7]
  .text              ro code       0x3918      0x38  zero_init3.o [4]
  .rodata            const         0x3950      0x30  system_TM4C1294.o [1]
  .text              ro code       0x3980      0x28  data_init.o [4]
  .iar.init_table    const         0x39a8      0x24  - Linker created -
  .text              ro code       0x39cc      0x1e  cmain.o [4]
  .text              ro code       0x39ea       0x4  low_level_init.o [2]
  .text              ro code       0x39ee       0x4  exit.o [2]
  .text              ro code       0x39f4       0xe  cexit.o [4]
  .text              ro code       0x3a04      0x14  exit.o [5]
  .text              ro code       0x3a18      0x1c  cstartup_M.o [4]
  .text              ro code       0x3a34      0x14  startup_TM4C1294.o [1]
  .rodata            const         0x3a48      0x18  main.o [1]
  .rodata            const         0x3a60      0x18  main.o [1]
  .rodata            const         0x3a78      0x18  main.o [1]
  .rodata            const         0x3a90      0x18  tx_iar.o [7]
  .rodata            const         0x3aa8      0x14  main.o [1]
  .rodata            const         0x3abc      0x14  main.o [1]
  .rodata            const         0x3ad0      0x14  main.o [1]
  .rodata            const         0x3ae4      0x14  main.o [1]
  .rodata            const         0x3af8      0x14  main.o [1]
  .rodata            const         0x3b0c      0x14  main.o [1]
  .rodata            const         0x3b20      0x14  tx_timer_initialize.o [7]
  .rodata            const         0x3b34      0x10  main.o [1]
  .rodata            const         0x3b44       0xc  main.o [1]
  .rodata            const         0x3b50       0xc  main.o [1]
  .rodata            const         0x3b5c       0x8  system_TM4C1294.o [1]
  Initializer bytes  const         0x3b64       0x4  <for P2-1>
  .text              ro code       0x3b68       0x0  cstart_clearlocks.o [4]
  .rodata            const         0x3b68       0x0  zero_init3.o [4]
  .rodata            const         0x3b68       0x0  copy_init3.o [4]
                                 - 0x3b68    0x37a8

"P2", part 1 of 3:                              0x4
  P2-1                        0x2000'0000       0x4  <Init block>
    .data            inited   0x2000'0000       0x4  tx_thread_initialize.o [7]
                            - 0x2000'0004       0x4

"P2", part 2 of 3:                           0x2fa8
  .bss               zero     0x2000'0004    0x23a0  main.o [1]
  .bss               zero     0x2000'23a4     0x400  tx_timer_initialize.o [7]
  .bss               zero     0x2000'27a4      0xd0  tx_iar.o [7]
  .bss               zero     0x2000'2874      0xb8  main.o [1]
  .bss               zero     0x2000'292c      0xb8  main.o [1]
  .bss               zero     0x2000'29e4      0xb8  main.o [1]
  .bss               zero     0x2000'2a9c      0xb8  main.o [1]
  .bss               zero     0x2000'2b54      0xb8  tx_timer_initialize.o [7]
  .bss               zero     0x2000'2c0c      0x80  tx_thread_initialize.o [7]
  .bss               zero     0x2000'2c8c      0x80  tx_timer_initialize.o [7]
  .bss               zero     0x2000'2d0c      0x3c  main.o [1]
  .bss               zero     0x2000'2d48      0x3c  main.o [1]
  .bss               zero     0x2000'2d84      0x3c  main.o [1]
  .bss               zero     0x2000'2dc0      0x3c  main.o [1]
  .bss               zero     0x2000'2dfc      0x3c  main.o [1]
  .bss               zero     0x2000'2e38      0x3c  main.o [1]
  .bss               zero     0x2000'2e74      0x34  main.o [1]
  .bss               zero     0x2000'2ea8      0x34  main.o [1]
  .bss               zero     0x2000'2edc      0x10  xsyslock_mtx.o [6]
  FREE_MEM           zero     0x2000'2eec      0x10  tx_initialize_low_level.o [1]
  .bss               zero     0x2000'2efc       0x8  heap0.o [2]
  .bss               zero     0x2000'2f04       0x4  tx_thread_initialize.o [7]
  .bss               zero     0x2000'2f08       0x4  tx_thread_initialize.o [7]
  .bss               zero     0x2000'2f0c       0x4  tx_thread_initialize.o [7]
  .bss               zero     0x2000'2f10       0x4  tx_thread_initialize.o [7]
  .bss               zero     0x2000'2f14       0x4  tx_thread_initialize.o [7]
  .bss               zero     0x2000'2f18       0x4  tx_thread_initialize.o [7]
  .bss               zero     0x2000'2f1c       0x4  tx_thread_initialize.o [7]
  .bss               zero     0x2000'2f20       0x4  tx_thread_initialize.o [7]
  .bss               zero     0x2000'2f24       0x4  tx_thread_initialize.o [7]
  .bss               zero     0x2000'2f28       0x4  tx_thread_initialize.o [7]
  .bss               zero     0x2000'2f2c       0x4  tx_thread_initialize.o [7]
  .bss               zero     0x2000'2f30       0x4  tx_initialize_high_level.o [7]
  .bss               zero     0x2000'2f34       0x4  tx_initialize_high_level.o [7]
  .bss               zero     0x2000'2f38       0x4  tx_initialize_high_level.o [7]
  .bss               zero     0x2000'2f3c       0x4  tx_initialize_high_level.o [7]
  .bss               zero     0x2000'2f40       0x4  tx_initialize_high_level.o [7]
  .bss               zero     0x2000'2f44       0x4  tx_initialize_high_level.o [7]
  .bss               zero     0x2000'2f48       0x4  tx_initialize_high_level.o [7]
  .bss               zero     0x2000'2f4c       0x4  tx_initialize_high_level.o [7]
  .bss               zero     0x2000'2f50       0x4  tx_initialize_high_level.o [7]
  .bss               zero     0x2000'2f54       0x4  tx_initialize_high_level.o [7]
  .bss               zero     0x2000'2f58       0x4  tx_initialize_high_level.o [7]
  .bss               zero     0x2000'2f5c       0x4  tx_initialize_high_level.o [7]
  .bss               zero     0x2000'2f60       0x4  tx_initialize_high_level.o [7]
  .bss               zero     0x2000'2f64       0x4  tx_timer_initialize.o [7]
  .bss               zero     0x2000'2f68       0x4  tx_timer_initialize.o [7]
  .bss               zero     0x2000'2f6c       0x4  tx_timer_initialize.o [7]
  .bss               zero     0x2000'2f70       0x4  tx_timer_initialize.o [7]
  .bss               zero     0x2000'2f74       0x4  tx_timer_initialize.o [7]
  .bss               zero     0x2000'2f78       0x4  tx_timer_initialize.o [7]
  .bss               zero     0x2000'2f7c       0x4  tx_timer_initialize.o [7]
  .bss               zero     0x2000'2f80       0x4  tx_timer_initialize.o [7]
  .bss               zero     0x2000'2f84       0x4  tx_timer_initialize.o [7]
  .bss               zero     0x2000'2f88       0x4  tx_timer_initialize.o [7]
  .bss               zero     0x2000'2f8c       0x4  tx_timer_initialize.o [7]
  .bss               zero     0x2000'2f90       0x4  tx_timer_initialize.o [7]
  .bss               zero     0x2000'2f94       0x4  tx_timer_initialize.o [7]
  .bss               zero     0x2000'2f98       0x4  tx_iar.o [7]
  .bss               zero     0x2000'2f9c       0x4  tx_iar.o [7]
  .bss               zero     0x2000'2fa0       0x4  tx_iar.o [7]
  .bss               zero     0x2000'2fa4       0x4  tx_iar.o [7]
  .bss               zero     0x2000'2fa8       0x4  xgetmemchunk.o [2]
                            - 0x2000'2fac    0x2fa8

"P2", part 3 of 3:                         0x1'8004
  .noinit            uninit   0x2000'2fac       0x4  system_TM4C1294.o [1]
  CSTACK                      0x2000'2fb0    0x8000  <Block>
    CSTACK           uninit   0x2000'2fb0    0x8000  <Block tail>
  HEAP                        0x2000'afb0  0x1'0000  <Block>
    HEAP             uninit   0x2000'afb0  0x1'0000  <Block tail>
                            - 0x2001'afb0  0x1'8004

Unused ranges:

         From           To      Size
         ----           --      ----
       0x3b68     0xf'ffff  0xf'c498
  0x2001'afb0  0x2003'ffff  0x2'5050


*******************************************************************************
*** INIT TABLE
***

          Address      Size
          -------      ----
Zero (__iar_zero_init3)
    1 destination range, total size 0x2fa8:
          0x2000'0004  0x2fa8

Copy (__iar_copy_init3)
    1 source range, total size 0x4:
               0x3b64     0x4
    1 destination range, total size 0x4:
          0x2000'0000     0x4



*******************************************************************************
*** MODULE SUMMARY
***

    Module                            ro code  ro data  rw data
    ------                            -------  -------  -------
command line/config:
    -----------------------------------------------------------
    Total:

D:\Faculdade\Embarcados\ELF74\relefererx_ELF74\ELF74\relefererx_ELF74\Projeto\Debug\Obj: [1]
    main.o                              1'960      232   10'320
    startup_TM4C1294.o                    982
    system_TM4C1294.o                     492      596        4
    tx_initialize_low_level.o             116                16
    -----------------------------------------------------------
    Total:                              3'550      828   10'340

dl7M_tln.a: [2]
    exit.o                                  4
    heap0.o                               292                 8
    low_level_init.o                        4
    xgetmemchunk.o                         44                 4
    -----------------------------------------------------------
    Total:                                344                12

driverlib.a: [3]
    cpu.o                                   8
    gpio.o                                536      144
    interrupt.o                            16
    sysctl.o                               72
    systick.o                              40
    uart.o                                216
    -----------------------------------------------------------
    Total:                                888      144

rt7M_tl.a: [4]
    ABImemclr.o                             6
    ABImemcpy.o                           166
    ABImemset.o                           102
    cexit.o                                14
    cmain.o                                30
    copy_init3.o                           42
    cstart_clearlocks.o
    cstartup_M.o                           28
    data_init.o                            40
    zero_init3.o                           56
    -----------------------------------------------------------
    Total:                                484

shb_l.a: [5]
    exit.o                                 20
    -----------------------------------------------------------
    Total:                                 20

th7M_tln.a: [6]
    tlsinit.o                              60
    xsyslock_mtx.o                         80                16
    -----------------------------------------------------------
    Total:                                140                16

tx.a: [7]
    tx_block_release.o                    108
    tx_byte_allocate.o                    216
    tx_byte_pool_cleanup.o                136
    tx_byte_pool_create.o                 156
    tx_byte_pool_search.o                 292
    tx_iar.o                              276       24      224
    tx_initialize_high_level.o            132                52
    tx_initialize_kernel_enter.o           76
    tx_mutex_cleanup.o                    200
    tx_mutex_create.o                     108
    tx_mutex_delete.o                     180
    tx_mutex_get.o                        280
    tx_mutex_prioritize.o                 176
    tx_mutex_priority_change.o            240
    tx_mutex_put.o                        544
    tx_queue_cleanup.o                    148
    tx_queue_create.o                     132
    tx_queue_receive.o                    492
    tx_queue_send.o                       356
    tx_thread_create.o                    344
    tx_thread_initialize.o                136        4      176
    tx_thread_schedule.o                  160
    tx_thread_shell_entry.o               120
    tx_thread_sleep.o                     144
    tx_thread_stack_build.o                68
    tx_thread_system_preempt_check.o       64
    tx_thread_system_resume.o             324
    tx_thread_system_suspend.o            456
    tx_thread_time_slice.o                104
    tx_thread_timeout.o                    56
    tx_timer_expiration_process.o          36
    tx_timer_initialize.o                 224       20    1'388
    tx_timer_interrupt.o                  184
    tx_timer_system_activate.o            100
    tx_timer_system_deactivate.o           46
    tx_timer_thread_entry.o               304
    txe_block_release.o                    48
    txe_byte_allocate.o                   152
    txe_byte_pool_create.o                216
    txe_mutex_create.o                    204
    txe_mutex_get.o                       124
    txe_mutex_put.o                        76
    txe_queue_create.o                    240
    txe_queue_receive.o                    96
    txe_queue_send.o                       96
    txe_thread_create.o                   348
    -----------------------------------------------------------
    Total:                              8'718       48    1'840

    Gaps                                    8
    Linker created                                  36   98'304
---------------------------------------------------------------
    Grand Total:                       14'152    1'056  110'512


*******************************************************************************
*** ENTRY LIST
***

Entry                       Address    Size  Type      Object
-----                       -------    ----  ----      ------
.iar.init_table$$Base        0x39a8           --   Gb  - Linker created -
.iar.init_table$$Limit       0x39cc           --   Gb  - Linker created -
?main                        0x39cd          Code  Gb  cmain.o [4]
Aldata                  0x2000'2efc     0x8  Data  Lc  heap0.o [2]
CPUcpsie                     0x1685     0x8  Code  Gb  cpu.o [3]
CSTACK$$Base            0x2000'2fb0           --   Gb  - Linker created -
CSTACK$$Limit           0x2000'afb0           --   Gb  - Linker created -
GPIODirModeSet                0xbb1    0x28  Code  Gb  gpio.o [3]
GPIOPadConfigSet              0xbd9   0x186  Code  Gb  gpio.o [3]
GPIOPinConfigure              0xd7f    0x36  Code  Gb  gpio.o [3]
GPIOPinTypeUART               0xd6b    0x14  Code  Gb  gpio.o [3]
HEAP$$Base              0x2000'afb0           --   Gb  - Linker created -
HEAP$$Limit             0x2001'afb0           --   Gb  - Linker created -
IntMasterEnable               0xea1     0x8  Code  Gb  interrupt.o [3]
PendSV_Handler               0x17f5          Code  Gb  tx_thread_schedule.o [7]
Region$$Table$$Base          0x39a8           --   Gb  - Linker created -
Region$$Table$$Limit         0x39cc           --   Gb  - Linker created -
SysCtlPeripheralEnable        0xb8b     0x8  Code  Gb  sysctl.o [3]
SysCtlPeripheralReady         0xb69     0x8  Code  Gb  sysctl.o [3]
SysTickEnable                 0xeb1     0xc  Code  Gb  systick.o [3]
SysTickIntEnable              0xebd     0xc  Code  Gb  systick.o [3]
SysTickPeriodSet              0xec9     0x8  Code  Gb  systick.o [3]
SysTick_Handler              0x16d3          Code  Gb  tx_initialize_low_level.o [1]
SystemCoreClock         0x2000'2fac     0x4  Data  Gb  system_TM4C1294.o [1]
SystemInit                   0x312b   0x136  Code  Gb  system_TM4C1294.o [1]
UARTCharGet                   0xe83     0xe  Code  Gb  uart.o [3]
UARTCharPut                   0xe91    0x10  Code  Gb  uart.o [3]
UARTCharsAvail                0xe71     0x8  Code  Gb  uart.o [3]
UARTConfigSetExpClk           0xdc9    0x5c  Code  Gb  uart.o [3]
UARTDisable                   0xe3f    0x22  Code  Gb  uart.o [3]
UARTEnable                    0xe25    0x1a  Code  Gb  uart.o [3]
UARTFIFOEnable                0xe65     0xc  Code  Gb  uart.o [3]
UARTInit                      0x3c1    0x54  Code  Gb  main.o [1]
_SysCtlFrequencyGet          0x30dd    0x4e  Code  Lc  system_TM4C1294.o [1]
_SysCtlMemTimingGet          0x30bd    0x20  Code  Lc  system_TM4C1294.o [1]
__Vectors                       0x0           --   Gb  startup_TM4C1294.o [1]
__Vectors_End                 0x3c0          Data  Gb  startup_TM4C1294.o [1]
__Vectors_Size {Abs}          0x3c0           --   Gb  startup_TM4C1294.o [1]
__aeabi_memclr               0x3089          Code  Gb  ABImemclr.o [4]
__aeabi_memcpy               0x2fe1          Code  Gb  ABImemcpy.o [4]
__aeabi_memcpy4              0x3001          Code  Gb  ABImemcpy.o [4]
__aeabi_memcpy8              0x3001          Code  Gb  ABImemcpy.o [4]
__aeabi_memset               0x107d          Code  Gb  ABImemset.o [4]
__basic_free_intern          0x2e85    0x74  Code  Lc  heap0.o [2]
__basic_malloc               0x2dd9    0x18  Code  Gb  heap0.o [2]
__basic_malloc_intern        0x2df1    0x94  Code  Lc  heap0.o [2]
__cexit_clearlocks           0x39f7          Code  Gb  cexit.o [4]
__cmain                      0x39cd          Code  Gb  cmain.o [4]
__cstart_clearlocks          0x3b68          Data  Gb  cstart_clearlocks.o [4]
__data_GetMemChunk           0x3091    0x2c  Code  Gb  xgetmemchunk.o [2]
__data_GetMemChunk::start
                        0x2000'2fa8     0x4  Data  Lc  xgetmemchunk.o [2]
__exit                       0x3a05    0x14  Code  Gb  exit.o [5]
__iar_Initlocks              0x17bb    0x16  Code  Gb  xsyslock_mtx.o [6]
__iar_Locksyslock_Malloc
                             0x1785     0x6  Code  Gb  xsyslock_mtx.o [6]
__iar_Memset                 0x107d          Code  Gb  ABImemset.o [4]
__iar_Memset_word            0x1085          Code  Gb  ABImemset.o [4]
__iar_Unlocksyslock_Malloc
                             0x178b     0x6  Code  Gb  xsyslock_mtx.o [6]
__iar_clearlocks             0x1791    0x2a  Code  Gb  xsyslock_mtx.o [6]
__iar_copy_init3             0x10e3    0x2a  Code  Gb  copy_init3.o [4]
__iar_data_init3             0x3981    0x28  Code  Gb  data_init.o [4]
__iar_init_vfp               0x3a3d          Code  Wk  startup_TM4C1294.o [1]
__iar_program_start          0x3a19          Code  Gb  cstartup_M.o [4]
__iar_system_Mtxdst          0x27c7     0xa  Code  Gb  tx_iar.o [7]
__iar_system_Mtxinit         0x2763    0x64  Code  Gb  tx_iar.o [7]
__iar_system_Mtxlock         0x27d1    0x3a  Code  Gb  tx_iar.o [7]
__iar_system_Mtxunlock       0x280b    0x36  Code  Gb  tx_iar.o [7]
__iar_tls$$DATA$$Length
                                0x0           --   Gb  - Linker created -
__iar_tls$$INIT_DATA$$Base
                                0x0           --   Gb  - Linker created -
__iar_tls$$INIT_DATA$$Length
                                0x0           --   Gb  - Linker created -
__iar_tls_init               0x2db9     0xc  Code  Gb  tlsinit.o [6]
__iar_tls_init_no_ctors
                             0x2d9d    0x1c  Code  Gb  tlsinit.o [6]
__iar_tls_size               0x2dc5     0x4  Code  Gb  tlsinit.o [6]
__iar_zero_init3             0x3919    0x38  Code  Gb  zero_init3.o [4]
__low_level_init             0x39eb     0x4  Code  Gb  low_level_init.o [2]
__tx_PendSVHandler           0x17f5          Code  Gb  tx_thread_schedule.o [7]
__tx_SysTickHandler          0x16d3          Code  Gb  tx_initialize_low_level.o [1]
__tx_free_memory_start  0x2000'2eec          Data  Gb  tx_initialize_low_level.o [1]
__tx_iar_system_lock_internal_errors
                        0x2000'2fa0     0x4  Data  Gb  tx_iar.o [7]
__tx_iar_system_lock_isr_caller
                        0x2000'2fa4     0x4  Data  Gb  tx_iar.o [7]
__tx_iar_system_lock_mutexes
                        0x2000'27a4    0xd0  Data  Lc  tx_iar.o [7]
__tx_iar_system_lock_next_free_mutex
                        0x2000'2f98     0x4  Data  Lc  tx_iar.o [7]
__tx_iar_system_lock_no_mutexes
                        0x2000'2f9c     0x4  Data  Gb  tx_iar.o [7]
__vector_table                  0x0          Data  Gb  startup_TM4C1294.o [1]
__vector_table_0x1c            0x1c          Data  Gb  startup_TM4C1294.o [1]
_call_main                   0x39d9          Code  Gb  cmain.o [4]
_exit                        0x39f5          Code  Gb  cexit.o [4]
_tx_block_pool_created_count
                        0x2000'2f54     0x4  Data  Gb  tx_initialize_high_level.o [7]
_tx_block_pool_created_ptr
                        0x2000'2f50     0x4  Data  Gb  tx_initialize_high_level.o [7]
_tx_block_release            0x24c1    0x6c  Code  Gb  tx_block_release.o [7]
_tx_build_options       0x2000'2f2c     0x4  Data  Gb  tx_thread_initialize.o [7]
_tx_byte_allocate            0x21a1    0xd8  Code  Gb  tx_byte_allocate.o [7]
_tx_byte_pool_cleanup        0x3775    0x88  Code  Gb  tx_byte_pool_cleanup.o [7]
_tx_byte_pool_create         0x2105    0x9c  Code  Gb  tx_byte_pool_create.o [7]
_tx_byte_pool_created_count
                        0x2000'2f5c     0x4  Data  Gb  tx_initialize_high_level.o [7]
_tx_byte_pool_created_ptr
                        0x2000'2f58     0x4  Data  Gb  tx_initialize_high_level.o [7]
_tx_byte_pool_search         0x2ba9   0x124  Code  Gb  tx_byte_pool_search.o [7]
_tx_event_flags_created_count
                        0x2000'2f44     0x4  Data  Gb  tx_initialize_high_level.o [7]
_tx_event_flags_created_ptr
                        0x2000'2f40     0x4  Data  Gb  tx_initialize_high_level.o [7]
_tx_iar_create_per_thread_tls_area
                             0x274d    0x16  Code  Gb  tx_iar.o [7]
_tx_initialize_high_level
                             0x1701    0x84  Code  Gb  tx_initialize_high_level.o [7]
_tx_initialize_kernel_enter
                              0xed9    0x4c  Code  Gb  tx_initialize_kernel_enter.o [7]
_tx_initialize_low_level
                             0x168d          Code  Gb  tx_initialize_low_level.o [1]
_tx_initialize_unused_memory
                        0x2000'2f60     0x4  Data  Gb  tx_initialize_high_level.o [7]
_tx_mutex_cleanup            0x3589    0x7a  Code  Gb  tx_mutex_cleanup.o [7]
_tx_mutex_create             0x2455    0x6c  Code  Gb  tx_mutex_create.o [7]
_tx_mutex_created_count
                        0x2000'2f4c     0x4  Data  Gb  tx_initialize_high_level.o [7]
_tx_mutex_created_ptr   0x2000'2f48     0x4  Data  Gb  tx_initialize_high_level.o [7]
_tx_mutex_delete             0x2efd    0xb4  Code  Gb  tx_mutex_delete.o [7]
_tx_mutex_get                0x1875   0x118  Code  Gb  tx_mutex_get.o [7]
_tx_mutex_prioritize         0x2951    0xb0  Code  Gb  tx_mutex_prioritize.o [7]
_tx_mutex_priority_change
                             0x2861    0xf0  Code  Gb  tx_mutex_priority_change.o [7]
_tx_mutex_put                0x198d   0x220  Code  Gb  tx_mutex_put.o [7]
_tx_mutex_thread_release
                             0x3605    0x40  Code  Gb  tx_mutex_cleanup.o [7]
_tx_queue_cleanup            0x3651    0x94  Code  Gb  tx_queue_cleanup.o [7]
_tx_queue_create             0x23d1    0x84  Code  Gb  tx_queue_create.o [7]
_tx_queue_created_count
                        0x2000'2f3c     0x4  Data  Gb  tx_initialize_high_level.o [7]
_tx_queue_created_ptr   0x2000'2f38     0x4  Data  Gb  tx_initialize_high_level.o [7]
_tx_queue_receive            0x1d75   0x1ec  Code  Gb  tx_queue_receive.o [7]
_tx_queue_send               0x1f61   0x164  Code  Gb  tx_queue_send.o [7]
_tx_semaphore_created_count
                        0x2000'2f34     0x4  Data  Gb  tx_initialize_high_level.o [7]
_tx_semaphore_created_ptr
                        0x2000'2f30     0x4  Data  Gb  tx_initialize_high_level.o [7]
_tx_thread_create            0x2279   0x158  Code  Gb  tx_thread_create.o [7]
_tx_thread_created_count
                        0x2000'2f14     0x4  Data  Gb  tx_thread_initialize.o [7]
_tx_thread_created_ptr  0x2000'2f10     0x4  Data  Gb  tx_thread_initialize.o [7]
_tx_thread_current_ptr  0x2000'2f08     0x4  Data  Gb  tx_thread_initialize.o [7]
_tx_thread_execute_ptr  0x2000'2f0c     0x4  Data  Gb  tx_thread_initialize.o [7]
_tx_thread_highest_priority
                        0x2000'2f20     0x4  Data  Gb  tx_thread_initialize.o [7]
_tx_thread_initialize        0x25e5    0x88  Code  Gb  tx_thread_initialize.o [7]
_tx_thread_mutex_release
                        0x2000'2f28     0x4  Data  Gb  tx_thread_initialize.o [7]
_tx_thread_preempt_disable
                        0x2000'2f24     0x4  Data  Gb  tx_thread_initialize.o [7]
_tx_thread_preempted_maps
                        0x2000'2f1c     0x4  Data  Gb  tx_thread_initialize.o [7]
_tx_thread_priority_list
                        0x2000'2c0c    0x80  Data  Gb  tx_thread_initialize.o [7]
_tx_thread_priority_maps
                        0x2000'2f18     0x4  Data  Gb  tx_thread_initialize.o [7]
_tx_thread_schedule          0x17d5          Code  Gb  tx_thread_schedule.o [7]
_tx_thread_shell_entry       0x37fd    0x78  Code  Gb  tx_thread_shell_entry.o [7]
_tx_thread_sleep              0xfed    0x90  Code  Gb  tx_thread_sleep.o [7]
_tx_thread_stack_build       0x2ccd          Code  Gb  tx_thread_stack_build.o [7]
_tx_thread_system_preempt_check
                             0x20c5    0x40  Code  Gb  tx_thread_system_preempt_check.o [7]
_tx_thread_system_resume
                             0x2a01   0x144  Code  Gb  tx_thread_system_resume.o [7]
_tx_thread_system_stack_ptr
                        0x2000'2f04     0x4  Data  Gb  tx_thread_initialize.o [7]
_tx_thread_system_state
                        0x2000'0000     0x4  Data  Gb  tx_thread_initialize.o [7]
_tx_thread_system_suspend
                             0x1bad   0x1c8  Code  Gb  tx_thread_system_suspend.o [7]
_tx_thread_time_slice        0x2d35    0x68  Code  Gb  tx_thread_time_slice.o [7]
_tx_thread_timeout           0x38e1    0x38  Code  Gb  tx_thread_timeout.o [7]
_tx_timer_created_count
                        0x2000'2f80     0x4  Data  Gb  tx_timer_initialize.o [7]
_tx_timer_created_ptr   0x2000'2f7c     0x4  Data  Gb  tx_timer_initialize.o [7]
_tx_timer_current_ptr   0x2000'2f74     0x4  Data  Gb  tx_timer_initialize.o [7]
_tx_timer_expiration_process
                             0x2d11    0x24  Code  Gb  tx_timer_expiration_process.o [7]
_tx_timer_expired       0x2000'2f78     0x4  Data  Gb  tx_timer_initialize.o [7]
_tx_timer_expired_time_slice
                        0x2000'2f68     0x4  Data  Gb  tx_timer_initialize.o [7]
_tx_timer_expired_timer_ptr
                        0x2000'2f84     0x4  Data  Gb  tx_timer_initialize.o [7]
_tx_timer_initialize         0x266d    0xe0  Code  Gb  tx_timer_initialize.o [7]
_tx_timer_interrupt          0x252d          Code  Gb  tx_timer_interrupt.o [7]
_tx_timer_list          0x2000'2c8c    0x80  Data  Gb  tx_timer_initialize.o [7]
_tx_timer_list_end      0x2000'2f70     0x4  Data  Gb  tx_timer_initialize.o [7]
_tx_timer_list_start    0x2000'2f6c     0x4  Data  Gb  tx_timer_initialize.o [7]
_tx_timer_priority      0x2000'2f90     0x4  Data  Gb  tx_timer_initialize.o [7]
_tx_timer_stack_size    0x2000'2f8c     0x4  Data  Gb  tx_timer_initialize.o [7]
_tx_timer_stack_start   0x2000'2f88     0x4  Data  Gb  tx_timer_initialize.o [7]
_tx_timer_system_activate
                             0x2b45    0x64  Code  Gb  tx_timer_system_activate.o [7]
_tx_timer_system_clock  0x2000'2f64     0x4  Data  Gb  tx_timer_initialize.o [7]
_tx_timer_system_deactivate
                             0x2fb1    0x2e  Code  Gb  tx_timer_system_deactivate.o [7]
_tx_timer_thread        0x2000'2b54    0xb8  Data  Gb  tx_timer_initialize.o [7]
_tx_timer_thread_entry       0x3459   0x130  Code  Gb  tx_timer_thread_entry.o [7]
_tx_timer_thread_stack_area
                        0x2000'23a4   0x400  Data  Gb  tx_timer_initialize.o [7]
_tx_timer_time_slice    0x2000'2f94     0x4  Data  Gb  tx_timer_initialize.o [7]
_txe_block_release           0x1655    0x30  Code  Gb  txe_block_release.o [7]
_txe_byte_allocate           0x12a5    0x98  Code  Gb  txe_byte_allocate.o [7]
_txe_byte_pool_create        0x11cd    0xd8  Code  Gb  txe_byte_pool_create.o [7]
_txe_mutex_create            0x1589    0xcc  Code  Gb  txe_mutex_create.o [7]
_txe_mutex_get                0xf25    0x7c  Code  Gb  txe_mutex_get.o [7]
_txe_mutex_put                0xfa1    0x4c  Code  Gb  txe_mutex_put.o [7]
_txe_queue_create            0x1499    0xf0  Code  Gb  txe_queue_create.o [7]
_txe_queue_receive           0x110d    0x60  Code  Gb  txe_queue_receive.o [7]
_txe_queue_send              0x116d    0x60  Code  Gb  txe_queue_send.o [7]
_txe_thread_create           0x133d   0x15c  Code  Gb  txe_thread_create.o [7]
byte_pool_0             0x2000'2e74    0x34  Data  Gb  main.o [1]
byte_pool_memory        0x2000'0004  0x23a0  Data  Gb  main.o [1]
elevador                      0x4bd   0x382  Code  Gb  main.o [1]
exit                         0x39ef     0x4  Code  Gb  exit.o [2]
g_pppui32XTALtoVCO           0x32a8   0x1b0  Data  Lc  system_TM4C1294.o [1]
g_pui32GPIOBaseAddrs         0x36e4    0x90  Data  Lc  gpio.o [3]
g_pui32VCOFrequencies        0x3b5c     0x8  Data  Lc  system_TM4C1294.o [1]
g_pui32Xtals                 0x3874    0x6c  Data  Lc  system_TM4C1294.o [1]
g_sXTALtoMEMTIM              0x3950    0x30  Data  Lc  system_TM4C1294.o [1]
main                          0x415    0x22  Code  Gb  main.o [1]
mtx                     0x2000'2edc    0x10  Data  Lc  xsyslock_mtx.o [6]
mutex_uart              0x2000'2ea8    0x34  Data  Gb  main.o [1]
num_andar_para_char           0x437    0x86  Code  Gb  main.o [1]
queue_interna_centro    0x2000'2dfc    0x3c  Data  Gb  main.o [1]
queue_interna_direita   0x2000'2e38    0x3c  Data  Gb  main.o [1]
queue_interna_esquerda  0x2000'2dc0    0x3c  Data  Gb  main.o [1]
queue_uart_centro       0x2000'2d48    0x3c  Data  Gb  main.o [1]
queue_uart_direita      0x2000'2d84    0x3c  Data  Gb  main.o [1]
queue_uart_esquerda     0x2000'2d0c    0x3c  Data  Gb  main.o [1]
thread_1                0x2000'2874    0xb8  Data  Gb  main.o [1]
thread_2                0x2000'292c    0xb8  Data  Gb  main.o [1]
thread_3                0x2000'29e4    0xb8  Data  Gb  main.o [1]
thread_main             0x2000'2a9c    0xb8  Data  Gb  main.o [1]
tx_application_define         0x8ff   0x1e8  Code  Gb  main.o [1]
uart_receive                  0x83f    0xc0  Code  Gb  main.o [1]


[1] = D:\Faculdade\Embarcados\ELF74\relefererx_ELF74\ELF74\relefererx_ELF74\Projeto\Debug\Obj
[2] = dl7M_tln.a
[3] = driverlib.a
[4] = rt7M_tl.a
[5] = shb_l.a
[6] = th7M_tln.a
[7] = tx.a

   14'152 bytes of readonly  code memory
    1'056 bytes of readonly  data memory
  110'512 bytes of readwrite data memory

Errors: none
Warnings: none
