###############################################################################
#
# IAR ELF Linker V9.20.4.327/W64 for ARM                  04/Dec/2022  20:27:57
# Copyright 2007-2022 IAR Systems AB.
#
#    Output file  =
#        C:\Users\relef\Downloads\mariaAzolin_ELF74-main\mariaAzolin_ELF74-main\Lab6\Debug\Exe\Lab6.out
#    Map file     =
#        C:\Users\relef\Downloads\mariaAzolin_ELF74-main\mariaAzolin_ELF74-main\Lab6\Debug\List\Lab6.map
#    Command line =
#        -f
#        C:\Users\relef\Downloads\mariaAzolin_ELF74-main\mariaAzolin_ELF74-main\Lab6\Debug\Exe\Lab6.out.rsp
#        (C:\Users\relef\Downloads\mariaAzolin_ELF74-main\TivaWare_C_Series-2.2.0.295\driverlib\ewarm\Exe\driverlib.a
#        C:\Users\relef\Downloads\mariaAzolin_ELF74-main\mariaAzolin_ELF74-main\Lab6\Debug\Obj\src\main.o
#        C:\Users\relef\Downloads\mariaAzolin_ELF74-main\mariaAzolin_ELF74-main\Lab6\Debug\Obj\src\startup_TM4C1294.o
#        C:\Users\relef\Downloads\mariaAzolin_ELF74-main\mariaAzolin_ELF74-main\Lab6\Debug\Obj\src\system_TM4C1294.o
#        C:\Users\relef\Downloads\mariaAzolin_ELF74-main\ThreadX\ports\cortex_m4\iar\example_build\Debug\Exe\tx.a
#        C:\Users\relef\Downloads\mariaAzolin_ELF74-main\mariaAzolin_ELF74-main\Lab6\Debug\Obj\src\tx_initialize_low_level.o
#        --no_out_extension -o
#        C:\Users\relef\Downloads\mariaAzolin_ELF74-main\mariaAzolin_ELF74-main\Lab6\Debug\Exe\Lab6.out
#        --redirect _Printf=_PrintfFullNoMb --redirect _Scanf=_ScanfFullNoMb
#        --map
#        C:\Users\relef\Downloads\mariaAzolin_ELF74-main\mariaAzolin_ELF74-main\Lab6\Debug\List\Lab6.map
#        --config "D:\Program Files\IAR Systems\Embedded Workbench
#        9.0\arm\config\linker\TexasInstruments\TM4C1294NC.icf" --semihosting
#        --entry __iar_program_start --vfe --threaded_lib --text_out locale)
#
###############################################################################

*******************************************************************************
*** RUNTIME MODEL ATTRIBUTES
***

CppFlavor       = *
__CPP_Runtime   = 1
__Heap_Handler  = Basic
__SystemLibrary = DLib
__dlib_version  = 6


*******************************************************************************
*** HEAP SELECTION
***

The basic heap was selected because some modules are built with
size limitations (and not runtime checking), and --advanced_heap
was not specified.


*******************************************************************************
*** PLACEMENT SUMMARY
***

"A0":  place at address 0x0 { ro section .intvec };
"P1":  place in [from 0x0 to 0xf'ffff] { ro };
define block CSTACK with size = 32K, alignment = 8 { };
define block HEAP with size = 64K, alignment = 8 { };
"P2":  place in [from 0x2000'0000 to 0x2003'ffff] {
          rw, block CSTACK, block HEAP };
initialize by copy { rw };

  Section            Kind         Address      Size  Object
  -------            ----         -------      ----  ------
"A0":                                         0x3c0
  .intvec            ro code          0x0     0x3c0  startup_TM4C1294.o [1]
                                  - 0x3c0     0x3c0

"P1":                                        0x2a08
  .text              ro code        0x3c0     0x34c  main.o [1]
  .text              ro code        0x70c     0x1e0  gpio.o [3]
  .text              ro code        0x8ec      0x90  tx_thread_sleep.o [7]
  .text              ro code        0x97c      0x7c  txe_mutex_get.o [7]
  .text              ro code        0x9f8      0x4c  txe_mutex_put.o [7]
  .text              ro code        0xa44      0x48  sysctl.o [3]
  .text              ro code        0xa8c      0x4c  tx_initialize_kernel_enter.o [7]
  .text              ro code        0xad8      0xd8  txe_byte_pool_create.o [7]
  .text              ro code        0xbb0      0x98  txe_byte_allocate.o [7]
  .text              ro code        0xc48     0x15c  txe_thread_create.o [7]
  .text              ro code        0xda4      0xcc  txe_mutex_create.o [7]
  .text              ro code        0xe70     0x1c8  tx_thread_system_suspend.o [7]
  .text              ro code       0x1038     0x118  tx_mutex_get.o [7]
  .text              ro code       0x1150     0x220  tx_mutex_put.o [7]
  .text              ro code       0x1370      0x74  tx_initialize_low_level.o [1]
  .text              ro code       0x13e4      0x84  tx_initialize_high_level.o [7]
  .text              ro code       0x1468      0x50  xsyslock_mtx.o [6]
  .text              ro code       0x14b8      0xa0  tx_thread_schedule.o [7]
  .text              ro code       0x1558      0x40  tx_thread_system_preempt_check.o [7]
  .text              ro code       0x1598      0x9c  tx_byte_pool_create.o [7]
  .text              ro code       0x1634      0xd8  tx_byte_allocate.o [7]
  .text              ro code       0x170c     0x158  tx_thread_create.o [7]
  .text              ro code       0x1864      0x6c  tx_mutex_create.o [7]
  .text              ro code       0x18d0      0x64  tx_timer_system_activate.o [7]
  .text              ro code       0x1934      0xf0  tx_mutex_priority_change.o [7]
  .text              ro code       0x1a24      0xb0  tx_mutex_prioritize.o [7]
  .text              ro code       0x1ad4     0x144  tx_thread_system_resume.o [7]
  .text              ro code       0x1c18      0xb8  tx_timer_interrupt.o [7]
  .text              ro code       0x1cd0      0x88  tx_thread_initialize.o [7]
  .text              ro code       0x1d58      0xe0  tx_timer_initialize.o [7]
  .text              ro code       0x1e38     0x114  tx_iar.o [7]
  .text              ro code       0x1f4c      0x66  ABImemset.o [4]
  .text              ro code       0x1fb2      0x2a  copy_init3.o [4]
  .text              ro code       0x1fdc     0x124  tx_byte_pool_search.o [7]
  .text              ro code       0x2100      0x44  tx_thread_stack_build.o [7]
  .text              ro code       0x2144      0x2e  tx_timer_system_deactivate.o [7]
  .text              ro code       0x2172       0x2  startup_TM4C1294.o [1]
  .text              ro code       0x2174      0x24  tx_timer_expiration_process.o [7]
  .text              ro code       0x2198      0x68  tx_thread_time_slice.o [7]
  .text              ro code       0x2200      0x3c  tlsinit.o [6]
  .text              ro code       0x223c     0x124  heap0.o [2]
  .text              ro code       0x2360      0xb4  tx_mutex_delete.o [7]
  .text              ro code       0x2414      0xa6  ABImemcpy.o [4]
  .text              ro code       0x24bc       0x6  ABImemclr.o [4]
  .text              ro code       0x24c4      0x2c  xgetmemchunk.o [2]
  .text              ro code       0x24f0     0x1ec  system_TM4C1294.o [1]
  .rodata            const         0x26dc     0x1b0  system_TM4C1294.o [1]
  .text              ro code       0x288c     0x130  tx_timer_thread_entry.o [7]
  .text              ro code       0x29bc      0xc8  tx_mutex_cleanup.o [7]
  .text              ro code       0x2a84      0x88  tx_byte_pool_cleanup.o [7]
  .text              ro code       0x2b0c      0x78  tx_thread_shell_entry.o [7]
  .rodata            const         0x2b84      0x6c  system_TM4C1294.o [1]
  .text              ro code       0x2bf0      0x38  tx_thread_timeout.o [7]
  .text              ro code       0x2c28      0x38  zero_init3.o [4]
  .rodata            const         0x2c60      0x30  system_TM4C1294.o [1]
  .text              ro code       0x2c90      0x28  data_init.o [4]
  .iar.init_table    const         0x2cb8      0x24  - Linker created -
  .text              ro code       0x2cdc      0x1e  cmain.o [4]
  .text              ro code       0x2cfa       0x4  low_level_init.o [2]
  .text              ro code       0x2cfe       0x4  exit.o [2]
  .text              ro code       0x2d04       0xe  cexit.o [4]
  .text              ro code       0x2d14      0x14  exit.o [5]
  .text              ro code       0x2d28      0x1c  cstartup_M.o [4]
  .text              ro code       0x2d44      0x14  startup_TM4C1294.o [1]
  .rodata            const         0x2d58      0x18  tx_iar.o [7]
  .rodata            const         0x2d70      0x14  tx_timer_initialize.o [7]
  .rodata            const         0x2d84       0xc  main.o [1]
  .rodata            const         0x2d90       0xc  main.o [1]
  .rodata            const         0x2d9c       0xc  main.o [1]
  .rodata            const         0x2da8       0xc  main.o [1]
  .rodata            const         0x2db4       0x8  main.o [1]
  .rodata            const         0x2dbc       0x8  system_TM4C1294.o [1]
  Initializer bytes  const         0x2dc4       0x4  <for P2-1>
  .text              ro code       0x2dc8       0x0  cstart_clearlocks.o [4]
  .rodata            const         0x2dc8       0x0  zero_init3.o [4]
  .rodata            const         0x2dc8       0x0  copy_init3.o [4]
                                 - 0x2dc8    0x2a08

"P2", part 1 of 3:                              0x4
  P2-1                        0x2000'0000       0x4  <Init block>
    .data            inited   0x2000'0000       0x4  tx_thread_initialize.o [7]
                            - 0x2000'0004       0x4

"P2", part 2 of 3:                           0x2d88
  .bss               zero     0x2000'0004    0x23a0  main.o [1]
  .bss               zero     0x2000'23a4     0x400  tx_timer_initialize.o [7]
  .bss               zero     0x2000'27a4      0xd0  tx_iar.o [7]
  .bss               zero     0x2000'2874      0xb8  main.o [1]
  .bss               zero     0x2000'292c      0xb8  main.o [1]
  .bss               zero     0x2000'29e4      0xb8  main.o [1]
  .bss               zero     0x2000'2a9c      0xb8  tx_timer_initialize.o [7]
  .bss               zero     0x2000'2b54      0x80  tx_thread_initialize.o [7]
  .bss               zero     0x2000'2bd4      0x80  tx_timer_initialize.o [7]
  .bss               zero     0x2000'2c54      0x34  main.o [1]
  .bss               zero     0x2000'2c88      0x34  main.o [1]
  .bss               zero     0x2000'2cbc      0x10  xsyslock_mtx.o [6]
  FREE_MEM           zero     0x2000'2ccc      0x10  tx_initialize_low_level.o [1]
  .bss               zero     0x2000'2cdc       0x8  heap0.o [2]
  .bss               zero     0x2000'2ce4       0x4  tx_thread_initialize.o [7]
  .bss               zero     0x2000'2ce8       0x4  tx_thread_initialize.o [7]
  .bss               zero     0x2000'2cec       0x4  tx_thread_initialize.o [7]
  .bss               zero     0x2000'2cf0       0x4  tx_thread_initialize.o [7]
  .bss               zero     0x2000'2cf4       0x4  tx_thread_initialize.o [7]
  .bss               zero     0x2000'2cf8       0x4  tx_thread_initialize.o [7]
  .bss               zero     0x2000'2cfc       0x4  tx_thread_initialize.o [7]
  .bss               zero     0x2000'2d00       0x4  tx_thread_initialize.o [7]
  .bss               zero     0x2000'2d04       0x4  tx_thread_initialize.o [7]
  .bss               zero     0x2000'2d08       0x4  tx_thread_initialize.o [7]
  .bss               zero     0x2000'2d0c       0x4  tx_thread_initialize.o [7]
  .bss               zero     0x2000'2d10       0x4  tx_initialize_high_level.o [7]
  .bss               zero     0x2000'2d14       0x4  tx_initialize_high_level.o [7]
  .bss               zero     0x2000'2d18       0x4  tx_initialize_high_level.o [7]
  .bss               zero     0x2000'2d1c       0x4  tx_initialize_high_level.o [7]
  .bss               zero     0x2000'2d20       0x4  tx_initialize_high_level.o [7]
  .bss               zero     0x2000'2d24       0x4  tx_initialize_high_level.o [7]
  .bss               zero     0x2000'2d28       0x4  tx_initialize_high_level.o [7]
  .bss               zero     0x2000'2d2c       0x4  tx_initialize_high_level.o [7]
  .bss               zero     0x2000'2d30       0x4  tx_initialize_high_level.o [7]
  .bss               zero     0x2000'2d34       0x4  tx_initialize_high_level.o [7]
  .bss               zero     0x2000'2d38       0x4  tx_initialize_high_level.o [7]
  .bss               zero     0x2000'2d3c       0x4  tx_initialize_high_level.o [7]
  .bss               zero     0x2000'2d40       0x4  tx_initialize_high_level.o [7]
  .bss               zero     0x2000'2d44       0x4  tx_timer_initialize.o [7]
  .bss               zero     0x2000'2d48       0x4  tx_timer_initialize.o [7]
  .bss               zero     0x2000'2d4c       0x4  tx_timer_initialize.o [7]
  .bss               zero     0x2000'2d50       0x4  tx_timer_initialize.o [7]
  .bss               zero     0x2000'2d54       0x4  tx_timer_initialize.o [7]
  .bss               zero     0x2000'2d58       0x4  tx_timer_initialize.o [7]
  .bss               zero     0x2000'2d5c       0x4  tx_timer_initialize.o [7]
  .bss               zero     0x2000'2d60       0x4  tx_timer_initialize.o [7]
  .bss               zero     0x2000'2d64       0x4  tx_timer_initialize.o [7]
  .bss               zero     0x2000'2d68       0x4  tx_timer_initialize.o [7]
  .bss               zero     0x2000'2d6c       0x4  tx_timer_initialize.o [7]
  .bss               zero     0x2000'2d70       0x4  tx_timer_initialize.o [7]
  .bss               zero     0x2000'2d74       0x4  tx_timer_initialize.o [7]
  .bss               zero     0x2000'2d78       0x4  tx_iar.o [7]
  .bss               zero     0x2000'2d7c       0x4  tx_iar.o [7]
  .bss               zero     0x2000'2d80       0x4  tx_iar.o [7]
  .bss               zero     0x2000'2d84       0x4  tx_iar.o [7]
  .bss               zero     0x2000'2d88       0x4  xgetmemchunk.o [2]
                            - 0x2000'2d8c    0x2d88

"P2", part 3 of 3:                         0x1'8004
  .noinit            uninit   0x2000'2d8c       0x4  system_TM4C1294.o [1]
  CSTACK                      0x2000'2d90    0x8000  <Block>
    CSTACK           uninit   0x2000'2d90    0x8000  <Block tail>
  HEAP                        0x2000'ad90  0x1'0000  <Block>
    HEAP             uninit   0x2000'ad90  0x1'0000  <Block tail>
                            - 0x2001'ad90  0x1'8004

Unused ranges:

         From           To      Size
         ----           --      ----
       0x2dc8     0xf'ffff  0xf'd238
  0x2001'ad90  0x2003'ffff  0x2'5270


*******************************************************************************
*** INIT TABLE
***

          Address      Size
          -------      ----
Zero (__iar_zero_init3)
    1 destination range, total size 0x2d88:
          0x2000'0004  0x2d88

Copy (__iar_copy_init3)
    1 source range, total size 0x4:
               0x2dc4     0x4
    1 destination range, total size 0x4:
          0x2000'0000     0x4



*******************************************************************************
*** MODULE SUMMARY
***

    Module                            ro code  ro data  rw data
    ------                            -------  -------  -------
command line/config:
    -----------------------------------------------------------
    Total:

C:\Users\relef\Downloads\mariaAzolin_ELF74-main\mariaAzolin_ELF74-main\Lab6\Debug\Obj\src: [1]
    main.o                                844       56    9'776
    startup_TM4C1294.o                    982
    system_TM4C1294.o                     492      596        4
    tx_initialize_low_level.o             116                16
    -----------------------------------------------------------
    Total:                              2'434      652    9'796

dl7M_tln.a: [2]
    exit.o                                  4
    heap0.o                               292                 8
    low_level_init.o                        4
    xgetmemchunk.o                         44                 4
    -----------------------------------------------------------
    Total:                                344                12

driverlib.a: [3]
    gpio.o                                480
    sysctl.o                               72
    -----------------------------------------------------------
    Total:                                552

rt7M_tl.a: [4]
    ABImemclr.o                             6
    ABImemcpy.o                           166
    ABImemset.o                           102
    cexit.o                                14
    cmain.o                                30
    copy_init3.o                           42
    cstart_clearlocks.o
    cstartup_M.o                           28
    data_init.o                            40
    zero_init3.o                           56
    -----------------------------------------------------------
    Total:                                484

shb_l.a: [5]
    exit.o                                 20
    -----------------------------------------------------------
    Total:                                 20

th7M_tln.a: [6]
    tlsinit.o                              60
    xsyslock_mtx.o                         80                16
    -----------------------------------------------------------
    Total:                                140                16

tx.a: [7]
    tx_byte_allocate.o                    216
    tx_byte_pool_cleanup.o                136
    tx_byte_pool_create.o                 156
    tx_byte_pool_search.o                 292
    tx_iar.o                              276       24      224
    tx_initialize_high_level.o            132                52
    tx_initialize_kernel_enter.o           76
    tx_mutex_cleanup.o                    200
    tx_mutex_create.o                     108
    tx_mutex_delete.o                     180
    tx_mutex_get.o                        280
    tx_mutex_prioritize.o                 176
    tx_mutex_priority_change.o            240
    tx_mutex_put.o                        544
    tx_thread_create.o                    344
    tx_thread_initialize.o                136        4      176
    tx_thread_schedule.o                  160
    tx_thread_shell_entry.o               120
    tx_thread_sleep.o                     144
    tx_thread_stack_build.o                68
    tx_thread_system_preempt_check.o       64
    tx_thread_system_resume.o             324
    tx_thread_system_suspend.o            456
    tx_thread_time_slice.o                104
    tx_thread_timeout.o                    56
    tx_timer_expiration_process.o          36
    tx_timer_initialize.o                 224       20    1'388
    tx_timer_interrupt.o                  184
    tx_timer_system_activate.o            100
    tx_timer_system_deactivate.o           46
    tx_timer_thread_entry.o               304
    txe_byte_allocate.o                   152
    txe_byte_pool_create.o                216
    txe_mutex_create.o                    204
    txe_mutex_get.o                       124
    txe_mutex_put.o                        76
    txe_thread_create.o                   348
    -----------------------------------------------------------
    Total:                              7'002       48    1'840

    Gaps                                    8
    Linker created                                  36   98'304
---------------------------------------------------------------
    Grand Total:                       10'984      736  109'968


*******************************************************************************
*** ENTRY LIST
***

Entry                       Address    Size  Type      Object
-----                       -------    ----  ----      ------
.iar.init_table$$Base        0x2cb8           --   Gb  - Linker created -
.iar.init_table$$Limit       0x2cdc           --   Gb  - Linker created -
?main                        0x2cdd          Code  Gb  cmain.o [4]
Aldata                  0x2000'2cdc     0x8  Data  Lc  heap0.o [2]
CSTACK$$Base            0x2000'2d90           --   Gb  - Linker created -
CSTACK$$Limit           0x2000'ad90           --   Gb  - Linker created -
GPIODirModeSet                0x70d    0x28  Code  Gb  gpio.o [3]
GPIOPadConfigSet              0x735   0x186  Code  Gb  gpio.o [3]
GPIOPinTypeGPIOOutput         0x8c3     0xa  Code  Gb  gpio.o [3]
GPIOPinWrite                  0x8bb     0x8  Code  Gb  gpio.o [3]
HEAP$$Base              0x2000'ad90           --   Gb  - Linker created -
HEAP$$Limit             0x2001'ad90           --   Gb  - Linker created -
PendSV_Handler               0x14d9          Code  Gb  tx_thread_schedule.o [7]
Region$$Table$$Base          0x2cb8           --   Gb  - Linker created -
Region$$Table$$Limit         0x2cdc           --   Gb  - Linker created -
SysCtlPeripheralEnable        0xa67     0x8  Code  Gb  sysctl.o [3]
SysCtlPeripheralReady         0xa45     0x8  Code  Gb  sysctl.o [3]
SysTick_Handler              0x13b7          Code  Gb  tx_initialize_low_level.o [1]
SystemCoreClock         0x2000'2d8c     0x4  Data  Gb  system_TM4C1294.o [1]
SystemInit                   0x255f   0x136  Code  Gb  system_TM4C1294.o [1]
_SysCtlFrequencyGet          0x2511    0x4e  Code  Lc  system_TM4C1294.o [1]
_SysCtlMemTimingGet          0x24f1    0x20  Code  Lc  system_TM4C1294.o [1]
__Vectors                       0x0           --   Gb  startup_TM4C1294.o [1]
__Vectors_End                 0x3c0          Data  Gb  startup_TM4C1294.o [1]
__Vectors_Size {Abs}          0x3c0           --   Gb  startup_TM4C1294.o [1]
__aeabi_memclr               0x24bd          Code  Gb  ABImemclr.o [4]
__aeabi_memcpy               0x2415          Code  Gb  ABImemcpy.o [4]
__aeabi_memcpy4              0x2435          Code  Gb  ABImemcpy.o [4]
__aeabi_memcpy8              0x2435          Code  Gb  ABImemcpy.o [4]
__aeabi_memset               0x1f4d          Code  Gb  ABImemset.o [4]
__basic_free_intern          0x22e9    0x74  Code  Lc  heap0.o [2]
__basic_malloc               0x223d    0x18  Code  Gb  heap0.o [2]
__basic_malloc_intern        0x2255    0x94  Code  Lc  heap0.o [2]
__cexit_clearlocks           0x2d07          Code  Gb  cexit.o [4]
__cmain                      0x2cdd          Code  Gb  cmain.o [4]
__cstart_clearlocks          0x2dc8          Data  Gb  cstart_clearlocks.o [4]
__data_GetMemChunk           0x24c5    0x2c  Code  Gb  xgetmemchunk.o [2]
__data_GetMemChunk::start
                        0x2000'2d88     0x4  Data  Lc  xgetmemchunk.o [2]
__exit                       0x2d15    0x14  Code  Gb  exit.o [5]
__iar_Initlocks              0x149f    0x16  Code  Gb  xsyslock_mtx.o [6]
__iar_Locksyslock_Malloc
                             0x1469     0x6  Code  Gb  xsyslock_mtx.o [6]
__iar_Memset                 0x1f4d          Code  Gb  ABImemset.o [4]
__iar_Memset_word            0x1f55          Code  Gb  ABImemset.o [4]
__iar_Unlocksyslock_Malloc
                             0x146f     0x6  Code  Gb  xsyslock_mtx.o [6]
__iar_clearlocks             0x1475    0x2a  Code  Gb  xsyslock_mtx.o [6]
__iar_copy_init3             0x1fb3    0x2a  Code  Gb  copy_init3.o [4]
__iar_data_init3             0x2c91    0x28  Code  Gb  data_init.o [4]
__iar_init_vfp               0x2d4d          Code  Wk  startup_TM4C1294.o [1]
__iar_program_start          0x2d29          Code  Gb  cstartup_M.o [4]
__iar_system_Mtxdst          0x1eb3     0xa  Code  Gb  tx_iar.o [7]
__iar_system_Mtxinit         0x1e4f    0x64  Code  Gb  tx_iar.o [7]
__iar_system_Mtxlock         0x1ebd    0x3a  Code  Gb  tx_iar.o [7]
__iar_system_Mtxunlock       0x1ef7    0x36  Code  Gb  tx_iar.o [7]
__iar_tls$$DATA$$Length
                                0x0           --   Gb  - Linker created -
__iar_tls$$INIT_DATA$$Base
                                0x0           --   Gb  - Linker created -
__iar_tls$$INIT_DATA$$Length
                                0x0           --   Gb  - Linker created -
__iar_tls_init               0x221d     0xc  Code  Gb  tlsinit.o [6]
__iar_tls_init_no_ctors
                             0x2201    0x1c  Code  Gb  tlsinit.o [6]
__iar_tls_size               0x2229     0x4  Code  Gb  tlsinit.o [6]
__iar_zero_init3             0x2c29    0x38  Code  Gb  zero_init3.o [4]
__low_level_init             0x2cfb     0x4  Code  Gb  low_level_init.o [2]
__tx_PendSVHandler           0x14d9          Code  Gb  tx_thread_schedule.o [7]
__tx_SysTickHandler          0x13b7          Code  Gb  tx_initialize_low_level.o [1]
__tx_free_memory_start  0x2000'2ccc          Data  Gb  tx_initialize_low_level.o [1]
__tx_iar_system_lock_internal_errors
                        0x2000'2d80     0x4  Data  Gb  tx_iar.o [7]
__tx_iar_system_lock_isr_caller
                        0x2000'2d84     0x4  Data  Gb  tx_iar.o [7]
__tx_iar_system_lock_mutexes
                        0x2000'27a4    0xd0  Data  Lc  tx_iar.o [7]
__tx_iar_system_lock_next_free_mutex
                        0x2000'2d78     0x4  Data  Lc  tx_iar.o [7]
__tx_iar_system_lock_no_mutexes
                        0x2000'2d7c     0x4  Data  Gb  tx_iar.o [7]
__vector_table                  0x0          Data  Gb  startup_TM4C1294.o [1]
__vector_table_0x1c            0x1c          Data  Gb  startup_TM4C1294.o [1]
_call_main                   0x2ce9          Code  Gb  cmain.o [4]
_exit                        0x2d05          Code  Gb  cexit.o [4]
_tx_block_pool_created_count
                        0x2000'2d34     0x4  Data  Gb  tx_initialize_high_level.o [7]
_tx_block_pool_created_ptr
                        0x2000'2d30     0x4  Data  Gb  tx_initialize_high_level.o [7]
_tx_build_options       0x2000'2d0c     0x4  Data  Gb  tx_thread_initialize.o [7]
_tx_byte_allocate            0x1635    0xd8  Code  Gb  tx_byte_allocate.o [7]
_tx_byte_pool_cleanup        0x2a85    0x88  Code  Gb  tx_byte_pool_cleanup.o [7]
_tx_byte_pool_create         0x1599    0x9c  Code  Gb  tx_byte_pool_create.o [7]
_tx_byte_pool_created_count
                        0x2000'2d3c     0x4  Data  Gb  tx_initialize_high_level.o [7]
_tx_byte_pool_created_ptr
                        0x2000'2d38     0x4  Data  Gb  tx_initialize_high_level.o [7]
_tx_byte_pool_search         0x1fdd   0x124  Code  Gb  tx_byte_pool_search.o [7]
_tx_event_flags_created_count
                        0x2000'2d24     0x4  Data  Gb  tx_initialize_high_level.o [7]
_tx_event_flags_created_ptr
                        0x2000'2d20     0x4  Data  Gb  tx_initialize_high_level.o [7]
_tx_iar_create_per_thread_tls_area
                             0x1e39    0x16  Code  Gb  tx_iar.o [7]
_tx_initialize_high_level
                             0x13e5    0x84  Code  Gb  tx_initialize_high_level.o [7]
_tx_initialize_kernel_enter
                              0xa8d    0x4c  Code  Gb  tx_initialize_kernel_enter.o [7]
_tx_initialize_low_level
                             0x1371          Code  Gb  tx_initialize_low_level.o [1]
_tx_initialize_unused_memory
                        0x2000'2d40     0x4  Data  Gb  tx_initialize_high_level.o [7]
_tx_mutex_cleanup            0x29bd    0x7a  Code  Gb  tx_mutex_cleanup.o [7]
_tx_mutex_create             0x1865    0x6c  Code  Gb  tx_mutex_create.o [7]
_tx_mutex_created_count
                        0x2000'2d2c     0x4  Data  Gb  tx_initialize_high_level.o [7]
_tx_mutex_created_ptr   0x2000'2d28     0x4  Data  Gb  tx_initialize_high_level.o [7]
_tx_mutex_delete             0x2361    0xb4  Code  Gb  tx_mutex_delete.o [7]
_tx_mutex_get                0x1039   0x118  Code  Gb  tx_mutex_get.o [7]
_tx_mutex_prioritize         0x1a25    0xb0  Code  Gb  tx_mutex_prioritize.o [7]
_tx_mutex_priority_change
                             0x1935    0xf0  Code  Gb  tx_mutex_priority_change.o [7]
_tx_mutex_put                0x1151   0x220  Code  Gb  tx_mutex_put.o [7]
_tx_mutex_thread_release
                             0x2a39    0x40  Code  Gb  tx_mutex_cleanup.o [7]
_tx_queue_created_count
                        0x2000'2d1c     0x4  Data  Gb  tx_initialize_high_level.o [7]
_tx_queue_created_ptr   0x2000'2d18     0x4  Data  Gb  tx_initialize_high_level.o [7]
_tx_semaphore_created_count
                        0x2000'2d14     0x4  Data  Gb  tx_initialize_high_level.o [7]
_tx_semaphore_created_ptr
                        0x2000'2d10     0x4  Data  Gb  tx_initialize_high_level.o [7]
_tx_thread_create            0x170d   0x158  Code  Gb  tx_thread_create.o [7]
_tx_thread_created_count
                        0x2000'2cf4     0x4  Data  Gb  tx_thread_initialize.o [7]
_tx_thread_created_ptr  0x2000'2cf0     0x4  Data  Gb  tx_thread_initialize.o [7]
_tx_thread_current_ptr  0x2000'2ce8     0x4  Data  Gb  tx_thread_initialize.o [7]
_tx_thread_execute_ptr  0x2000'2cec     0x4  Data  Gb  tx_thread_initialize.o [7]
_tx_thread_highest_priority
                        0x2000'2d00     0x4  Data  Gb  tx_thread_initialize.o [7]
_tx_thread_initialize        0x1cd1    0x88  Code  Gb  tx_thread_initialize.o [7]
_tx_thread_mutex_release
                        0x2000'2d08     0x4  Data  Gb  tx_thread_initialize.o [7]
_tx_thread_preempt_disable
                        0x2000'2d04     0x4  Data  Gb  tx_thread_initialize.o [7]
_tx_thread_preempted_maps
                        0x2000'2cfc     0x4  Data  Gb  tx_thread_initialize.o [7]
_tx_thread_priority_list
                        0x2000'2b54    0x80  Data  Gb  tx_thread_initialize.o [7]
_tx_thread_priority_maps
                        0x2000'2cf8     0x4  Data  Gb  tx_thread_initialize.o [7]
_tx_thread_schedule          0x14b9          Code  Gb  tx_thread_schedule.o [7]
_tx_thread_shell_entry       0x2b0d    0x78  Code  Gb  tx_thread_shell_entry.o [7]
_tx_thread_sleep              0x8ed    0x90  Code  Gb  tx_thread_sleep.o [7]
_tx_thread_stack_build       0x2101          Code  Gb  tx_thread_stack_build.o [7]
_tx_thread_system_preempt_check
                             0x1559    0x40  Code  Gb  tx_thread_system_preempt_check.o [7]
_tx_thread_system_resume
                             0x1ad5   0x144  Code  Gb  tx_thread_system_resume.o [7]
_tx_thread_system_stack_ptr
                        0x2000'2ce4     0x4  Data  Gb  tx_thread_initialize.o [7]
_tx_thread_system_state
                        0x2000'0000     0x4  Data  Gb  tx_thread_initialize.o [7]
_tx_thread_system_suspend
                              0xe71   0x1c8  Code  Gb  tx_thread_system_suspend.o [7]
_tx_thread_time_slice        0x2199    0x68  Code  Gb  tx_thread_time_slice.o [7]
_tx_thread_timeout           0x2bf1    0x38  Code  Gb  tx_thread_timeout.o [7]
_tx_timer_created_count
                        0x2000'2d60     0x4  Data  Gb  tx_timer_initialize.o [7]
_tx_timer_created_ptr   0x2000'2d5c     0x4  Data  Gb  tx_timer_initialize.o [7]
_tx_timer_current_ptr   0x2000'2d54     0x4  Data  Gb  tx_timer_initialize.o [7]
_tx_timer_expiration_process
                             0x2175    0x24  Code  Gb  tx_timer_expiration_process.o [7]
_tx_timer_expired       0x2000'2d58     0x4  Data  Gb  tx_timer_initialize.o [7]
_tx_timer_expired_time_slice
                        0x2000'2d48     0x4  Data  Gb  tx_timer_initialize.o [7]
_tx_timer_expired_timer_ptr
                        0x2000'2d64     0x4  Data  Gb  tx_timer_initialize.o [7]
_tx_timer_initialize         0x1d59    0xe0  Code  Gb  tx_timer_initialize.o [7]
_tx_timer_interrupt          0x1c19          Code  Gb  tx_timer_interrupt.o [7]
_tx_timer_list          0x2000'2bd4    0x80  Data  Gb  tx_timer_initialize.o [7]
_tx_timer_list_end      0x2000'2d50     0x4  Data  Gb  tx_timer_initialize.o [7]
_tx_timer_list_start    0x2000'2d4c     0x4  Data  Gb  tx_timer_initialize.o [7]
_tx_timer_priority      0x2000'2d70     0x4  Data  Gb  tx_timer_initialize.o [7]
_tx_timer_stack_size    0x2000'2d6c     0x4  Data  Gb  tx_timer_initialize.o [7]
_tx_timer_stack_start   0x2000'2d68     0x4  Data  Gb  tx_timer_initialize.o [7]
_tx_timer_system_activate
                             0x18d1    0x64  Code  Gb  tx_timer_system_activate.o [7]
_tx_timer_system_clock  0x2000'2d44     0x4  Data  Gb  tx_timer_initialize.o [7]
_tx_timer_system_deactivate
                             0x2145    0x2e  Code  Gb  tx_timer_system_deactivate.o [7]
_tx_timer_thread        0x2000'2a9c    0xb8  Data  Gb  tx_timer_initialize.o [7]
_tx_timer_thread_entry       0x288d   0x130  Code  Gb  tx_timer_thread_entry.o [7]
_tx_timer_thread_stack_area
                        0x2000'23a4   0x400  Data  Gb  tx_timer_initialize.o [7]
_tx_timer_time_slice    0x2000'2d74     0x4  Data  Gb  tx_timer_initialize.o [7]
_txe_byte_allocate            0xbb1    0x98  Code  Gb  txe_byte_allocate.o [7]
_txe_byte_pool_create         0xad9    0xd8  Code  Gb  txe_byte_pool_create.o [7]
_txe_mutex_create             0xda5    0xcc  Code  Gb  txe_mutex_create.o [7]
_txe_mutex_get                0x97d    0x7c  Code  Gb  txe_mutex_get.o [7]
_txe_mutex_put                0x9f9    0x4c  Code  Gb  txe_mutex_put.o [7]
_txe_thread_create            0xc49   0x15c  Code  Gb  txe_thread_create.o [7]
byte_pool_0             0x2000'2c54    0x34  Data  Gb  main.o [1]
byte_pool_memory        0x2000'0004  0x23a0  Data  Gb  main.o [1]
exit                         0x2cff     0x4  Code  Gb  exit.o [2]
g_pppui32XTALtoVCO           0x26dc   0x1b0  Data  Lc  system_TM4C1294.o [1]
g_pui32VCOFrequencies        0x2dbc     0x8  Data  Lc  system_TM4C1294.o [1]
g_pui32Xtals                 0x2b84    0x6c  Data  Lc  system_TM4C1294.o [1]
g_sXTALtoMEMTIM              0x2c60    0x30  Data  Lc  system_TM4C1294.o [1]
loop_wait_led                 0x409    0x20  Code  Gb  main.o [1]
main                          0x51d    0x42  Code  Gb  main.o [1]
mtx                     0x2000'2cbc    0x10  Data  Lc  xsyslock_mtx.o [6]
mutex_0                 0x2000'2c88    0x34  Data  Gb  main.o [1]
schedulerMode                 0x405     0x4  Code  Gb  main.o [1]
thread_1                0x2000'2874    0xb8  Data  Gb  main.o [1]
thread_2                0x2000'292c    0xb8  Data  Gb  main.o [1]
thread_3                0x2000'29e4    0xb8  Data  Gb  main.o [1]
thread_entry                  0x429    0xf4  Code  Gb  main.o [1]
turnOff                       0x3ed    0x18  Code  Gb  main.o [1]
turnOn                        0x3c1    0x2c  Code  Gb  main.o [1]
tx_application_define         0x55f   0x162  Code  Gb  main.o [1]


[1] = C:\Users\relef\Downloads\mariaAzolin_ELF74-main\mariaAzolin_ELF74-main\Lab6\Debug\Obj\src
[2] = dl7M_tln.a
[3] = driverlib.a
[4] = rt7M_tl.a
[5] = shb_l.a
[6] = th7M_tln.a
[7] = tx.a

   10'984 bytes of readonly  code memory
      736 bytes of readonly  data memory
  109'968 bytes of readwrite data memory

Errors: none
Warnings: none
