###############################################################################
#
# IAR ELF Linker V9.10.2.313/W64 for ARM                  26/Oct/2021  23:57:22
# Copyright 2007-2021 IAR Systems AB.
#
#    Output file  =
#        C:\Users\azoli\Documents\UTFPR\mariaAzolin_ELF74\Lab3\Debug\Exe\Lab3.out
#    Map file     =
#        C:\Users\azoli\Documents\UTFPR\mariaAzolin_ELF74\Lab3\Debug\List\Lab3.map
#    Command line =
#        -f
#        C:\Users\azoli\Documents\UTFPR\mariaAzolin_ELF74\Lab3\Debug\Exe\Lab3.out.rsp
#        (C:\Users\azoli\Documents\UTFPR\mariaAzolin_ELF74\Lab3\Debug\Obj\src\histogram.o
#        C:\Users\azoli\Documents\UTFPR\mariaAzolin_ELF74\Lab3\Debug\Obj\src\main.o
#        --no_out_extension -o
#        C:\Users\azoli\Documents\UTFPR\mariaAzolin_ELF74\Lab3\Debug\Exe\Lab3.out
#        --redirect _Printf=_PrintfFullNoMb --redirect _Scanf=_ScanfFullNoMb
#        --map
#        C:\Users\azoli\Documents\UTFPR\mariaAzolin_ELF74\Lab3\Debug\List\Lab3.map
#        --config "C:\Program Files\IAR Systems\Embedded Workbench
#        9.0\arm\CONFIG\generic_cortex.icf" --semihosting --entry
#        __iar_program_start --vfe --text_out locale)
#
###############################################################################

*******************************************************************************
*** RUNTIME MODEL ATTRIBUTES
***

CppFlavor                     = *
__CPP_Exceptions              = Disabled
__CPP_Language                = C++14
__Heap_Handler                = Basic
__SystemLibrary               = DLib
__dlib_dynamic_initialization = normal
__dlib_version                = 6


*******************************************************************************
*** HEAP SELECTION
***

The basic heap was selected because some modules are built with
size limitations (and not runtime checking), and --advanced_heap
was not specified.


*******************************************************************************
*** PLACEMENT SUMMARY
***

"A0":  place at address 0x0 { ro section .intvec };
"P1":  place in [from 0x0 to 0x7'ffff] { ro };
define block CSTACK with size = 1K, alignment = 8 { };
define block PROC_STACK with size = 0, alignment = 8 { };
define block HEAP with size = 2K, alignment = 8 { };
"P2":  place in [from 0x2000'0000 to 0x2000'ffff] {
          rw, block CSTACK, block PROC_STACK, block HEAP };
initialize by copy { rw };

  Section                Kind         Address    Size  Object
  -------                ----         -------    ----  ------
"A0":                                            0x40
  .intvec                ro code          0x0    0x40  vector_table_M.o [5]
                                       - 0x40    0x40

"P1":                                          0x8694
  .rodata                const           0x40  0x4b00  main.o [1]
  .text                  ro code       0x4b40   0xf12  xprintffull_nomb.o [2]
  .text                  ro code       0x5a52    0x2a  copy_init3.o [5]
  .text                  ro code       0x5a7c    0x16  strchr.o [5]
  .text                  ro code       0x5a92     0xa  xsprout.o [2]
  .text                  ro code       0x5a9c    0x40  xfail_s.o [2]
  .text                  ro code       0x5adc    0x36  strlen.o [5]
  .text                  ro code       0x5b12     0x6  iostream_cout.o [3]
  .text                  ro code       0x5b18    0x58  memchr.o [5]
  .text                  ro code       0x5b70    0xa6  ABImemcpy.o [5]
  .text                  ro code       0x5c16     0x2  iostream_cout.o [3]
  .text                  ro code       0x5c18    0x70  frexp.o [4]
  .text                  ro code       0x5c88    0x34  DblCmpLe.o [4]
  .text                  ro code       0x5cbc    0x34  DblCmpGe.o [4]
  .text                  ro code       0x5cf0   0x13a  ldexp.o [4]
  .text                  ro code       0x5e2a     0x2  iostream_cout.o [3]
  .text                  ro code       0x5e2c    0x36  DblToS32.o [4]
  .text                  ro code       0x5e62     0x2  vectortrap_M.o [5]
  .text                  ro code       0x5e64    0x22  S32ToDbl.o [4]
  .rodata                const         0x5e86     0x1  main.o [1]
  .rodata                zero          0x5e87     0x1  main.o [1]
  .text                  ro code       0x5e88   0x24e  DblAddSub.o [4]
  .rodata                const         0x60d6     0x1  unwind_debug.o [6]
  .text                  ro code       0x60d8   0x246  DblDiv.o [4]
  .text                  ro code       0x6320    0x22  DblToU32.o [4]
  .text                  ro code       0x6344    0x1c  U32ToDbl.o [4]
  .text                  ro code       0x6360   0x1aa  DblMul.o [4]
  .text                  ro code       0x650c   0x230  I64DivMod.o [5]
  .text                  ro code       0x673c     0x6  abort.o [2]
  .text                  ro code       0x6744     0x2  I64DivZer.o [5]
  .text                  ro code       0x6748    0x14  exit.o [6]
  .text                  ro code       0x675c    0x7c  iarttio.o [6]
  .text                  ro code       0x67d8     0x8  XShttio.o [2]
  .text                  ro code       0x67e0   0x234  main.o [1]
  .text                  ro code       0x6a14     0x4  main.o [1]
  .text                  ro code       0x6a18     0x6  main.o [1]
  .text                  ro code       0x6a20    0x24  main.o [1]
  .text                  ro code       0x6a44    0x2a  main.o [1]
  .text                  ro code       0x6a6e     0xc  main.o [1]
  .text                  ro code       0x6a7a    0x12  main.o [1]
  .text                  ro code       0x6a8c    0x34  main.o [1]
  .text                  ro code       0x6ac0     0xa  main.o [1]
  .text                  ro code       0x6aca     0xc  main.o [1]
  .text                  ro code       0x6ad6     0xa  main.o [1]
  .text                  ro code       0x6ae0    0x96  main.o [1]
  .text                  ro code       0x6b76     0xa  main.o [1]
  .text                  ro code       0x6b80     0x4  main.o [1]
  .text                  ro code       0x6b84    0x2e  main.o [1]
  .text                  ro code       0x6bb2    0x2e  main.o [1]
  .text                  ro code       0x6be0     0x8  main.o [1]
  .text                  ro code       0x6be8    0x12  main.o [1]
  .text                  ro code       0x6bfc    0x18  main.o [1]
  .text                  ro code       0x6c14     0x8  main.o [1]
  .text                  ro code       0x6c1c    0x7a  main.o [1]
  .text                  ro code       0x6c96    0x3a  main.o [1]
  .text                  ro code       0x6cd0     0xc  main.o [1]
  .text                  ro code       0x6cdc    0x18  main.o [1]
  .text                  ro code       0x6cf4     0xa  cxxabi.o [3]
  .text                  ro code       0x6cfe     0xc  main.o [1]
  .text                  ro code       0x6d0a     0xa  main.o [1]
  .text                  ro code       0x6d14    0x7a  main.o [1]
  .text                  ro code       0x6d8e     0xe  main.o [1]
  .text                  ro code       0x6d9c    0x2a  main.o [1]
  .text                  ro code       0x6dc6    0x28  main.o [1]
  .text                  ro code       0x6dee     0xa  main.o [1]
  .text                  ro code       0x6df8     0x2  main.o [1]
  .text                  ro code       0x6dfa    0x2e  main.o [1]
  .text                  ro code       0x6e28     0x2  main.o [1]
  .text                  ro code       0x6e2a     0x8  main.o [1]
  .text                  ro code       0x6e34    0x18  main.o [1]
  .text                  ro code       0x6e4c     0xa  main.o [1]
  .text                  ro code       0x6e56     0x8  main.o [1]
  .text                  ro code       0x6e5e     0x8  main.o [1]
  .text                  ro code       0x6e66     0x8  main.o [1]
  .text                  ro code       0x6e6e     0x8  main.o [1]
  .text                  ro code       0x6e76     0xe  main.o [1]
  .text                  ro code       0x6e84     0x8  main.o [1]
  .text                  ro code       0x6e8c     0x8  main.o [1]
  .text                  ro code       0x6e94    0x12  main.o [1]
  .text                  ro code       0x6ea6     0x8  main.o [1]
  .text                  ro code       0x6eb0    0xa0  cppinit.o [2]
  .text                  ro code       0x6f50     0x8  main.o [1]
  .text                  ro code       0x6f58    0x12  main.o [1]
  .text                  ro code       0x6f6a    0x18  main.o [1]
  .text                  ro code       0x6f82    0xd6  main.o [1]
  .text                  ro code       0x7058    0x96  ABImemmove.o [5]
  .text                  ro code       0x70ee     0x6  main.o [1]
  .text                  ro code       0x70f4    0x10  main.o [1]
  .text                  ro code       0x7104    0x32  main.o [1]
  .text                  ro code       0x7136    0x12  main.o [1]
  .text                  ro code       0x7148     0xc  main.o [1]
  .text                  ro code       0x7154    0x1c  main.o [1]
  .text                  ro code       0x7170     0x2  main.o [1]
  .text                  ro code       0x7172     0x8  main.o [1]
  .text                  ro code       0x717a     0x2  main.o [1]
  .text                  ro code       0x717c     0xc  main.o [1]
  .text                  ro code       0x7188     0x2  main.o [1]
  .text                  ro code       0x718c    0x28  main.o [1]
  .text                  ro code       0x71b4     0x2  main.o [1]
  .text                  ro code       0x71b6     0x8  main.o [1]
  .text                  ro code       0x71be     0x8  main.o [1]
  .text                  ro code       0x71c6     0x8  main.o [1]
  .text                  ro code       0x71ce     0x2  main.o [1]
  .text                  ro code       0x71d0    0x18  main.o [1]
  .text                  ro code       0x71e8    0x66  ABImemset.o [5]
  .text                  ro code       0x724e    0x18  main.o [1]
  .text                  ro code       0x7266     0xe  main.o [1]
  .text                  ro code       0x7274     0x4  main.o [1]
  .text                  ro code       0x7278     0x2  main.o [1]
  .text                  ro code       0x727a     0x8  main.o [1]
  .text                  ro code       0x7282     0xa  main.o [1]
  .text                  ro code       0x728c     0x2  main.o [1]
  .text                  ro code       0x728e     0x8  main.o [1]
  .text                  ro code       0x7298    0x70  main.o [1]
  .text                  ro code       0x7308     0x4  main.o [1]
  .text                  ro code       0x730c     0x2  main.o [1]
  .text                  ro code       0x730e     0x8  main.o [1]
  .text                  ro code       0x7316     0xe  main.o [1]
  .text                  ro code       0x7324     0x2  main.o [1]
  .text                  ro code       0x7326    0x18  main.o [1]
  .text                  ro code       0x733e     0x2  main.o [1]
  .text                  ro code       0x7340     0xa  delop_0.o [3]
  .text                  ro code       0x734a    0x34  main.o [1]
  .text                  ro code       0x737e    0x1a  main.o [1]
  .text                  ro code       0x7398     0x6  main.o [1]
  .text                  ro code       0x739e    0x12  main.o [1]
  .text                  ro code       0x73b0    0x20  main.o [1]
  .text                  ro code       0x73d0     0x4  heaptramp0.o [2]
  .text                  ro code       0x73d4   0x13c  heap0.o [2]
  .text                  ro code       0x7510    0x24  newop_0.o [3]
  .text                  ro code       0x7534     0x4  main.o [1]
  .text                  ro code       0x7538    0x2c  xgetmemchunk.o [2]
  .text                  ro code       0x7564     0x4  nomemory.o [3]
  .text                  ro code       0x7568   0x1b2  main.o [1]
  .text                  ro code       0x771a     0x8  main.o [1]
  .text                  ro code       0x7722    0x72  main.o [1]
  .text                  ro code       0x7794     0x4  main.o [1]
  .text                  ro code       0x7798     0x8  main.o [1]
  .text                  ro code       0x77a0     0x6  main.o [1]
  .text                  ro code       0x77a6     0x4  main.o [1]
  .text                  ro code       0x77aa     0xa  main.o [1]
  .text                  ro code       0x77b4    0x28  main.o [1]
  .text                  ro code       0x77dc     0xe  main.o [1]
  .text                  ro code       0x77ea     0x8  main.o [1]
  .text                  ro code       0x77f2    0x14  main.o [1]
  .text                  ro code       0x7806     0x4  main.o [1]
  .text                  ro code       0x780a    0x54  main.o [1]
  .text                  ro code       0x785e     0x4  main.o [1]
  .text                  ro code       0x7862    0x18  main.o [1]
  .text                  ro code       0x787a     0x8  main.o [1]
  .text                  ro code       0x7882    0x28  main.o [1]
  .text                  ro code       0x78aa     0xa  main.o [1]
  .text                  ro code       0x78b4    0x14  main.o [1]
  .text                  ro code       0x78c8   0x100  ios.o [3]
  .text                  ro code       0x79c8     0x8  main.o [1]
  .text                  ro code       0x79d0    0x54  main.o [1]
  .text                  ro code       0x7a24     0x8  main.o [1]
  .text                  ro code       0x7a2c     0x4  delop4_0.o [3]
  .text                  ro code       0x7a30    0x48  main.o [1]
  .text                  ro code       0x7a78    0x46  main.o [1]
  .text                  ro code       0x7abe   0x19c  main.o [1]
  .text                  ro code       0x7c5a    0xa0  main.o [1]
  .text                  ro code       0x7cfa    0x9c  main.o [1]
  .text                  ro code       0x7d98    0x24  main.o [1]
  .text                  ro code       0x7dbc     0x8  main.o [1]
  .text                  ro code       0x7dc4    0x28  main.o [1]
  .text                  ro code       0x7dec     0x4  main.o [1]
  .text                  ro code       0x7df0    0x18  main.o [1]
  .text                  ro code       0x7e08     0x8  main.o [1]
  .text                  ro code       0x7e10     0xc  main.o [1]
  .text                  ro code       0x7e1c    0x90  iostream_cout.o [3]
  .text                  ro code       0x7eac    0x5c  iostream_cout.o [3]
  .text                  ro code       0x7f08    0x80  main.o [1]
  .text                  ro code       0x7f88    0x64  histogram.o [1]
  .text                  ro code       0x7fec    0x7c  main.o [1]
  .text                  ro code       0x8068    0x22  main.o [1]
  .text                  ro code       0x808a    0x6c  main.o [1]
  .text                  ro code       0x80f8    0x60  main.o [1]
  .text                  ro code       0x8158    0x40  sprintf.o [2]
  .text                  ro code       0x8198    0x5e  iostream_cout.o [3]
  .text                  ro code       0x81f6    0x52  main.o [1]
  .text                  ro code       0x8248    0x32  main.o [1]
  .rodata                const         0x827c    0x44  iostream_cout.o [3]
  .rodata                const         0x82c0    0x44  iostream_cout.o [3]
  .text                  ro code       0x8304    0x38  iostream_cout.o [3]
  .text                  ro code       0x833c    0x20  putchar.o [2]
  .text                  ro code       0x835c    0x10  write.o [6]
  .text                  ro code       0x836c    0x1e  dwrite.o [6]
  .text                  ro code       0x838a    0x20  iarwstd.o [6]
  .text                  ro code       0x83aa    0x22  iarwrite.o [6]
  .text                  ro code       0x83cc    0x38  zero_init3.o [5]
  .rodata                const         0x8404    0x30  main.o [1]
  .rodata                const         0x8434    0x30  main.o [1]
  .rodata                const         0x8464    0x28  iostream_cout.o [3]
  .text                  ro code       0x848c    0x28  data_init.o [5]
  .rodata                const         0x84b4    0x24  main.o [1]
  .rodata                const         0x84d8    0x24  main.o [1]
  .text                  ro code       0x84fc    0x24  main.o [1]
  .text                  ro code       0x8520    0x18  main.o [1]
  .iar.init_table        const         0x8538    0x28  - Linker created -
  .text                  ro code       0x8560    0x20  cmain_call_ctors.o [5]
  .text                  ro code       0x8580    0x1e  cmain.o [5]
  .text                  ro code       0x859e     0x4  low_level_init.o [2]
  .text                  ro code       0x85a2     0x4  exit.o [2]
  .text                  ro code       0x85a8     0xe  cexit.o [5]
  .text                  ro code       0x85b8    0x1c  cstartup_M.o [5]
  .text                  ro code       0x85d4    0x18  main.o [1]
  .text                  ro code       0x85ec    0x18  main.o [1]
  .text                  ro code       0x8604     0x4  delaop_0.o [3]
  .text                  ro code       0x8608    0x14  iostream_cout.o [3]
  .rodata                const         0x861c    0x10  main.o [1]
  .rodata                const         0x862c    0x10  main.o [1]
  .rodata                const         0x863c    0x10  main.o [1]
  .rodata                const         0x864c    0x10  ios.o [3]
  .rodata                const         0x865c    0x10  iostream_cout.o [3]
  .text                  ro code       0x866c     0xe  main.o [1]
  .text                  ro code       0x867a     0x8  main.o [1]
  .text                  ro code       0x8682     0xe  iostream_cout.o [3]
  .rodata                const         0x8690     0xc  main.o [1]
  .text                  ro code       0x869c     0xa  main.o [1]
  .rodata                const         0x86a8     0x8  main.o [1]
  .rodata                const         0x86b0     0x8  main.o [1]
  SHT$$PREINIT_ARRAY                   0x86b8     0x4  <Block>
    .preinit_array       const         0x86b8     0x4  iostream_cout.o [3]
  SHT$$INIT_ARRAY                      0x86bc     0x4  <Block>
    .init_array          const         0x86bc     0x4  ios.o [3]
  __iar_tls$$INIT_ARRAY                0x86c0     0x0  <Block>
  Initializer bytes      const         0x86c0     0x8  <for P2-1>
  .rodata                const         0x86c8     0x4  main.o [1]
  .text                  ro code       0x86cc     0x4  main.o [1]
  .text                  ro code       0x86d0     0x4  iostream_cout.o [3]
  .text                  ro code       0x86d4     0x0  cstart_call_dtors.o [5]
  .rodata                const         0x86d4     0x0  zero_init3.o [5]
  .rodata                const         0x86d4     0x0  copy_init3.o [5]
                                     - 0x86d4  0x8694

"P2", part 1 of 3:                                0x8
  P2-1                            0x2000'0000     0x8  <Init block>
    .data                inited   0x2000'0000     0x8  XShttio.o [2]
                                - 0x2000'0008     0x8

"P2", part 2 of 3:                               0xf0
  .bss                   zero     0x2000'0008    0x70  iostream_cout.o [3]
  .bss                   zero     0x2000'0078    0x34  ios.o [3]
  .bss                   zero     0x2000'00ac    0x14  main.o [1]
  .bss                   zero     0x2000'00c0    0x10  ios.o [3]
  .bss                   zero     0x2000'00d0     0x8  heap0.o [2]
  .bss                   zero     0x2000'00d8     0x4  main.o [1]
  .bss                   zero     0x2000'00dc     0x4  main.o [1]
  .bss                   zero     0x2000'00e0     0x4  cppinit.o [2]
  .bss                   zero     0x2000'00e4     0x4  cppinit.o [2]
  .bss                   zero     0x2000'00e8     0x4  new.o [3]
  .bss                   zero     0x2000'00ec     0x4  xfail_s.o [2]
  .bss                   zero     0x2000'00f0     0x4  xgetmemchunk.o [2]
  .bss                   zero     0x2000'00f4     0x1  main.o [1]
  .bss                   zero     0x2000'00f5     0x1  main.o [1]
  .bss                   zero     0x2000'00f6     0x1  main.o [1]
                                - 0x2000'00f7    0xef

"P2", part 3 of 3:                              0xda8
  .iar.dynexit                    0x2000'00f8   0x1a4  <Block>
    .iar.dynexit         uninit   0x2000'00f8     0xc  cppinit.o [2]
    .iar.dynexit         uninit   0x2000'0104   0x198  <Block tail>
  CSTACK                          0x2000'02a0   0x400  <Block>
    CSTACK               uninit   0x2000'02a0   0x400  <Block tail>
  HEAP                            0x2000'06a0   0x800  <Block>
    HEAP                 uninit   0x2000'06a0   0x800  <Block tail>
                                - 0x2000'0ea0   0xda8

Unused ranges:

         From           To      Size
         ----           --      ----
       0x86d4     0x7'ffff  0x7'792c
  0x2000'0ea0  0x2000'ffff    0xf160


*******************************************************************************
*** INIT TABLE
***

          Address      Size
          -------      ----
Zero (__iar_zero_init3)
    1 destination range, total size 0xef:
          0x2000'0008  0xef

Copy (__iar_copy_init3)
    1 source range, total size 0x8:
               0x86c0   0x8
    1 destination range, total size 0x8:
          0x2000'0000   0x8

Extra (__iar_cstart_call_ctors)



*******************************************************************************
*** MODULE SUMMARY
***

    Module               ro code  ro data  rw data
    ------               -------  -------  -------
command line/config:
    ----------------------------------------------
    Total:

C:\Users\azoli\Documents\UTFPR\mariaAzolin_ELF74\Lab3\Debug\Obj\src: [1]
    histogram.o              100
    main.o                 5'348   19'449       32
    ----------------------------------------------
    Total:                 5'448   19'449       32

dl7M_tln.a: [2]
    XShttio.o                  8        8        8
    abort.o                    6
    cppinit.o                160                20
    exit.o                     4
    heap0.o                  316                 8
    heaptramp0.o               4
    low_level_init.o           4
    putchar.o                 32
    sprintf.o                 64
    xfail_s.o                 64                 4
    xgetmemchunk.o            44                 4
    xprintffull_nomb.o     3'858
    xsprout.o                 10
    ----------------------------------------------
    Total:                 4'574        8       44

dlpp7M_tl_nc.a: [3]
    cxxabi.o                  10
    delaop_0.o                 4
    delop4_0.o                 4
    delop_0.o                 10
    ios.o                    256       20       68
    iostream_cout.o          434      196      112
    new.o                                        4
    newop_0.o                 36
    nomemory.o                 4
    ----------------------------------------------
    Total:                   758      216      184

m7M_tl.a: [4]
    DblAddSub.o              590
    DblCmpGe.o                52
    DblCmpLe.o                52
    DblDiv.o                 582
    DblMul.o                 426
    DblToS32.o                54
    DblToU32.o                34
    S32ToDbl.o                34
    U32ToDbl.o                28
    frexp.o                  112
    ldexp.o                  314
    ----------------------------------------------
    Total:                 2'278

rt7M_tl.a: [5]
    ABImemcpy.o              166
    ABImemmove.o             150
    ABImemset.o              102
    I64DivMod.o              560
    I64DivZer.o                2
    cexit.o                   14
    cmain.o                   30
    cmain_call_ctors.o        32
    copy_init3.o              42
    cstart_call_dtors.o
    cstartup_M.o              28
    data_init.o               40
    memchr.o                  88
    strchr.o                  22
    strlen.o                  54
    vector_table_M.o          64
    vectortrap_M.o             2
    zero_init3.o              56
    ----------------------------------------------
    Total:                 1'452

shb_l.a: [6]
    dwrite.o                  30
    exit.o                    20
    iarttio.o                124
    iarwrite.o                34
    iarwstd.o                 32
    unwind_debug.o                      1
    write.o                   16
    ----------------------------------------------
    Total:                   256        1

    Gaps                      31        4
    Linker created                     40    3'480
--------------------------------------------------
    Grand Total:          14'797   19'718    3'740


*******************************************************************************
*** ENTRY LIST
***

Entry                       Address    Size  Type      Object
-----                       -------    ----  ----      ------
.iar.dynexit$$Base      0x2000'00f8           --   Gb  - Linker created -
.iar.dynexit$$Limit     0x2000'029c           --   Gb  - Linker created -
.iar.init_table$$Base        0x8538           --   Gb  - Linker created -
.iar.init_table$$Limit       0x8560           --   Gb  - Linker created -
?main                        0x8581          Code  Gb  cmain.o [5]
Aldata                  0x2000'00d0     0x8  Data  Lc  heap0.o [2]
BusFault_Handler             0x5e63          Code  Wk  vectortrap_M.o [5]
CSTACK$$Base            0x2000'02a0           --   Gb  - Linker created -
CSTACK$$Limit           0x2000'06a0           --   Gb  - Linker created -
DebugMon_Handler             0x5e63          Code  Wk  vectortrap_M.o [5]
DtorRecArray            0x2000'00f8     0xc  Data  Lc  cppinit.o [2]
EightBitHistogram            0x7fb9          Code  Gb  histogram.o [1]
HEAP$$Base              0x2000'06a0           --   Gb  - Linker created -
HEAP$$Limit             0x2000'0ea0           --   Gb  - Linker created -
HardFault_Handler            0x5e63          Code  Wk  vectortrap_M.o [5]
Initialization guard variable for std::ctype<char> const & std::use_facet<std::ctype<char>>()::_MyFacet
                        0x2000'00f6     0x1  Data  Gb  main.o [1]
Initialization guard variable for std::num_put<char, std::ostreambuf_iterator<char, std::char_traits<char>>> const & std::use_facet<std::num_put<char, std::ostreambuf_iterator<char, std::char_traits<char>>>>()::_MyFacet
                        0x2000'00f4     0x1  Data  Gb  main.o [1]
Initialization guard variable for std::numpunct<char> const & std::use_facet<std::numpunct<char>>()::_MyFacet
                        0x2000'00f5     0x1  Data  Gb  main.o [1]
MemManage_Handler            0x5e63          Code  Wk  vectortrap_M.o [5]
NMI_Handler                  0x5e63          Code  Wk  vectortrap_M.o [5]
PendSV_Handler               0x5e63          Code  Wk  vectortrap_M.o [5]
Region$$Table$$Base          0x8538           --   Gb  - Linker created -
Region$$Table$$Limit         0x8560           --   Gb  - Linker created -
SHT$$INIT_ARRAY$$Base        0x86bc           --   Gb  - Linker created -
SHT$$INIT_ARRAY$$Limit       0x86c0           --   Gb  - Linker created -
SHT$$PREINIT_ARRAY$$Base
                             0x86b8           --   Gb  - Linker created -
SHT$$PREINIT_ARRAY$$Limit
                             0x86bc           --   Gb  - Linker created -
SVC_Handler                  0x5e63          Code  Wk  vectortrap_M.o [5]
SysTick_Handler              0x5e63          Code  Wk  vectortrap_M.o [5]
UsageFault_Handler           0x5e63          Code  Wk  vectortrap_M.o [5]
Virtual function table for std::_Wrap_facet<std::ctype<char>>
                             0x862c    0x10  Data  Gb  main.o [1]
Virtual function table for std::_Wrap_facet<std::num_put<char, std::ostreambuf_iterator<char, std::char_traits<char>>>>
                             0x8434    0x30  Data  Gb  main.o [1]
Virtual function table for std::_Wrap_facet<std::numpunct<char>>
                             0x84d8    0x24  Data  Gb  main.o [1]
Virtual function table for std::__nobasic_filebuf<char, std::char_traits<char>>
                             0x82c0    0x44  Data  Gb  iostream_cout.o [3]
Virtual function table for std::ctype<char>
                             0x861c    0x10  Data  Gb  main.o [1]
Virtual function table for std::ios
                             0x865c    0x10  Data  Gb  iostream_cout.o [3]
Virtual function table for std::ios_base
                             0x864c    0x10  Data  Gb  ios.o [3]
Virtual function table for std::num_put<char, std::ostreambuf_iterator<char, std::char_traits<char>>>
                             0x8404    0x30  Data  Gb  main.o [1]
Virtual function table for std::numpunct<char>
                             0x84b4    0x24  Data  Gb  main.o [1]
Virtual function table for std::ostream
                             0x8464    0x28  Data  Gb  iostream_cout.o [3]
Virtual function table for std::streambuf
                             0x827c    0x44  Data  Gb  iostream_cout.o [3]
[local to ios_cpp]::std::stdopens
                        0x2000'0078     0xc  Data  Lc  ios.o [3]
[local to ios_cpp]::std::stdstr
                        0x2000'0084    0x28  Data  Lc  ios.o [3]
[local to iostream_cout_cpp]::std::__iarcoutguard
                        0x2000'0034     0x1  Data  Lc  iostream_cout.o [3]
[local to iostream_cout_cpp]::std::fout
                        0x2000'0038    0x40  Data  Lc  iostream_cout.o [3]
_LitobFullNoMb               0x5859   0x10c  Code  Lc  xprintffull_nomb.o [2]
_PrintfFullNoMb              0x4b41   0xcea  Code  Gb  xprintffull_nomb.o [2]
_PutcharFullNoMb             0x59bd    0x20  Code  Lc  xprintffull_nomb.o [2]
_PutcharsFullNoMb            0x59dd    0x2e  Code  Lc  xprintffull_nomb.o [2]
_SProut                      0x5a93     0xa  Code  Gb  xsprout.o [2]
__aeabi_atexit               0x6cf5     0xa  Code  Gb  cxxabi.o [3]
__aeabi_cdcmple              0x5c89          Code  Gb  DblCmpLe.o [4]
__aeabi_cdrcmple             0x5cbd          Code  Gb  DblCmpGe.o [4]
__aeabi_d2iz                 0x5e2d          Code  Gb  DblToS32.o [4]
__aeabi_d2uiz                0x6321          Code  Gb  DblToU32.o [4]
__aeabi_ddiv                 0x60d9          Code  Gb  DblDiv.o [4]
__aeabi_dmul                 0x6361          Code  Gb  DblMul.o [4]
__aeabi_dsub                 0x5ff5          Code  Gb  DblAddSub.o [4]
__aeabi_i2d                  0x5e65          Code  Gb  S32ToDbl.o [4]
__aeabi_ldiv0                0x6745          Code  Gb  I64DivZer.o [5]
__aeabi_memcpy               0x5b71          Code  Gb  ABImemcpy.o [5]
__aeabi_memcpy4              0x5b91          Code  Gb  ABImemcpy.o [5]
__aeabi_memcpy8              0x5b91          Code  Gb  ABImemcpy.o [5]
__aeabi_memmove              0x7059          Code  Gb  ABImemmove.o [5]
__aeabi_memmove4             0x7059          Code  Gb  ABImemmove.o [5]
__aeabi_memmove8             0x7059          Code  Gb  ABImemmove.o [5]
__aeabi_memset               0x71e9          Code  Gb  ABImemset.o [5]
__aeabi_ui2d                 0x6345          Code  Gb  U32ToDbl.o [4]
__aeabi_uldivmod             0x650d          Code  Gb  I64DivMod.o [5]
__basic_free                 0x7481    0x16  Code  Gb  heap0.o [2]
__basic_free_intern          0x7497    0x74  Code  Lc  heap0.o [2]
__basic_malloc               0x73d5    0x18  Code  Gb  heap0.o [2]
__basic_malloc_intern        0x73ed    0x94  Code  Lc  heap0.o [2]
__call_ctors                 0x6eb1    0x18  Code  Gb  cppinit.o [2]
__call_dtors                 0x6eff     0xc  Code  Gb  cppinit.o [2]
__call_dtors0                0x6f0b    0x36  Code  Gb  cppinit.o [2]
__cexit_call_dtors           0x85ab          Code  Gb  cexit.o [5]
__cmain                      0x8581          Code  Gb  cmain.o [5]
__cstart_call_dtors          0x86d4          Data  Gb  cstart_call_dtors.o [5]
__cxa_atexit                 0x6ec9    0x36  Code  Gb  cppinit.o [2]
__data_GetMemChunk           0x7539    0x2c  Code  Gb  xgetmemchunk.o [2]
__data_GetMemChunk::start
                        0x2000'00f0     0x4  Data  Lc  xgetmemchunk.o [2]
__dso_handle            0x2000'00e4     0x4  Data  Gb  cppinit.o [2]
__dwrite                     0x836d    0x1e  Code  Gb  dwrite.o [6]
__exit                       0x6749    0x14  Code  Gb  exit.o [6]
__iar_Fail_s                 0x5a9d    0x1c  Code  Gb  xfail_s.o [2]
__iar_Memchr                 0x5b19          Code  Gb  memchr.o [5]
__iar_Memset                 0x71e9          Code  Gb  ABImemset.o [5]
__iar_Memset_word            0x71f1          Code  Gb  ABImemset.o [5]
__iar_Strchr                 0x5a7d          Code  Gb  strchr.o [5]
__iar_close_ttio             0x675d    0x2c  Code  Gb  iarttio.o [6]
__iar_copy_init3             0x5a53    0x2a  Code  Gb  copy_init3.o [5]
__iar_cstart_call_ctors
                             0x8561    0x20  Code  Gb  cmain_call_ctors.o [5]
__iar_data_init3             0x848d    0x28  Code  Gb  data_init.o [5]
__iar_debug_exceptions       0x60d6     0x1  Data  Gb  unwind_debug.o [6]
__iar_frexp                  0x5c25          Code  Gb  frexp.o [4]
__iar_frexp64                0x5c19          Code  Gb  frexp.o [4]
__iar_frexpl                 0x5c25          Code  Gb  frexp.o [4]
__iar_get_ttio               0x6789    0x4c  Code  Gb  iarttio.o [6]
__iar_ldexp64                0x5cf1          Code  Gb  ldexp.o [4]
__iar_lookup_ttioh           0x67d9     0x8  Code  Gb  XShttio.o [2]
__iar_program_start          0x85b9          Code  Gb  cstartup_M.o [5]
__iar_scalbln64              0x5cf1          Code  Gb  ldexp.o [4]
__iar_scalbn64               0x5cf1          Code  Gb  ldexp.o [4]
__iar_sh_stdout              0x838b    0x20  Code  Gb  iarwstd.o [6]
__iar_sh_write               0x83ab    0x22  Code  Gb  iarwrite.o [6]
__iar_tls$$INIT_ARRAY$$Base
                             0x86c0           --   Gb  - Linker created -
__iar_tls$$INIT_ARRAY$$Limit
                             0x86c0           --   Gb  - Linker created -
__iar_ttio_handles      0x2000'0000     0x8  Data  Lc  XShttio.o [2]
__iar_zero_init3             0x83cd    0x38  Code  Gb  zero_init3.o [5]
__low_level_init             0x859f     0x4  Code  Gb  low_level_init.o [2]
__sti__routine               0x78cb     0xa  Code  Lc  ios.o [3]
__sti__routine               0x7e1d    0x90  Code  Lc  iostream_cout.o [3]
__vector_table                  0x0          Data  Gb  vector_table_M.o [5]
__write                      0x835d    0x10  Code  Gb  write.o [6]
_call_main                   0x858d          Code  Gb  cmain.o [5]
_exit                        0x85a9          Code  Gb  cexit.o [5]
abort                        0x673d     0x6  Code  Gb  abort.o [2]
char * && std::forward<char *>(std::remove_reference<char *>::type &)
                             0x7325     0x2  Code  Gb  main.o [1]
char * std::_Addressof<char>(char &, std::integral_constant<bool, (bool)0>)
                             0x717b     0x2  Code  Gb  main.o [1]
char * std::_Allocate<char>(unsigned int, char *, bool)
                             0x739f    0x12  Code  Gb  main.o [1]
char * std::_Maklocstr<char>(char const *, char *)
                             0x734b    0x34  Code  Gb  main.o [1]
char * std::addressof<char>(char &)
                             0x6e6f     0x8  Code  Gb  main.o [1]
char std::_Maklocchr<char>(char, char *)
                             0x7309     0x4  Code  Gb  main.o [1]
const std::allocator<char>& && std::forward<const std::allocator<char>&>(std::remove_reference<const std::allocator<char>&>::type &)
                             0x7279     0x2  Code  Gb  main.o [1]
exit                         0x85a3     0x4  Code  Gb  exit.o [2]
free                         0x73d1     0x4  Code  Gb  heaptramp0.o [2]
frexp                        0x5c19          Code  Gb  frexp.o [4]
frexpl                       0x5c19          Code  Gb  frexp.o [4]
image1                         0x40  0x4b00  Data  Lc  main.o [1]
ldexp                        0x5cf1          Code  Gb  ldexp.o [4]
ldexpl                       0x5cf1          Code  Gb  ldexp.o [4]
main                         0x7f09    0x80  Code  Gb  main.o [1]
memchr                       0x5b19          Code  Gb  memchr.o [5]
next_abi_dtor_rec       0x2000'00e0     0x4  Data  Lc  cppinit.o [2]
operator delete (void *)
                             0x7341     0xa  Code  Gb  delop_0.o [3]
operator delete (void *, unsigned int)
                             0x7a2d     0x4  Code  Gb  delop4_0.o [3]
operator delete[] (void *)
                             0x8605     0x4  Code  Gb  delaop_0.o [3]
operator new (unsigned int)
                             0x7511    0x24  Code  Gb  newop_0.o [3]
operator new (unsigned int, void *)
                             0x7535     0x4  Code  Gb  main.o [1]
putchar                      0x833d    0x20  Code  Gb  putchar.o [2]
scalbln                      0x5cf1          Code  Gb  ldexp.o [4]
scalblnl                     0x5cf1          Code  Gb  ldexp.o [4]
scalbn                       0x5cf1          Code  Gb  ldexp.o [4]
scalbnl                      0x5cf1          Code  Gb  ldexp.o [4]
scale                        0x5965    0x46  Code  Lc  xprintffull_nomb.o [2]
sec_hand                0x2000'00ec     0x4  Data  Lc  xfail_s.o [2]
sprintf                      0x8159    0x40  Code  Gb  sprintf.o [2]
std::_Compressed_pair<std::_Wrap_alloc<std::allocator<char>>, std::_String_val<std::_Simple_types<char>>, (bool)1>::_Compressed_pair<const std::allocator<char>&, >(std::_One_then_variadic_args_t, const std::allocator<char>& &&,  &&...)
                             0x7155    0x1c  Code  Gb  main.o [1]
std::_Compressed_pair<std::_Wrap_alloc<std::allocator<char>>, std::_String_val<std::_Simple_types<char>>, (bool)1>::_Get_first()
                             0x7171     0x2  Code  Gb  main.o [1]
std::_Compressed_pair<std::_Wrap_alloc<std::allocator<char>>, std::_String_val<std::_Simple_types<char>>, (bool)1>::_Get_first() const
                             0x730d     0x2  Code  Gb  main.o [1]
std::_Compressed_pair<std::_Wrap_alloc<std::allocator<char>>, std::_String_val<std::_Simple_types<char>>, (bool)1>::_Get_second()
                             0x7189     0x2  Code  Gb  main.o [1]
std::_Compressed_pair<std::_Wrap_alloc<std::allocator<char>>, std::_String_val<std::_Simple_types<char>>, (bool)1>::_Get_second() const
                             0x71b5     0x2  Code  Gb  main.o [1]
std::_Fpz               0x2000'00c0    0x10  Data  Gb  ios.o [3]
std::_NomemoryNothrow()
                             0x7565     0x4  Code  Gb  nomemory.o [3]
std::_String_alloc<std::_String_base_types<char, std::allocator<char>>>::_Bx()
                             0x6e57     0x8  Code  Gb  main.o [1]
std::_String_alloc<std::_String_base_types<char, std::allocator<char>>>::_Get_data()
                             0x6e8d     0x8  Code  Gb  main.o [1]
std::_String_alloc<std::_String_base_types<char, std::allocator<char>>>::_Get_data() const
                             0x6f51     0x8  Code  Gb  main.o [1]
std::_String_alloc<std::_String_base_types<char, std::allocator<char>>>::_Getal()
                             0x6e5f     0x8  Code  Gb  main.o [1]
std::_String_alloc<std::_String_base_types<char, std::allocator<char>>>::_Getal() const
                             0x71b7     0x8  Code  Gb  main.o [1]
std::_String_alloc<std::_String_base_types<char, std::allocator<char>>>::_Myptr()
                             0x6cd1     0xc  Code  Gb  main.o [1]
std::_String_alloc<std::_String_base_types<char, std::allocator<char>>>::_Myptr() const
                             0x6cff     0xc  Code  Gb  main.o [1]
std::_String_alloc<std::_String_base_types<char, std::allocator<char>>>::_Myres()
                             0x6e4d     0xa  Code  Gb  main.o [1]
std::_String_alloc<std::_String_base_types<char, std::allocator<char>>>::_Mysize()
                             0x6d0b     0xa  Code  Gb  main.o [1]
std::_String_alloc<std::_String_base_types<char, std::allocator<char>>>::_Mysize() const
                             0x6def     0xa  Code  Gb  main.o [1]
std::_String_alloc<std::_String_base_types<char, std::allocator<char>>>::_String_alloc(const std::allocator<char>&)
                             0x6e35    0x18  Code  Gb  main.o [1]
std::_String_alloc<std::_String_base_types<char, std::allocator<char>>>::_String_alloc(const std::allocator<char>&) [subobject]
                             0x6c15     0x8  Code  Gb  main.o [1]
std::_String_val<std::_Simple_types<char>>::_Myptr()
                             0x6e95    0x12  Code  Gb  main.o [1]
std::_String_val<std::_Simple_types<char>>::_Myptr() const
                             0x6f59    0x12  Code  Gb  main.o [1]
std::_String_val<std::_Simple_types<char>>::_String_val()
                             0x7283     0xa  Code  Gb  main.o [1]
std::_Wrap_alloc<std::allocator<char>>::_Wrap_alloc(const std::allocator<char>&)
                             0x733f     0x2  Code  Gb  main.o [1]
std::_Wrap_alloc<std::allocator<char>>::_Wrap_alloc(const std::allocator<char>&) [subobject]
                             0x727b     0x8  Code  Gb  main.o [1]
std::_Wrap_alloc<std::allocator<char>>::allocate(unsigned int)
                             0x71c7     0x8  Code  Gb  main.o [1]
std::_Wrap_alloc<std::allocator<char>>::deallocate(char *, unsigned int)
                             0x6e85     0x8  Code  Gb  main.o [1]
std::_Wrap_alloc<std::allocator<char>>::max_size(std::_Nil) const
                             0x71bf     0x8  Code  Gb  main.o [1]
std::_Wrap_facet<std::ctype<char>>::_Wrap_facet()
                             0x6bfd    0x18  Code  Gb  main.o [1]
std::_Wrap_facet<std::num_put<char, std::ostreambuf_iterator<char, std::char_traits<char>>>>::_Wrap_facet()
                             0x7df1    0x18  Code  Gb  main.o [1]
std::_Wrap_facet<std::numpunct<char>>::_Wrap_facet()
                             0x6cdd    0x18  Code  Gb  main.o [1]
std::_Wrap_facet<std::numpunct<char>>::~_Wrap_facet()
                             0x866d     0xe  Code  Gb  main.o [1]
std::__iar_New_hand     0x2000'00e8     0x4  Data  Gb  new.o [3]
std::__iar_cout_guard::~__iar_cout_guard()
                             0x8609    0x14  Code  Gb  iostream_cout.o [3]
std::__nobasic_filebuf<char, std::char_traits<char>>::__nobasic_filebuf()
                             0x7ead    0x5c  Code  Gb  iostream_cout.o [3]
std::__nobasic_filebuf<char, std::char_traits<char>>::overflow(int)
                             0x8305    0x38  Code  Gb  iostream_cout.o [3]
std::allocator<char>::allocate(unsigned int)
                             0x7317     0xe  Code  Gb  main.o [1]
std::allocator<char>::deallocate(char *, unsigned int)
                             0x717d     0xc  Code  Gb  main.o [1]
std::allocator<char>::max_size() const
                             0x7399     0x6  Code  Gb  main.o [1]
std::allocator_traits<std::allocator<char>>::max_size(const std::allocator<char>&)
                             0x730f     0x8  Code  Gb  main.o [1]
std::char_traits<char>::assign(char &, char const &)
                             0x70ef     0x6  Code  Gb  main.o [1]
std::char_traits<char>::assign(char *, unsigned int, char)
                             0x70f5    0x10  Code  Gb  main.o [1]
std::char_traits<char>::copy(char *, char const *, unsigned int)
                             0x6e77     0xe  Code  Gb  main.o [1]
std::char_traits<char>::eq_int_type(int const &, int const &)
                             0x7137    0x12  Code  Gb  main.o [1]
std::char_traits<char>::length(char const *)
                             0x771b     0x8  Code  Gb  main.o [1]
std::char_traits<char>::move(char *, char const *, unsigned int)
                             0x6d8f     0xe  Code  Gb  main.o [1]
std::char_traits<char>::to_int_type(char const &)
                             0x7275     0x4  Code  Gb  main.o [1]
std::cout               0x2000'0008    0x2c  Data  Gb  iostream_cout.o [3]
std::ctype<char> const & std::use_facet<std::ctype<char>>()
                             0x6a21    0x24  Code  Gb  main.o [1]
std::ctype<char> const & std::use_facet<std::ctype<char>>()::_MyFacet
                        0x2000'00dc     0x4  Data  Gb  main.o [1]
std::ctype<char>::ctype()
                             0x7149     0xc  Code  Gb  main.o [1]
std::ctype<char>::ctype() [subobject]
                             0x6e2b     0x8  Code  Gb  main.o [1]
std::ctype<char>::widen(char const *, char const *, char *) const
                             0x6a7b    0x12  Code  Gb  main.o [1]
std::ios::clear(std::_Iosb<int>::_Iostate, bool)
                             0x7863    0x18  Code  Gb  main.o [1]
std::ios::fill() const       0x77a1     0x6  Code  Gb  main.o [1]
std::ios::rdbuf() const
                             0x77a7     0x4  Code  Gb  main.o [1]
std::ios::setstate(std::_Iosb<int>::_Iostate, bool)
                             0x77b5    0x28  Code  Gb  main.o [1]
std::ios::tie() const        0x7807     0x4  Code  Gb  main.o [1]
std::ios_base::_Addstd(std::ios_base*)
                             0x7935    0x32  Code  Gb  ios.o [3]
std::ios_base::_Callfns(std::ios_base::event)
                             0x7919    0x1c  Code  Gb  ios.o [3]
std::ios_base::_Init()       0x7975    0x1c  Code  Gb  ios.o [3]
std::ios_base::_Tidy()       0x7991    0x38  Code  Gb  ios.o [3]
std::ios_base::clear(std::_Iosb<int>::_Iostate, bool)
                             0x78d5    0x20  Code  Gb  ios.o [3]
std::ios_base::flags() const
                             0x6a15     0x4  Code  Gb  main.o [1]
std::ios_base::good() const
                             0x77f3    0x14  Code  Gb  main.o [1]
std::ios_base::rdstate() const
                             0x785f     0x4  Code  Gb  main.o [1]
std::ios_base::width() const
                             0x6b81     0x4  Code  Gb  main.o [1]
std::ios_base::width(int)
                             0x6be1     0x8  Code  Gb  main.o [1]
std::ios_base::~ios_base()
                             0x78f5    0x24  Code  Gb  ios.o [3]
std::ios_base::~ios_base() [subobject]
                             0x78c9     0x2  Code  Gb  ios.o [3]
std::num_put<char, std::ostreambuf_iterator<char, std::char_traits<char>>> const & std::use_facet<std::num_put<char, std::ostreambuf_iterator<char, std::char_traits<char>>>>()
                             0x7d99    0x24  Code  Gb  main.o [1]
std::num_put<char, std::ostreambuf_iterator<char, std::char_traits<char>>> const & std::use_facet<std::num_put<char, std::ostreambuf_iterator<char, std::char_traits<char>>>>()::_MyFacet
                        0x2000'00d8     0x4  Data  Gb  main.o [1]
std::num_put<char, std::ostreambuf_iterator<char, std::char_traits<char>>>::_Ifmt(char *, char const *, std::_Iosb<int>::_Fmtflags) const
                             0x7c5b    0xa0  Code  Gb  main.o [1]
std::num_put<char, std::ostreambuf_iterator<char, std::char_traits<char>>>::_Iput(std::ostreambuf_iterator<char, std::char_traits<char>>, std::ios_base &, char, char *, unsigned int) const
                             0x67e1   0x234  Code  Gb  main.o [1]
std::num_put<char, std::ostreambuf_iterator<char, std::char_traits<char>>>::_Put(std::ostreambuf_iterator<char, std::char_traits<char>>, char const *, unsigned int) const
                             0x6bb3    0x2e  Code  Gb  main.o [1]
std::num_put<char, std::ostreambuf_iterator<char, std::char_traits<char>>>::_Rep(std::ostreambuf_iterator<char, std::char_traits<char>>, char, unsigned int) const
                             0x6b85    0x2e  Code  Gb  main.o [1]
std::num_put<char, std::ostreambuf_iterator<char, std::char_traits<char>>>::do_put(std::ostreambuf_iterator<char, std::char_traits<char>>, std::ios_base &, char, unsigned long) const
                             0x80f9    0x60  Code  Gb  main.o [1]
std::num_put<char, std::ostreambuf_iterator<char, std::char_traits<char>>>::do_put(std::ostreambuf_iterator<char, std::char_traits<char>>, std::ios_base &, char, unsigned long) const::string
                             0x86c8     0x4  Data  Gb  main.o [1]
std::num_put<char, std::ostreambuf_iterator<char, std::char_traits<char>>>::num_put()
                             0x7e11     0xc  Code  Gb  main.o [1]
std::num_put<char, std::ostreambuf_iterator<char, std::char_traits<char>>>::num_put() [subobject]
                             0x7e09     0x8  Code  Gb  main.o [1]
std::num_put<char, std::ostreambuf_iterator<char, std::char_traits<char>>>::put(std::ostreambuf_iterator<char, std::char_traits<char>>, std::ios_base &, char, unsigned long) const
                             0x7dc5    0x28  Code  Gb  main.o [1]
std::numpunct<char> const & std::use_facet<std::numpunct<char>>()
                             0x6a8d    0x34  Code  Gb  main.o [1]
std::numpunct<char> const & std::use_facet<std::numpunct<char>>()::_MyFacet
                        0x2000'00ac    0x14  Data  Gb  main.o [1]
std::numpunct<char>::_Init(bool)
                             0x7299    0x70  Code  Gb  main.o [1]
std::numpunct<char>::_Init(bool)::string
                             0x5e86     0x1  Data  Gb  main.o [1]
std::numpunct<char>::_Init(bool)::string (instance 2)
                             0x86a8     0x8  Data  Gb  main.o [1]
std::numpunct<char>::_Init(bool)::string (instance 3)
                             0x86b0     0x8  Data  Gb  main.o [1]
std::numpunct<char>::_Tidy()
                             0x85ed    0x18  Code  Gb  main.o [1]
std::numpunct<char>::do_grouping() const
                             0x869d     0xa  Code  Gb  main.o [1]
std::numpunct<char>::do_thousands_sep() const
                             0x86cd     0x4  Code  Gb  main.o [1]
std::numpunct<char>::grouping() const
                             0x6ac1     0xa  Code  Gb  main.o [1]
std::numpunct<char>::numpunct()
                             0x718d    0x28  Code  Gb  main.o [1]
std::numpunct<char>::numpunct() [subobject]
                             0x6ea7     0x8  Code  Gb  main.o [1]
std::numpunct<char>::thousands_sep() const
                             0x6ad7     0xa  Code  Gb  main.o [1]
std::numpunct<char>::~numpunct()
                             0x85d5    0x18  Code  Gb  main.o [1]
std::numpunct<char>::~numpunct() [subobject]
                             0x867b     0x8  Code  Gb  main.o [1]
std::operator &(std::_Iosb<int>::_Fmtflags, std::_Iosb<int>::_Fmtflags)
                             0x6a19     0x6  Code  Gb  main.o [1]
std::operator |=(std::_Iosb<int>::_Iostate &, std::_Iosb<int>::_Iostate)
                             0x7799     0x8  Code  Gb  main.o [1]
std::ostream & std::operator <<<std::char_traits<char>>(std::ostream &, char const *)
                             0x7569   0x1b2  Code  Gb  main.o [1]
std::ostream & std::operator <<<std::char_traits<char>>(std::ostream &, char)
                             0x7abf   0x19c  Code  Gb  main.o [1]
std::ostream::_Flush_sentry::_Flush_sentry(std::ostream&)
                             0x7883    0x28  Code  Gb  main.o [1]
std::ostream::_Flush_sentry::_Flush_sentry(std::ostream&) [subobject]
                             0x77eb     0x8  Code  Gb  main.o [1]
std::ostream::_Flush_sentry::operator bool() const
                             0x7795     0x4  Code  Gb  main.o [1]
std::ostream::_Flush_sentry::~_Flush_sentry()
                             0x78b5    0x14  Code  Gb  main.o [1]
std::ostream::_Flush_sentry::~_Flush_sentry() [subobject]
                             0x787b     0x8  Code  Gb  main.o [1]
std::ostream::_Osfx()        0x79d1    0x54  Code  Gb  main.o [1]
std::ostream::_Sentry_base::_Sentry_base(std::ostream&)
                             0x7a31    0x48  Code  Gb  main.o [1]
std::ostream::_Sentry_base::_Sentry_base(std::ostream&) [subobject]
                             0x79c9     0x8  Code  Gb  main.o [1]
std::ostream::_Sentry_base::~_Sentry_base()
                             0x7a79    0x46  Code  Gb  main.o [1]
std::ostream::_Sentry_base::~_Sentry_base() [subobject]
                             0x7a25     0x8  Code  Gb  main.o [1]
std::ostream::flush()        0x780b    0x54  Code  Gb  main.o [1]
std::ostream::operator <<(unsigned short)
                             0x7cfb    0x9c  Code  Gb  main.o [1]
std::ostream::sentry::sentry(std::ostream&)
                             0x7723    0x72  Code  Gb  main.o [1]
std::ostream::sentry::~sentry()
                             0x77dd     0xe  Code  Gb  main.o [1]
std::ostream::~basic_ostream()
                             0x8683     0xe  Code  Gb  iostream_cout.o [3]
std::ostreambuf_iterator<char, std::char_traits<char>>::failed() const
                             0x7ded     0x4  Code  Gb  main.o [1]
std::ostreambuf_iterator<char, std::char_traits<char>>::operator *()
                             0x6df9     0x2  Code  Gb  main.o [1]
std::ostreambuf_iterator<char, std::char_traits<char>>::operator ++()
                             0x6e29     0x2  Code  Gb  main.o [1]
std::ostreambuf_iterator<char, std::char_traits<char>>::operator =(char)
                             0x6dfb    0x2e  Code  Gb  main.o [1]
std::ostreambuf_iterator<char, std::char_traits<char>>::ostreambuf_iterator(std::streambuf *)
                             0x7dbd     0x8  Code  Gb  main.o [1]
std::remove_reference<char *&>::type && std::move<char *&>(char *& &&)
                             0x71cf     0x2  Code  Gb  main.o [1]
std::streambuf::_Lock()
                             0x5c17     0x2  Code  Gb  iostream_cout.o [3]
std::streambuf::_Pnavail() const
                             0x724f    0x18  Code  Gb  main.o [1]
std::streambuf::_Pninc()
                             0x7267     0xe  Code  Gb  main.o [1]
std::streambuf::_Unlock()
                             0x5e2b     0x2  Code  Gb  iostream_cout.o [3]
std::streambuf::overflow(int)
                             0x5b13     0x6  Code  Gb  iostream_cout.o [3]
std::streambuf::pubsync()
                             0x78ab     0xa  Code  Gb  main.o [1]
std::streambuf::sputc(char)
                             0x7105    0x32  Code  Gb  main.o [1]
std::streambuf::sputn(char const *, int)
                             0x77ab     0xa  Code  Gb  main.o [1]
std::streambuf::sync()       0x86d1     0x4  Code  Gb  iostream_cout.o [3]
std::streambuf::xsputn(char const *, int)
                             0x8199    0x5e  Code  Gb  iostream_cout.o [3]
std::string::_Chassign(unsigned int, unsigned int, char)
                             0x6d9d    0x2a  Code  Gb  main.o [1]
std::string::_Copy(unsigned int, unsigned int)
                             0x6f83    0xd6  Code  Gb  main.o [1]
std::string::_Eos(unsigned int)
                             0x6dc7    0x28  Code  Gb  main.o [1]
std::string::_Grow(unsigned int, bool)
                             0x6d15    0x7a  Code  Gb  main.o [1]
std::string::_Inside(char const *)
                             0x8249    0x32  Code  Gb  main.o [1]
std::string::_Tidy(bool, unsigned int)
                             0x6c1d    0x7a  Code  Gb  main.o [1]
std::string::assign(char const *)
                             0x8521    0x18  Code  Gb  main.o [1]
std::string::assign(char const *, unsigned int)
                             0x81f7    0x52  Code  Gb  main.o [1]
std::string::assign(const std::string&, unsigned int, unsigned int)
                             0x7fed    0x7c  Code  Gb  main.o [1]
std::string::assign(unsigned int, char)
                             0x6c97    0x3a  Code  Gb  main.o [1]
std::string::basic_string(char const *)
                             0x84fd    0x24  Code  Gb  main.o [1]
std::string::basic_string(unsigned int, char)
                             0x6a45    0x2a  Code  Gb  main.o [1]
std::string::erase(unsigned int)
                             0x8069    0x22  Code  Gb  main.o [1]
std::string::erase(unsigned int, unsigned int)
                             0x808b    0x6c  Code  Gb  main.o [1]
std::string::insert(unsigned int, unsigned int, char)
                             0x6ae1    0x96  Code  Gb  main.o [1]
std::string::max_size() const
                             0x6f6b    0x18  Code  Gb  main.o [1]
std::string::operator [](unsigned int)
                             0x6a6f     0xc  Code  Gb  main.o [1]
std::string::operator [](unsigned int) const
                             0x6acb     0xc  Code  Gb  main.o [1]
std::string::size() const
                             0x6b77     0xa  Code  Gb  main.o [1]
std::string::~basic_string()
                             0x6be9    0x12  Code  Gb  main.o [1]
strchr                       0x5a7d          Code  Gb  strchr.o [5]
strlen                       0x5add          Code  Gb  strlen.o [5]
void std::_Deallocate<char>(char *, unsigned int)
                             0x728f     0x8  Code  Gb  main.o [1]
void std::_Wrap_alloc<std::allocator<char>>::construct<char *, char *>(char * *, char * &&...)
                             0x71d1    0x18  Code  Gb  main.o [1]
void std::_Wrap_alloc<std::allocator<char>>::destroy<char *>(char * *)
                             0x6e67     0x8  Code  Gb  main.o [1]
void std::allocator<char>::construct<char *, char *>(char * *, char * &&...)
                             0x73b1    0x20  Code  Gb  main.o [1]
void std::allocator<char>::destroy<char *>(char * *)
                             0x728d     0x2  Code  Gb  main.o [1]
void std::allocator_traits<std::allocator<char>>::construct<char *, char *>(std::allocator<char>&, char * *, char * &&...)
                             0x7327    0x18  Code  Gb  main.o [1]
void std::allocator_traits<std::allocator<char>>::destroy<char *>(std::allocator<char>&, char * *)
                             0x7173     0x8  Code  Gb  main.o [1]
void std::numpunct<char>::_Getvals<char>(char)
                             0x737f    0x1a  Code  Gb  main.o [1]


[1] = C:\Users\azoli\Documents\UTFPR\mariaAzolin_ELF74\Lab3\Debug\Obj\src
[2] = dl7M_tln.a
[3] = dlpp7M_tl_nc.a
[4] = m7M_tl.a
[5] = rt7M_tl.a
[6] = shb_l.a

  14'797 bytes of readonly  code memory
  19'718 bytes of readonly  data memory
   3'740 bytes of readwrite data memory

Errors: none
Warnings: none
