###############################################################################
#
# IAR ELF Linker V9.10.2.313/W64 for ARM                  21/Nov/2021  16:00:51
# Copyright 2007-2021 IAR Systems AB.
#
#    Output file  =
#        C:\Users\azoli\Documents\UTFPR\mariaAzolin_ELF74\Lab5\Debug\Exe\Lab5.out
#    Map file     =
#        C:\Users\azoli\Documents\UTFPR\mariaAzolin_ELF74\Lab5\Debug\List\Lab5.map
#    Command line =
#        -f
#        C:\Users\azoli\Documents\UTFPR\mariaAzolin_ELF74\Lab5\Debug\Exe\Lab5.out.rsp
#        (C:\Users\azoli\Documents\UTFPR\mariaAzolin_ELF74\Lab5\Debug\Obj\src\cstartup_M.o
#        C:\Users\azoli\Documents\UTFPR\mariaAzolin_ELF74\Lab5\Debug\Obj\src\sample_threadx.o
#        C:\Users\azoli\Documents\UTFPR\Threadx\ports\cortex_m4\iar\example_build\Debug\Exe\tx.a
#        C:\Users\azoli\Documents\UTFPR\mariaAzolin_ELF74\Lab5\Debug\Obj\src\tx_initialize_low_level.o
#        --no_out_extension -o
#        C:\Users\azoli\Documents\UTFPR\mariaAzolin_ELF74\Lab5\Debug\Exe\Lab5.out
#        --redirect _Printf=_PrintfFullNoMb --redirect _Scanf=_ScanfFullNoMb
#        --map
#        C:\Users\azoli\Documents\UTFPR\mariaAzolin_ELF74\Lab5\Debug\List\Lab5.map
#        --config "C:\Program Files\IAR Systems\Embedded Workbench
#        9.0\arm\config\linker\TexasInstruments\TM4C1294NC.icf" --semihosting
#        --entry __iar_program_start --vfe --threaded_lib --text_out locale)
#
###############################################################################

*******************************************************************************
*** RUNTIME MODEL ATTRIBUTES
***

CppFlavor       = *
__Heap_Handler  = Basic
__SystemLibrary = DLib
__dlib_version  = 6


*******************************************************************************
*** HEAP SELECTION
***

The basic heap was selected because some modules are built with
size limitations (and not runtime checking), and --advanced_heap
was not specified.


*******************************************************************************
*** PLACEMENT SUMMARY
***

"A0":  place at address 0x0 { ro section .intvec };
"P1":  place in [from 0x0 to 0xf'ffff] { ro };
define block CSTACK with size = 32K, alignment = 8 { };
define block HEAP with size = 64K, alignment = 8 { };
"P2":  place in [from 0x2000'0000 to 0x2003'ffff] {
          rw, block CSTACK, block HEAP };
initialize by copy { rw };

  Section            Kind         Address      Size  Object
  -------            ----         -------      ----  ------
"A0":                                          0x40
  .intvec            ro code          0x0      0x40  cstartup_M.o [1]
                                   - 0x40      0x40

"P1":                                        0x391c
  .text              ro code         0x40     0x470  sample_threadx.o [1]
  .text              ro code        0x4b0      0x54  tx_initialize_kernel_enter.o [7]
  .text              ro code        0x504      0xe0  txe_byte_pool_create.o [7]
  .text              ro code        0x5e4      0x98  txe_byte_allocate.o [7]
  .text              ro code        0x67c     0x160  txe_thread_create.o [7]
  .text              ro code        0x7dc      0xf8  txe_queue_create.o [7]
  .text              ro code        0x8d4      0xcc  txe_semaphore_create.o [7]
  .text              ro code        0x9a0      0xbc  txe_event_flags_create.o [7]
  .text              ro code        0xa5c      0xd4  txe_mutex_create.o [7]
  .text              ro code        0xb30      0xf4  txe_block_pool_create.o [7]
  .text              ro code        0xc24      0x60  txe_block_allocate.o [7]
  .text              ro code        0xc84      0x30  txe_block_release.o [7]
  .text              ro code        0xcb4      0x94  tx_thread_sleep.o [7]
  .text              ro code        0xd48      0x34  txe_event_flags_set.o [7]
  .text              ro code        0xd7c      0x60  txe_queue_send.o [7]
  .text              ro code        0xddc      0x60  txe_queue_receive.o [7]
  .text              ro code        0xe3c      0x58  txe_semaphore_get.o [7]
  .text              ro code        0xe94      0x20  txe_semaphore_put.o [7]
  .text              ro code        0xeb4      0x70  txe_event_flags_get.o [7]
  .text              ro code        0xf24      0x7c  txe_mutex_get.o [7]
  .text              ro code        0xfa0      0x50  txe_mutex_put.o [7]
  .text              ro code        0xff0      0x74  tx_initialize_low_level.o [1]
  .text              ro code       0x1064      0x84  tx_initialize_high_level.o [7]
  .text              ro code       0x10e8      0x50  xsyslock_mtx.o [6]
  .text              ro code       0x1138      0xa0  tx_thread_schedule.o [7]
  .text              ro code       0x11d8      0x40  tx_thread_system_preempt_check.o [7]
  .text              ro code       0x1218      0xa0  tx_byte_pool_create.o [7]
  .text              ro code       0x12b8      0xf8  tx_byte_allocate.o [7]
  .text              ro code       0x13b0     0x160  tx_thread_create.o [7]
  .text              ro code       0x1510      0x88  tx_queue_create.o [7]
  .text              ro code       0x1598      0x60  tx_semaphore_create.o [7]
  .text              ro code       0x15f8      0x5c  tx_event_flags_create.o [7]
  .text              ro code       0x1654      0x70  tx_mutex_create.o [7]
  .text              ro code       0x16c4      0xb8  tx_block_pool_create.o [7]
  .text              ro code       0x177c      0xb0  tx_block_allocate.o [7]
  .text              ro code       0x182c      0x70  tx_block_release.o [7]
  .text              ro code       0x189c     0x1f0  tx_thread_system_suspend.o [7]
  .text              ro code       0x1a8c     0x238  tx_event_flags_set.o [7]
  .text              ro code       0x1cc4     0x164  tx_queue_send.o [7]
  .text              ro code       0x1e28     0x1f4  tx_queue_receive.o [7]
  .text              ro code       0x201c      0xa0  tx_semaphore_get.o [7]
  .text              ro code       0x20bc      0x74  tx_semaphore_put.o [7]
  .text              ro code       0x2130      0xec  tx_event_flags_get.o [7]
  .text              ro code       0x221c     0x11c  tx_mutex_get.o [7]
  .text              ro code       0x2338     0x234  tx_mutex_put.o [7]
  .text              ro code       0x256c      0xb8  tx_timer_interrupt.o [7]
  .text              ro code       0x2624      0x8c  tx_thread_initialize.o [7]
  .text              ro code       0x26b0      0xf0  tx_timer_initialize.o [7]
  .text              ro code       0x27a0     0x130  tx_iar.o [7]
  .text              ro code       0x28d0      0x66  ABImemset.o [4]
  .text              ro code       0x2936      0x2a  copy_init3.o [4]
  .text              ro code       0x2960     0x120  tx_byte_pool_search.o [7]
  .text              ro code       0x2a80      0x44  tx_thread_stack_build.o [7]
  .text              ro code       0x2ac4     0x158  tx_thread_system_resume.o [7]
  .text              ro code       0x2c1c      0x68  tx_timer_system_activate.o [7]
  .text              ro code       0x2c84      0xf4  tx_mutex_priority_change.o [7]
  .text              ro code       0x2d78      0xb0  tx_mutex_prioritize.o [7]
  .text              ro code       0x2e28      0x28  tx_timer_expiration_process.o [7]
  .text              ro code       0x2e50      0x68  tx_thread_time_slice.o [7]
  .text              ro code       0x2eb8      0x3c  tlsinit.o [6]
  .text              ro code       0x2ef4     0x124  heap0.o [2]
  .text              ro code       0x3018      0xc4  tx_mutex_delete.o [7]
  .text              ro code       0x30dc      0x2e  tx_timer_system_deactivate.o [7]
  .text              ro code       0x310c      0xa6  ABImemcpy.o [4]
  .text              ro code       0x31b4       0x6  ABImemclr.o [4]
  .text              ro code       0x31bc      0x2c  xgetmemchunk.o [2]
  .text              ro code       0x31e8     0x13c  tx_timer_thread_entry.o [7]
  .text              ro code       0x3324      0xd0  tx_mutex_cleanup.o [7]
  .text              ro code       0x33f4      0x98  tx_queue_cleanup.o [7]
  .text              ro code       0x348c      0x90  tx_event_flags_cleanup.o [7]
  .text              ro code       0x351c      0x88  tx_block_pool_cleanup.o [7]
  .text              ro code       0x35a4      0x88  tx_byte_pool_cleanup.o [7]
  .text              ro code       0x362c      0x88  tx_semaphore_cleanup.o [7]
  .text              ro code       0x36b4      0x7c  tx_thread_shell_entry.o [7]
  .text              ro code       0x3730      0x3c  tx_thread_timeout.o [7]
  .text              ro code       0x376c      0x38  zero_init3.o [4]
  .text              ro code       0x37a4      0x28  data_init.o [4]
  .text              ro code       0x37cc      0x22  fpinit_M.o [3]
  .iar.init_table    const         0x37f0      0x24  - Linker created -
  .text              ro code       0x3814      0x1e  cmain.o [4]
  .text              ro code       0x3832       0x4  low_level_init.o [2]
  .text              ro code       0x3836       0x4  exit.o [2]
  .text              ro code       0x383c       0xe  cexit.o [4]
  .text              ro code       0x384c      0x14  exit.o [5]
  .text              ro code       0x3860      0x1c  cstartup_M.o [4]
  .rodata            const         0x387c      0x18  tx_iar.o [7]
  .rodata            const         0x3894      0x14  tx_timer_initialize.o [7]
  .rodata            const         0x38a8      0x10  sample_threadx.o [1]
  .rodata            const         0x38b8      0x10  sample_threadx.o [1]
  .rodata            const         0x38c8       0xc  sample_threadx.o [1]
  .rodata            const         0x38d4       0xc  sample_threadx.o [1]
  .rodata            const         0x38e0       0xc  sample_threadx.o [1]
  .rodata            const         0x38ec       0xc  sample_threadx.o [1]
  .rodata            const         0x38f8       0xc  sample_threadx.o [1]
  .rodata            const         0x3904       0xc  sample_threadx.o [1]
  .rodata            const         0x3910       0xc  sample_threadx.o [1]
  .rodata            const         0x391c       0xc  sample_threadx.o [1]
  .rodata            const         0x3928       0xc  sample_threadx.o [1]
  .rodata            const         0x3934       0xc  sample_threadx.o [1]
  .rodata            const         0x3940       0x8  sample_threadx.o [1]
  .rodata            const         0x3948       0x8  sample_threadx.o [1]
  .text              ro code       0x3950       0x8  cstartup_M.o [1]
  Initializer bytes  const         0x3958       0x4  <for P2-1>
  .text              ro code       0x395c       0x0  cstartup_M.o [1]
  .text              ro code       0x395c       0x0  cstart_clearlocks.o [4]
  .rodata            const         0x395c       0x0  zero_init3.o [4]
  .rodata            const         0x395c       0x0  copy_init3.o [4]
                                 - 0x395c    0x391c

"P2", part 1 of 3:                              0x4
  P2-1                        0x2000'0000       0x4  <Init block>
    .data            inited   0x2000'0000       0x4  tx_thread_initialize.o [7]
                            - 0x2000'0004       0x4

"P2", part 2 of 3:                           0x31fc
  .bss               zero     0x2000'0004    0x23a0  sample_threadx.o [1]
  .bss               zero     0x2000'23a4     0x400  tx_timer_initialize.o [7]
  .bss               zero     0x2000'27a4      0xd0  tx_iar.o [7]
  .bss               zero     0x2000'2874      0xb8  sample_threadx.o [1]
  .bss               zero     0x2000'292c      0xb8  sample_threadx.o [1]
  .bss               zero     0x2000'29e4      0xb8  sample_threadx.o [1]
  .bss               zero     0x2000'2a9c      0xb8  sample_threadx.o [1]
  .bss               zero     0x2000'2b54      0xb8  sample_threadx.o [1]
  .bss               zero     0x2000'2c0c      0xb8  sample_threadx.o [1]
  .bss               zero     0x2000'2cc4      0xb8  sample_threadx.o [1]
  .bss               zero     0x2000'2d7c      0xb8  sample_threadx.o [1]
  .bss               zero     0x2000'2e34      0xb8  tx_timer_initialize.o [7]
  .bss               zero     0x2000'2eec      0x80  tx_thread_initialize.o [7]
  .bss               zero     0x2000'2f6c      0x80  tx_timer_initialize.o [7]
  .bss               zero     0x2000'2fec      0x3c  sample_threadx.o [1]
  .bss               zero     0x2000'3028      0x34  sample_threadx.o [1]
  .bss               zero     0x2000'305c      0x34  sample_threadx.o [1]
  .bss               zero     0x2000'3090      0x30  sample_threadx.o [1]
  .bss               zero     0x2000'30c0      0x28  sample_threadx.o [1]
  .bss               zero     0x2000'30e8      0x20  sample_threadx.o [1]
  .bss               zero     0x2000'3108      0x10  xsyslock_mtx.o [6]
  FREE_MEM           zero     0x2000'3118      0x10  tx_initialize_low_level.o [1]
  .bss               zero     0x2000'3128       0x8  heap0.o [2]
  .bss               zero     0x2000'3130       0x4  sample_threadx.o [1]
  .bss               zero     0x2000'3134       0x4  sample_threadx.o [1]
  .bss               zero     0x2000'3138       0x4  sample_threadx.o [1]
  .bss               zero     0x2000'313c       0x4  sample_threadx.o [1]
  .bss               zero     0x2000'3140       0x4  sample_threadx.o [1]
  .bss               zero     0x2000'3144       0x4  sample_threadx.o [1]
  .bss               zero     0x2000'3148       0x4  sample_threadx.o [1]
  .bss               zero     0x2000'314c       0x4  sample_threadx.o [1]
  .bss               zero     0x2000'3150       0x4  sample_threadx.o [1]
  .bss               zero     0x2000'3154       0x4  sample_threadx.o [1]
  .bss               zero     0x2000'3158       0x4  tx_thread_initialize.o [7]
  .bss               zero     0x2000'315c       0x4  tx_thread_initialize.o [7]
  .bss               zero     0x2000'3160       0x4  tx_thread_initialize.o [7]
  .bss               zero     0x2000'3164       0x4  tx_thread_initialize.o [7]
  .bss               zero     0x2000'3168       0x4  tx_thread_initialize.o [7]
  .bss               zero     0x2000'316c       0x4  tx_thread_initialize.o [7]
  .bss               zero     0x2000'3170       0x4  tx_thread_initialize.o [7]
  .bss               zero     0x2000'3174       0x4  tx_thread_initialize.o [7]
  .bss               zero     0x2000'3178       0x4  tx_thread_initialize.o [7]
  .bss               zero     0x2000'317c       0x4  tx_thread_initialize.o [7]
  .bss               zero     0x2000'3180       0x4  tx_thread_initialize.o [7]
  .bss               zero     0x2000'3184       0x4  tx_initialize_high_level.o [7]
  .bss               zero     0x2000'3188       0x4  tx_initialize_high_level.o [7]
  .bss               zero     0x2000'318c       0x4  tx_initialize_high_level.o [7]
  .bss               zero     0x2000'3190       0x4  tx_initialize_high_level.o [7]
  .bss               zero     0x2000'3194       0x4  tx_initialize_high_level.o [7]
  .bss               zero     0x2000'3198       0x4  tx_initialize_high_level.o [7]
  .bss               zero     0x2000'319c       0x4  tx_initialize_high_level.o [7]
  .bss               zero     0x2000'31a0       0x4  tx_initialize_high_level.o [7]
  .bss               zero     0x2000'31a4       0x4  tx_initialize_high_level.o [7]
  .bss               zero     0x2000'31a8       0x4  tx_initialize_high_level.o [7]
  .bss               zero     0x2000'31ac       0x4  tx_initialize_high_level.o [7]
  .bss               zero     0x2000'31b0       0x4  tx_initialize_high_level.o [7]
  .bss               zero     0x2000'31b4       0x4  tx_initialize_high_level.o [7]
  .bss               zero     0x2000'31b8       0x4  tx_timer_initialize.o [7]
  .bss               zero     0x2000'31bc       0x4  tx_timer_initialize.o [7]
  .bss               zero     0x2000'31c0       0x4  tx_timer_initialize.o [7]
  .bss               zero     0x2000'31c4       0x4  tx_timer_initialize.o [7]
  .bss               zero     0x2000'31c8       0x4  tx_timer_initialize.o [7]
  .bss               zero     0x2000'31cc       0x4  tx_timer_initialize.o [7]
  .bss               zero     0x2000'31d0       0x4  tx_timer_initialize.o [7]
  .bss               zero     0x2000'31d4       0x4  tx_timer_initialize.o [7]
  .bss               zero     0x2000'31d8       0x4  tx_timer_initialize.o [7]
  .bss               zero     0x2000'31dc       0x4  tx_timer_initialize.o [7]
  .bss               zero     0x2000'31e0       0x4  tx_timer_initialize.o [7]
  .bss               zero     0x2000'31e4       0x4  tx_timer_initialize.o [7]
  .bss               zero     0x2000'31e8       0x4  tx_timer_initialize.o [7]
  .bss               zero     0x2000'31ec       0x4  tx_iar.o [7]
  .bss               zero     0x2000'31f0       0x4  tx_iar.o [7]
  .bss               zero     0x2000'31f4       0x4  tx_iar.o [7]
  .bss               zero     0x2000'31f8       0x4  tx_iar.o [7]
  .bss               zero     0x2000'31fc       0x4  xgetmemchunk.o [2]
                            - 0x2000'3200    0x31fc

"P2", part 3 of 3:                         0x1'8000
  CSTACK                      0x2000'3200    0x8000  <Block>
    CSTACK           uninit   0x2000'3200    0x8000  <Block tail>
  HEAP                        0x2000'b200  0x1'0000  <Block>
    HEAP             uninit   0x2000'b200  0x1'0000  <Block tail>
                            - 0x2001'b200  0x1'8000

Unused ranges:

         From           To      Size
         ----           --      ----
       0x395c     0xf'ffff  0xf'c6a4
  0x2001'b200  0x2003'ffff  0x2'4e00


*******************************************************************************
*** INIT TABLE
***

          Address      Size
          -------      ----
Zero (__iar_zero_init3)
    1 destination range, total size 0x31fc:
          0x2000'0004  0x31fc

Copy (__iar_copy_init3)
    1 source range, total size 0x4:
               0x3958     0x4
    1 destination range, total size 0x4:
          0x2000'0000     0x4



*******************************************************************************
*** MODULE SUMMARY
***

    Module                            ro code  ro data  rw data
    ------                            -------  -------  -------
command line/config:
    -----------------------------------------------------------
    Total:

C:\Users\azoli\Documents\UTFPR\mariaAzolin_ELF74\Lab5\Debug\Obj\src: [1]
    cstartup_M.o                           72
    sample_threadx.o                    1'136      168   10'916
    tx_initialize_low_level.o             116                16
    -----------------------------------------------------------
    Total:                              1'324      168   10'932

dl7M_tln.a: [2]
    exit.o                                  4
    heap0.o                               292                 8
    low_level_init.o                        4
    xgetmemchunk.o                         44                 4
    -----------------------------------------------------------
    Total:                                344                12

m7M_tls.a: [3]
    fpinit_M.o                             34
    -----------------------------------------------------------
    Total:                                 34

rt7M_tl.a: [4]
    ABImemclr.o                             6
    ABImemcpy.o                           166
    ABImemset.o                           102
    cexit.o                                14
    cmain.o                                30
    copy_init3.o                           42
    cstart_clearlocks.o
    cstartup_M.o                           28
    data_init.o                            40
    zero_init3.o                           56
    -----------------------------------------------------------
    Total:                                484

shb_l.a: [5]
    exit.o                                 20
    -----------------------------------------------------------
    Total:                                 20

th7M_tln.a: [6]
    tlsinit.o                              60
    xsyslock_mtx.o                         80                16
    -----------------------------------------------------------
    Total:                                140                16

tx.a: [7]
    tx_block_allocate.o                   176
    tx_block_pool_cleanup.o               136
    tx_block_pool_create.o                184
    tx_block_release.o                    112
    tx_byte_allocate.o                    248
    tx_byte_pool_cleanup.o                136
    tx_byte_pool_create.o                 160
    tx_byte_pool_search.o                 288
    tx_event_flags_cleanup.o              144
    tx_event_flags_create.o                92
    tx_event_flags_get.o                  236
    tx_event_flags_set.o                  568
    tx_iar.o                              304       24      224
    tx_initialize_high_level.o            132                52
    tx_initialize_kernel_enter.o           84
    tx_mutex_cleanup.o                    208
    tx_mutex_create.o                     112
    tx_mutex_delete.o                     196
    tx_mutex_get.o                        284
    tx_mutex_prioritize.o                 176
    tx_mutex_priority_change.o            244
    tx_mutex_put.o                        564
    tx_queue_cleanup.o                    152
    tx_queue_create.o                     136
    tx_queue_receive.o                    500
    tx_queue_send.o                       356
    tx_semaphore_cleanup.o                136
    tx_semaphore_create.o                  96
    tx_semaphore_get.o                    160
    tx_semaphore_put.o                    116
    tx_thread_create.o                    352
    tx_thread_initialize.o                140        4      176
    tx_thread_schedule.o                  160
    tx_thread_shell_entry.o               124
    tx_thread_sleep.o                     148
    tx_thread_stack_build.o                68
    tx_thread_system_preempt_check.o       64
    tx_thread_system_resume.o             344
    tx_thread_system_suspend.o            496
    tx_thread_time_slice.o                104
    tx_thread_timeout.o                    60
    tx_timer_expiration_process.o          40
    tx_timer_initialize.o                 240       20    1'388
    tx_timer_interrupt.o                  184
    tx_timer_system_activate.o            104
    tx_timer_system_deactivate.o           46
    tx_timer_thread_entry.o               316
    txe_block_allocate.o                   96
    txe_block_pool_create.o               244
    txe_block_release.o                    48
    txe_byte_allocate.o                   152
    txe_byte_pool_create.o                224
    txe_event_flags_create.o              188
    txe_event_flags_get.o                 112
    txe_event_flags_set.o                  52
    txe_mutex_create.o                    212
    txe_mutex_get.o                       124
    txe_mutex_put.o                        80
    txe_queue_create.o                    248
    txe_queue_receive.o                    96
    txe_queue_send.o                       96
    txe_semaphore_create.o                204
    txe_semaphore_get.o                    88
    txe_semaphore_put.o                    32
    txe_thread_create.o                   352
    -----------------------------------------------------------
    Total:                             12'074       48    1'840

    Gaps                                   10        2
    Linker created                                  36   98'304
---------------------------------------------------------------
    Grand Total:                       14'430      254  111'104


*******************************************************************************
*** ENTRY LIST
***

Entry                       Address    Size  Type      Object
-----                       -------    ----  ----      ------
.iar.init_table$$Base        0x37f0           --   Gb  - Linker created -
.iar.init_table$$Limit       0x3814           --   Gb  - Linker created -
?main                        0x3815          Code  Gb  cmain.o [4]
Aldata                  0x2000'3128     0x8  Data  Lc  heap0.o [2]
CSTACK$$Base            0x2000'3200           --   Gb  - Linker created -
CSTACK$$Limit           0x2000'b200           --   Gb  - Linker created -
HEAP$$Base              0x2000'b200           --   Gb  - Linker created -
HEAP$$Limit             0x2001'b200           --   Gb  - Linker created -
PendSV_Handler               0x1159          Code  Gb  tx_thread_schedule.o [7]
Region$$Table$$Base          0x37f0           --   Gb  - Linker created -
Region$$Table$$Limit         0x3814           --   Gb  - Linker created -
SysTick_Handler              0x1037          Code  Gb  tx_initialize_low_level.o [1]
__aeabi_memclr               0x31b5          Code  Gb  ABImemclr.o [4]
__aeabi_memcpy               0x310d          Code  Gb  ABImemcpy.o [4]
__aeabi_memcpy4              0x312d          Code  Gb  ABImemcpy.o [4]
__aeabi_memcpy8              0x312d          Code  Gb  ABImemcpy.o [4]
__aeabi_memset               0x28d1          Code  Gb  ABImemset.o [4]
__basic_free_intern          0x2fa1    0x74  Code  Lc  heap0.o [2]
__basic_malloc               0x2ef5    0x18  Code  Gb  heap0.o [2]
__basic_malloc_intern        0x2f0d    0x94  Code  Lc  heap0.o [2]
__cexit_clearlocks           0x383f          Code  Gb  cexit.o [4]
__cmain                      0x3815          Code  Gb  cmain.o [4]
__cstart_clearlocks          0x395c          Data  Gb  cstart_clearlocks.o [4]
__data_GetMemChunk           0x31bd    0x2c  Code  Gb  xgetmemchunk.o [2]
__data_GetMemChunk::start
                        0x2000'31fc     0x4  Data  Lc  xgetmemchunk.o [2]
__exit                       0x384d    0x14  Code  Gb  exit.o [5]
__iar_Initlocks              0x111f    0x16  Code  Gb  xsyslock_mtx.o [6]
__iar_Locksyslock_Malloc
                             0x10e9     0x6  Code  Gb  xsyslock_mtx.o [6]
__iar_Memset                 0x28d1          Code  Gb  ABImemset.o [4]
__iar_Memset_word            0x28d9          Code  Gb  ABImemset.o [4]
__iar_Unlocksyslock_Malloc
                             0x10ef     0x6  Code  Gb  xsyslock_mtx.o [6]
__iar_clearlocks             0x10f5    0x2a  Code  Gb  xsyslock_mtx.o [6]
__iar_copy_init3             0x2937    0x2a  Code  Gb  copy_init3.o [4]
__iar_data_init3             0x37a5    0x28  Code  Gb  data_init.o [4]
__iar_init_vfp               0x37cd          Code  Gb  fpinit_M.o [3]
__iar_program_start          0x3861          Code  Gb  cstartup_M.o [4]
__iar_system_Mtxdst          0x2829     0xa  Code  Gb  tx_iar.o [7]
__iar_system_Mtxinit         0x27b7    0x72  Code  Gb  tx_iar.o [7]
__iar_system_Mtxlock         0x2833    0x40  Code  Gb  tx_iar.o [7]
__iar_system_Mtxunlock       0x2873    0x3c  Code  Gb  tx_iar.o [7]
__iar_tls$$DATA$$Length
                                0x0           --   Gb  - Linker created -
__iar_tls$$INIT_DATA$$Base
                                0x0           --   Gb  - Linker created -
__iar_tls$$INIT_DATA$$Length
                                0x0           --   Gb  - Linker created -
__iar_tls_init               0x2ed5     0xc  Code  Gb  tlsinit.o [6]
__iar_tls_init_no_ctors
                             0x2eb9    0x1c  Code  Gb  tlsinit.o [6]
__iar_tls_size               0x2ee1     0x4  Code  Gb  tlsinit.o [6]
__iar_zero_init3             0x376d    0x38  Code  Gb  zero_init3.o [4]
__low_level_init             0x3833     0x4  Code  Gb  low_level_init.o [2]
__tx_PendSVHandler           0x1159          Code  Gb  tx_thread_schedule.o [7]
__tx_SysTickHandler          0x1037          Code  Gb  tx_initialize_low_level.o [1]
__tx_free_memory_start  0x2000'3118          Data  Gb  tx_initialize_low_level.o [1]
__tx_iar_system_lock_internal_errors
                        0x2000'31f4     0x4  Data  Gb  tx_iar.o [7]
__tx_iar_system_lock_isr_caller
                        0x2000'31f8     0x4  Data  Gb  tx_iar.o [7]
__tx_iar_system_lock_mutexes
                        0x2000'27a4    0xd0  Data  Lc  tx_iar.o [7]
__tx_iar_system_lock_next_free_mutex
                        0x2000'31ec     0x4  Data  Lc  tx_iar.o [7]
__tx_iar_system_lock_no_mutexes
                        0x2000'31f0     0x4  Data  Gb  tx_iar.o [7]
__vector_table                  0x0          Data  Gb  cstartup_M.o [1]
_call_main                   0x3821          Code  Gb  cmain.o [4]
_exit                        0x383d          Code  Gb  cexit.o [4]
_tx_block_allocate           0x177d    0xb0  Code  Gb  tx_block_allocate.o [7]
_tx_block_pool_cleanup       0x351d    0x88  Code  Gb  tx_block_pool_cleanup.o [7]
_tx_block_pool_create        0x16c5    0xb8  Code  Gb  tx_block_pool_create.o [7]
_tx_block_pool_created_count
                        0x2000'31a8     0x4  Data  Gb  tx_initialize_high_level.o [7]
_tx_block_pool_created_ptr
                        0x2000'31a4     0x4  Data  Gb  tx_initialize_high_level.o [7]
_tx_block_release            0x182d    0x70  Code  Gb  tx_block_release.o [7]
_tx_build_options       0x2000'3180     0x4  Data  Gb  tx_thread_initialize.o [7]
_tx_byte_allocate            0x12b9    0xf8  Code  Gb  tx_byte_allocate.o [7]
_tx_byte_pool_cleanup        0x35a5    0x88  Code  Gb  tx_byte_pool_cleanup.o [7]
_tx_byte_pool_create         0x1219    0xa0  Code  Gb  tx_byte_pool_create.o [7]
_tx_byte_pool_created_count
                        0x2000'31b0     0x4  Data  Gb  tx_initialize_high_level.o [7]
_tx_byte_pool_created_ptr
                        0x2000'31ac     0x4  Data  Gb  tx_initialize_high_level.o [7]
_tx_byte_pool_search         0x2961   0x120  Code  Gb  tx_byte_pool_search.o [7]
_tx_event_flags_cleanup
                             0x348d    0x90  Code  Gb  tx_event_flags_cleanup.o [7]
_tx_event_flags_create       0x15f9    0x5c  Code  Gb  tx_event_flags_create.o [7]
_tx_event_flags_created_count
                        0x2000'3198     0x4  Data  Gb  tx_initialize_high_level.o [7]
_tx_event_flags_created_ptr
                        0x2000'3194     0x4  Data  Gb  tx_initialize_high_level.o [7]
_tx_event_flags_get          0x2131    0xec  Code  Gb  tx_event_flags_get.o [7]
_tx_event_flags_set          0x1a8d   0x238  Code  Gb  tx_event_flags_set.o [7]
_tx_iar_create_per_thread_tls_area
                             0x27a1    0x16  Code  Gb  tx_iar.o [7]
_tx_initialize_high_level
                             0x1065    0x84  Code  Gb  tx_initialize_high_level.o [7]
_tx_initialize_kernel_enter
                              0x4b1    0x54  Code  Gb  tx_initialize_kernel_enter.o [7]
_tx_initialize_low_level
                              0xff1          Code  Gb  tx_initialize_low_level.o [1]
_tx_initialize_unused_memory
                        0x2000'31b4     0x4  Data  Gb  tx_initialize_high_level.o [7]
_tx_mutex_cleanup            0x3325    0x7c  Code  Gb  tx_mutex_cleanup.o [7]
_tx_mutex_create             0x1655    0x70  Code  Gb  tx_mutex_create.o [7]
_tx_mutex_created_count
                        0x2000'31a0     0x4  Data  Gb  tx_initialize_high_level.o [7]
_tx_mutex_created_ptr   0x2000'319c     0x4  Data  Gb  tx_initialize_high_level.o [7]
_tx_mutex_delete             0x3019    0xc4  Code  Gb  tx_mutex_delete.o [7]
_tx_mutex_get                0x221d   0x11c  Code  Gb  tx_mutex_get.o [7]
_tx_mutex_prioritize         0x2d79    0xb0  Code  Gb  tx_mutex_prioritize.o [7]
_tx_mutex_priority_change
                             0x2c85    0xf4  Code  Gb  tx_mutex_priority_change.o [7]
_tx_mutex_put                0x2339   0x234  Code  Gb  tx_mutex_put.o [7]
_tx_mutex_thread_release
                             0x33a1    0x46  Code  Gb  tx_mutex_cleanup.o [7]
_tx_queue_cleanup            0x33f5    0x98  Code  Gb  tx_queue_cleanup.o [7]
_tx_queue_create             0x1511    0x88  Code  Gb  tx_queue_create.o [7]
_tx_queue_created_count
                        0x2000'3190     0x4  Data  Gb  tx_initialize_high_level.o [7]
_tx_queue_created_ptr   0x2000'318c     0x4  Data  Gb  tx_initialize_high_level.o [7]
_tx_queue_receive            0x1e29   0x1f4  Code  Gb  tx_queue_receive.o [7]
_tx_queue_send               0x1cc5   0x164  Code  Gb  tx_queue_send.o [7]
_tx_semaphore_cleanup        0x362d    0x88  Code  Gb  tx_semaphore_cleanup.o [7]
_tx_semaphore_create         0x1599    0x60  Code  Gb  tx_semaphore_create.o [7]
_tx_semaphore_created_count
                        0x2000'3188     0x4  Data  Gb  tx_initialize_high_level.o [7]
_tx_semaphore_created_ptr
                        0x2000'3184     0x4  Data  Gb  tx_initialize_high_level.o [7]
_tx_semaphore_get            0x201d    0xa0  Code  Gb  tx_semaphore_get.o [7]
_tx_semaphore_put            0x20bd    0x74  Code  Gb  tx_semaphore_put.o [7]
_tx_thread_create            0x13b1   0x160  Code  Gb  tx_thread_create.o [7]
_tx_thread_created_count
                        0x2000'3168     0x4  Data  Gb  tx_thread_initialize.o [7]
_tx_thread_created_ptr  0x2000'3164     0x4  Data  Gb  tx_thread_initialize.o [7]
_tx_thread_current_ptr  0x2000'315c     0x4  Data  Gb  tx_thread_initialize.o [7]
_tx_thread_execute_ptr  0x2000'3160     0x4  Data  Gb  tx_thread_initialize.o [7]
_tx_thread_highest_priority
                        0x2000'3174     0x4  Data  Gb  tx_thread_initialize.o [7]
_tx_thread_initialize        0x2625    0x8c  Code  Gb  tx_thread_initialize.o [7]
_tx_thread_mutex_release
                        0x2000'317c     0x4  Data  Gb  tx_thread_initialize.o [7]
_tx_thread_preempt_disable
                        0x2000'3178     0x4  Data  Gb  tx_thread_initialize.o [7]
_tx_thread_preempted_maps
                        0x2000'3170     0x4  Data  Gb  tx_thread_initialize.o [7]
_tx_thread_priority_list
                        0x2000'2eec    0x80  Data  Gb  tx_thread_initialize.o [7]
_tx_thread_priority_maps
                        0x2000'316c     0x4  Data  Gb  tx_thread_initialize.o [7]
_tx_thread_schedule          0x1139          Code  Gb  tx_thread_schedule.o [7]
_tx_thread_shell_entry       0x36b5    0x7c  Code  Gb  tx_thread_shell_entry.o [7]
_tx_thread_sleep              0xcb5    0x94  Code  Gb  tx_thread_sleep.o [7]
_tx_thread_stack_build       0x2a81          Code  Gb  tx_thread_stack_build.o [7]
_tx_thread_system_preempt_check
                             0x11d9    0x40  Code  Gb  tx_thread_system_preempt_check.o [7]
_tx_thread_system_resume
                             0x2ac5   0x158  Code  Gb  tx_thread_system_resume.o [7]
_tx_thread_system_stack_ptr
                        0x2000'3158     0x4  Data  Gb  tx_thread_initialize.o [7]
_tx_thread_system_state
                        0x2000'0000     0x4  Data  Gb  tx_thread_initialize.o [7]
_tx_thread_system_suspend
                             0x189d   0x1f0  Code  Gb  tx_thread_system_suspend.o [7]
_tx_thread_time_slice        0x2e51    0x68  Code  Gb  tx_thread_time_slice.o [7]
_tx_thread_timeout           0x3731    0x3c  Code  Gb  tx_thread_timeout.o [7]
_tx_timer_created_count
                        0x2000'31d4     0x4  Data  Gb  tx_timer_initialize.o [7]
_tx_timer_created_ptr   0x2000'31d0     0x4  Data  Gb  tx_timer_initialize.o [7]
_tx_timer_current_ptr   0x2000'31c8     0x4  Data  Gb  tx_timer_initialize.o [7]
_tx_timer_expiration_process
                             0x2e29    0x28  Code  Gb  tx_timer_expiration_process.o [7]
_tx_timer_expired       0x2000'31cc     0x4  Data  Gb  tx_timer_initialize.o [7]
_tx_timer_expired_time_slice
                        0x2000'31bc     0x4  Data  Gb  tx_timer_initialize.o [7]
_tx_timer_expired_timer_ptr
                        0x2000'31d8     0x4  Data  Gb  tx_timer_initialize.o [7]
_tx_timer_initialize         0x26b1    0xf0  Code  Gb  tx_timer_initialize.o [7]
_tx_timer_interrupt          0x256d          Code  Gb  tx_timer_interrupt.o [7]
_tx_timer_list          0x2000'2f6c    0x80  Data  Gb  tx_timer_initialize.o [7]
_tx_timer_list_end      0x2000'31c4     0x4  Data  Gb  tx_timer_initialize.o [7]
_tx_timer_list_start    0x2000'31c0     0x4  Data  Gb  tx_timer_initialize.o [7]
_tx_timer_priority      0x2000'31e4     0x4  Data  Gb  tx_timer_initialize.o [7]
_tx_timer_stack_size    0x2000'31e0     0x4  Data  Gb  tx_timer_initialize.o [7]
_tx_timer_stack_start   0x2000'31dc     0x4  Data  Gb  tx_timer_initialize.o [7]
_tx_timer_system_activate
                             0x2c1d    0x68  Code  Gb  tx_timer_system_activate.o [7]
_tx_timer_system_clock  0x2000'31b8     0x4  Data  Gb  tx_timer_initialize.o [7]
_tx_timer_system_deactivate
                             0x30dd    0x2e  Code  Gb  tx_timer_system_deactivate.o [7]
_tx_timer_thread        0x2000'2e34    0xb8  Data  Gb  tx_timer_initialize.o [7]
_tx_timer_thread_entry       0x31e9   0x13c  Code  Gb  tx_timer_thread_entry.o [7]
_tx_timer_thread_stack_area
                        0x2000'23a4   0x400  Data  Gb  tx_timer_initialize.o [7]
_tx_timer_time_slice    0x2000'31e8     0x4  Data  Gb  tx_timer_initialize.o [7]
_txe_block_allocate           0xc25    0x60  Code  Gb  txe_block_allocate.o [7]
_txe_block_pool_create        0xb31    0xf4  Code  Gb  txe_block_pool_create.o [7]
_txe_block_release            0xc85    0x30  Code  Gb  txe_block_release.o [7]
_txe_byte_allocate            0x5e5    0x98  Code  Gb  txe_byte_allocate.o [7]
_txe_byte_pool_create         0x505    0xe0  Code  Gb  txe_byte_pool_create.o [7]
_txe_event_flags_create
                              0x9a1    0xbc  Code  Gb  txe_event_flags_create.o [7]
_txe_event_flags_get          0xeb5    0x70  Code  Gb  txe_event_flags_get.o [7]
_txe_event_flags_set          0xd49    0x34  Code  Gb  txe_event_flags_set.o [7]
_txe_mutex_create             0xa5d    0xd4  Code  Gb  txe_mutex_create.o [7]
_txe_mutex_get                0xf25    0x7c  Code  Gb  txe_mutex_get.o [7]
_txe_mutex_put                0xfa1    0x50  Code  Gb  txe_mutex_put.o [7]
_txe_queue_create             0x7dd    0xf8  Code  Gb  txe_queue_create.o [7]
_txe_queue_receive            0xddd    0x60  Code  Gb  txe_queue_receive.o [7]
_txe_queue_send               0xd7d    0x60  Code  Gb  txe_queue_send.o [7]
_txe_semaphore_create         0x8d5    0xcc  Code  Gb  txe_semaphore_create.o [7]
_txe_semaphore_get            0xe3d    0x58  Code  Gb  txe_semaphore_get.o [7]
_txe_semaphore_put            0xe95    0x20  Code  Gb  txe_semaphore_put.o [7]
_txe_thread_create            0x67d   0x160  Code  Gb  txe_thread_create.o [7]
block_pool_0            0x2000'3090    0x30  Data  Gb  sample_threadx.o [1]
byte_pool_0             0x2000'305c    0x34  Data  Gb  sample_threadx.o [1]
byte_pool_memory        0x2000'0004  0x23a0  Data  Gb  sample_threadx.o [1]
event_flags_0           0x2000'30c0    0x28  Data  Gb  sample_threadx.o [1]
exit                         0x3837     0x4  Code  Gb  exit.o [2]
main                           0x41     0xa  Code  Gb  sample_threadx.o [1]
mtx                     0x2000'3108    0x10  Data  Lc  xsyslock_mtx.o [6]
mutex_0                 0x2000'3028    0x34  Data  Gb  sample_threadx.o [1]
queue_0                 0x2000'2fec    0x3c  Data  Gb  sample_threadx.o [1]
semaphore_0             0x2000'30e8    0x20  Data  Gb  sample_threadx.o [1]
thread_0                0x2000'2874    0xb8  Data  Gb  sample_threadx.o [1]
thread_0_counter        0x2000'3130     0x4  Data  Gb  sample_threadx.o [1]
thread_0_entry                0x2c1    0x22  Code  Gb  sample_threadx.o [1]
thread_1                0x2000'292c    0xb8  Data  Gb  sample_threadx.o [1]
thread_1_counter        0x2000'3134     0x4  Data  Gb  sample_threadx.o [1]
thread_1_entry                0x2e5    0x2a  Code  Gb  sample_threadx.o [1]
thread_1_messages_sent  0x2000'3138     0x4  Data  Gb  sample_threadx.o [1]
thread_2                0x2000'29e4    0xb8  Data  Gb  sample_threadx.o [1]
thread_2_counter        0x2000'313c     0x4  Data  Gb  sample_threadx.o [1]
thread_2_entry                0x311    0x34  Code  Gb  sample_threadx.o [1]
thread_2_messages_received
                        0x2000'3140     0x4  Data  Gb  sample_threadx.o [1]
thread_3                0x2000'2a9c    0xb8  Data  Gb  sample_threadx.o [1]
thread_3_and_4_entry          0x345    0x42  Code  Gb  sample_threadx.o [1]
thread_3_counter        0x2000'3144     0x4  Data  Gb  sample_threadx.o [1]
thread_4                0x2000'2b54    0xb8  Data  Gb  sample_threadx.o [1]
thread_4_counter        0x2000'3148     0x4  Data  Gb  sample_threadx.o [1]
thread_5                0x2000'2c0c    0xb8  Data  Gb  sample_threadx.o [1]
thread_5_counter        0x2000'314c     0x4  Data  Gb  sample_threadx.o [1]
thread_5_entry                0x389    0x2a  Code  Gb  sample_threadx.o [1]
thread_6                0x2000'2cc4    0xb8  Data  Gb  sample_threadx.o [1]
thread_6_and_7_entry          0x3b5    0x5e  Code  Gb  sample_threadx.o [1]
thread_6_counter        0x2000'3150     0x4  Data  Gb  sample_threadx.o [1]
thread_7                0x2000'2d7c    0xb8  Data  Gb  sample_threadx.o [1]
thread_7_counter        0x2000'3154     0x4  Data  Gb  sample_threadx.o [1]
tx_application_define          0x4b   0x276  Code  Gb  sample_threadx.o [1]


[1] = C:\Users\azoli\Documents\UTFPR\mariaAzolin_ELF74\Lab5\Debug\Obj\src
[2] = dl7M_tln.a
[3] = m7M_tls.a
[4] = rt7M_tl.a
[5] = shb_l.a
[6] = th7M_tln.a
[7] = tx.a

   14'430 bytes of readonly  code memory
      254 bytes of readonly  data memory
  111'104 bytes of readwrite data memory

Errors: none
Warnings: none
