###############################################################################
#
# IAR ELF Linker V9.10.2.313/W64 for ARM                  04/Oct/2021  19:20:55
# Copyright 2007-2021 IAR Systems AB.
#
#    Output file  =
#        C:\Users\azoli\Documents\UTFPR\mariaAzolin_ELF74\Lab1\Debug\Exe\HelloWorld.out
#    Map file     =
#        C:\Users\azoli\Documents\UTFPR\mariaAzolin_ELF74\Lab1\Debug\List\HelloWorld.map
#    Command line =
#        -f
#        C:\Users\azoli\Documents\UTFPR\mariaAzolin_ELF74\Lab1\Debug\Exe\HelloWorld.out.rsp
#        (C:\Users\azoli\Documents\UTFPR\mariaAzolin_ELF74\Lab1\Debug\Obj\main.o
#        --no_out_extension -o
#        C:\Users\azoli\Documents\UTFPR\mariaAzolin_ELF74\Lab1\Debug\Exe\HelloWorld.out
#        --redirect _Printf=_PrintfFullNoMb --redirect _Scanf=_ScanfFullNoMb
#        --map
#        C:\Users\azoli\Documents\UTFPR\mariaAzolin_ELF74\Lab1\Debug\List\HelloWorld.map
#        --config "C:\Program Files\IAR Systems\Embedded Workbench
#        9.0\arm\config\linker\TexasInstruments\TM4C1294NC.icf" --semihosting
#        --entry __iar_program_start --vfe --text_out locale)
#
###############################################################################

*******************************************************************************
*** RUNTIME MODEL ATTRIBUTES
***

CppFlavor                     = *
__CPP_Exceptions              = Disabled
__CPP_Language                = C++14
__Heap_Handler                = Basic
__SystemLibrary               = DLib
__dlib_dynamic_initialization = normal
__dlib_version                = 6


*******************************************************************************
*** HEAP SELECTION
***

The basic heap was selected because some modules are built with
size limitations (and not runtime checking), and --advanced_heap
was not specified.


*******************************************************************************
*** PLACEMENT SUMMARY
***

"A0":  place at address 0x0 { ro section .intvec };
"P1":  place in [from 0x0 to 0xf'ffff] { ro };
define block CSTACK with size = 32K, alignment = 8 { };
define block HEAP with size = 64K, alignment = 8 { };
"P2":  place in [from 0x2000'0000 to 0x2003'ffff] {
          rw, block CSTACK, block HEAP };
initialize by copy { rw };

  Section                Kind         Address    Size  Object
  -------                ----         -------    ----  ------
"A0":                                            0x40
  .intvec                ro code          0x0    0x40  vector_table_M.o [5]
                                       - 0x40    0x40

"P1":                                           0xd14
  .text                  ro code         0x40   0x1b2  main.o [1]
  .text                  ro code        0x1f2     0x8  main.o [1]
  .text                  ro code        0x1fa     0x4  main.o [1]
  .text                  ro code        0x1fe    0x72  main.o [1]
  .text                  ro code        0x270     0x4  main.o [1]
  .text                  ro code        0x274     0x8  main.o [1]
  .text                  ro code        0x27c     0x4  main.o [1]
  .text                  ro code        0x280     0x6  main.o [1]
  .text                  ro code        0x286     0x6  main.o [1]
  .text                  ro code        0x28c     0x4  main.o [1]
  .text                  ro code        0x290    0x32  main.o [1]
  .text                  ro code        0x2c2    0x12  main.o [1]
  .text                  ro code        0x2d4     0xa  main.o [1]
  .text                  ro code        0x2de     0x8  main.o [1]
  .text                  ro code        0x2e6    0x28  main.o [1]
  .text                  ro code        0x30e     0xe  main.o [1]
  .text                  ro code        0x31c    0x36  strlen.o [5]
  .text                  ro code        0x352     0x8  main.o [1]
  .text                  ro code        0x35a    0x14  main.o [1]
  .text                  ro code        0x36e     0x4  main.o [1]
  .text                  ro code        0x372    0x54  main.o [1]
  .text                  ro code        0x3c6    0x18  main.o [1]
  .text                  ro code        0x3de     0xe  main.o [1]
  .text                  ro code        0x3ec     0x4  main.o [1]
  .text                  ro code        0x3f0     0x4  main.o [1]
  .text                  ro code        0x3f4    0x18  main.o [1]
  .text                  ro code        0x40c     0x8  main.o [1]
  .text                  ro code        0x414    0x28  main.o [1]
  .text                  ro code        0x43c     0xa  main.o [1]
  .text                  ro code        0x446    0x14  main.o [1]
  .text                  ro code        0x45a    0x2a  copy_init3.o [5]
  .text                  ro code        0x484   0x100  ios.o [3]
  .text                  ro code        0x584     0x8  main.o [1]
  .text                  ro code        0x58c    0x54  main.o [1]
  .text                  ro code        0x5e0     0x8  main.o [1]
  .text                  ro code        0x5e8     0x6  abort.o [2]
  .text                  ro code        0x5ee     0x4  delop4_0.o [3]
  .text                  ro code        0x5f2    0x48  main.o [1]
  .text                  ro code        0x63a    0x46  main.o [1]
  .text                  ro code        0x680    0x14  exit.o [6]
  .text                  ro code        0x694     0xa  delop_0.o [3]
  .text                  ro code        0x69e     0x6  iostream_cout.o [3]
  .text                  ro code        0x6a4    0x7c  iarttio.o [6]
  .text                  ro code        0x720     0x4  heaptramp0.o [2]
  .text                  ro code        0x724     0x8  XShttio.o [2]
  .text                  ro code        0x72c    0x90  heap0.o [2]
  .text                  ro code        0x7bc    0xa0  cppinit.o [2]
  .text                  ro code        0x85c    0x90  iostream_cout.o [3]
  .text                  ro code        0x8ec    0x5c  iostream_cout.o [3]
  .text                  ro code        0x948     0xa  cxxabi.o [3]
  .text                  ro code        0x952     0x2  iostream_cout.o [3]
  .text                  ro code        0x954    0x76  ABImemcpy_unaligned.o [5]
  .text                  ro code        0x9ca    0x5e  iostream_cout.o [3]
  .rodata                const          0xa28    0x44  iostream_cout.o [3]
  .rodata                const          0xa6c    0x44  iostream_cout.o [3]
  .text                  ro code        0xab0    0x38  iostream_cout.o [3]
  .text                  ro code        0xae8    0x20  putchar.o [2]
  .text                  ro code        0xb08    0x10  write.o [6]
  .text                  ro code        0xb18    0x1e  dwrite.o [6]
  .text                  ro code        0xb36    0x20  iarwstd.o [6]
  .text                  ro code        0xb56    0x22  iarwrite.o [6]
  .text                  ro code        0xb78    0x38  zero_init3.o [5]
  .rodata                const          0xbb0    0x28  iostream_cout.o [3]
  .text                  ro code        0xbd8    0x28  data_init.o [5]
  .text                  ro code        0xc00    0x22  fpinit_M.o [4]
  .iar.init_table        const          0xc24    0x28  - Linker created -
  .text                  ro code        0xc4c     0x2  iostream_cout.o [3]
  .text                  ro code        0xc50    0x20  cmain_call_ctors.o [5]
  .text                  ro code        0xc70    0x1e  cmain.o [5]
  .text                  ro code        0xc8e     0x4  low_level_init.o [2]
  .text                  ro code        0xc92     0x2  vectortrap_M.o [5]
  .text                  ro code        0xc94    0x18  main.o [1]
  .text                  ro code        0xcac     0x4  exit.o [2]
  .text                  ro code        0xcb0     0xe  cexit.o [5]
  .rodata                const          0xcbe     0x1  unwind_debug.o [6]
  .text                  ro code        0xcc0    0x1c  cstartup_M.o [5]
  .text                  ro code        0xcdc    0x14  iostream_cout.o [3]
  .rodata                const          0xcf0    0x10  main.o [1]
  .rodata                const          0xd00    0x10  ios.o [3]
  .rodata                const          0xd10    0x10  iostream_cout.o [3]
  .rodata                const          0xd20    0x10  iostream_cout.o [3]
  .text                  ro code        0xd30     0xe  iostream_cout.o [3]
  SHT$$PREINIT_ARRAY                    0xd40     0x4  <Block>
    .preinit_array       const          0xd40     0x4  iostream_cout.o [3]
  SHT$$INIT_ARRAY                       0xd44     0x4  <Block>
    .init_array          const          0xd44     0x4  ios.o [3]
  __iar_tls$$INIT_ARRAY                 0xd48     0x0  <Block>
  Initializer bytes      const          0xd48     0x8  <for P2-1>
  .text                  ro code        0xd50     0x4  iostream_cout.o [3]
  .text                  ro code        0xd54     0x0  cstart_call_dtors.o [5]
  .rodata                const          0xd54     0x0  zero_init3.o [5]
  .rodata                const          0xd54     0x0  copy_init3.o [5]
                                      - 0xd54   0xd14

"P2", part 1 of 3:                                0x8
  P2-1                            0x2000'0000     0x8  <Init block>
    .data                inited   0x2000'0000     0x8  XShttio.o [2]
                                - 0x2000'0008     0x8

"P2", part 2 of 3:                               0xcc
  .bss                   zero     0x2000'0008    0x70  iostream_cout.o [3]
  .bss                   zero     0x2000'0078    0x34  ios.o [3]
  .bss                   zero     0x2000'00ac     0x4  iostream_cout.o [3]
  .bss                   zero     0x2000'00b0    0x10  ios.o [3]
  .bss                   zero     0x2000'00c0     0x8  heap0.o [2]
  .bss                   zero     0x2000'00c8     0x4  cppinit.o [2]
  .bss                   zero     0x2000'00cc     0x4  cppinit.o [2]
  .bss                   zero     0x2000'00d0     0x1  iostream_cout.o [3]
                                - 0x2000'00d1    0xc9

"P2", part 3 of 3:                             0x819c
  .iar.dynexit                    0x2000'00d4   0x198  <Block>
    .iar.dynexit         uninit   0x2000'00d4     0xc  cppinit.o [2]
    .iar.dynexit         uninit   0x2000'00e0   0x18c  <Block tail>
  CSTACK                          0x2000'0270  0x8000  <Block>
    CSTACK               uninit   0x2000'0270  0x8000  <Block tail>
                                - 0x2000'8270  0x819c

Unused ranges:

         From           To      Size
         ----           --      ----
        0xd54     0xf'ffff  0xf'f2ac
  0x2000'8270  0x2003'ffff  0x3'7d90


*******************************************************************************
*** INIT TABLE
***

          Address      Size
          -------      ----
Zero (__iar_zero_init3)
    1 destination range, total size 0xc9:
          0x2000'0008  0xc9

Copy (__iar_copy_init3)
    1 source range, total size 0x8:
                0xd48   0x8
    1 destination range, total size 0x8:
          0x2000'0000   0x8

Extra (__iar_cstart_call_ctors)



*******************************************************************************
*** MODULE SUMMARY
***

    Module                 ro code  ro data  rw data
    ------                 -------  -------  -------
command line/config:
    ------------------------------------------------
    Total:

C:\Users\azoli\Documents\UTFPR\mariaAzolin_ELF74\Lab1\Debug\Obj: [1]
    main.o                   1'262       16
    ------------------------------------------------
    Total:                   1'262       16

dl7M_tln.a: [2]
    XShttio.o                    8        8        8
    abort.o                      6
    cppinit.o                  160                20
    exit.o                       4
    heap0.o                    144                 8
    heaptramp0.o                 4
    low_level_init.o             4
    putchar.o                   32
    ------------------------------------------------
    Total:                     362        8       36

dlpp7M_tl_nc.a: [3]
    cxxabi.o                    10
    delop4_0.o                   4
    delop_0.o                   10
    ios.o                      256       20       68
    iostream_cout.o            434      212      117
    ------------------------------------------------
    Total:                     714      232      185

m7M_tls.a: [4]
    fpinit_M.o                  34
    ------------------------------------------------
    Total:                      34

rt7M_tl.a: [5]
    ABImemcpy_unaligned.o      118
    cexit.o                     14
    cmain.o                     30
    cmain_call_ctors.o          32
    copy_init3.o                42
    cstart_call_dtors.o
    cstartup_M.o                28
    data_init.o                 40
    strlen.o                    54
    vector_table_M.o            64
    vectortrap_M.o               2
    zero_init3.o                56
    ------------------------------------------------
    Total:                     480

shb_l.a: [6]
    dwrite.o                    30
    exit.o                      20
    iarttio.o                  124
    iarwrite.o                  34
    iarwstd.o                   32
    unwind_debug.o                        1
    write.o                     16
    ------------------------------------------------
    Total:                     256        1

    Gaps                         3        2
    Linker created                       40   33'164
----------------------------------------------------
    Grand Total:             3'111      299   33'385


*******************************************************************************
*** ENTRY LIST
***

Entry                       Address   Size  Type      Object
-----                       -------   ----  ----      ------
.iar.dynexit$$Base      0x2000'00d4          --   Gb  - Linker created -
.iar.dynexit$$Limit     0x2000'026c          --   Gb  - Linker created -
.iar.init_table$$Base         0xc24          --   Gb  - Linker created -
.iar.init_table$$Limit        0xc4c          --   Gb  - Linker created -
?main                         0xc71         Code  Gb  cmain.o [5]
Aldata                  0x2000'00c0    0x8  Data  Lc  heap0.o [2]
BusFault_Handler              0xc93         Code  Wk  vectortrap_M.o [5]
CSTACK$$Base            0x2000'0270          --   Gb  - Linker created -
CSTACK$$Limit           0x2000'8270          --   Gb  - Linker created -
DebugMon_Handler              0xc93         Code  Wk  vectortrap_M.o [5]
DtorRecArray            0x2000'00d4    0xc  Data  Lc  cppinit.o [2]
HardFault_Handler             0xc93         Code  Wk  vectortrap_M.o [5]
Initialization guard variable for std::ctype<char> const & std::use_facet<std::ctype<char>>()::_MyFacet
                        0x2000'00d0    0x1  Data  Gb  iostream_cout.o [3]
MemManage_Handler             0xc93         Code  Wk  vectortrap_M.o [5]
NMI_Handler                   0xc93         Code  Wk  vectortrap_M.o [5]
PendSV_Handler                0xc93         Code  Wk  vectortrap_M.o [5]
Region$$Table$$Base           0xc24          --   Gb  - Linker created -
Region$$Table$$Limit          0xc4c          --   Gb  - Linker created -
SHT$$INIT_ARRAY$$Base         0xd44          --   Gb  - Linker created -
SHT$$INIT_ARRAY$$Limit        0xd48          --   Gb  - Linker created -
SHT$$PREINIT_ARRAY$$Base
                              0xd40          --   Gb  - Linker created -
SHT$$PREINIT_ARRAY$$Limit
                              0xd44          --   Gb  - Linker created -
SVC_Handler                   0xc93         Code  Wk  vectortrap_M.o [5]
SysTick_Handler               0xc93         Code  Wk  vectortrap_M.o [5]
UsageFault_Handler            0xc93         Code  Wk  vectortrap_M.o [5]
Virtual function table for std::_Wrap_facet<std::ctype<char>>
                              0xd20   0x10  Data  Gb  iostream_cout.o [3]
Virtual function table for std::__nobasic_filebuf<char, std::char_traits<char>>
                              0xa6c   0x44  Data  Gb  iostream_cout.o [3]
Virtual function table for std::ios
                              0xd10   0x10  Data  Gb  iostream_cout.o [3]
Virtual function table for std::ios_base
                              0xd00   0x10  Data  Gb  ios.o [3]
Virtual function table for std::ostream
                              0xbb0   0x28  Data  Gb  iostream_cout.o [3]
Virtual function table for std::streambuf
                              0xa28   0x44  Data  Gb  iostream_cout.o [3]
[local to ios_cpp]::std::stdopens
                        0x2000'0078    0xc  Data  Lc  ios.o [3]
[local to ios_cpp]::std::stdstr
                        0x2000'0084   0x28  Data  Lc  ios.o [3]
[local to iostream_cout_cpp]::std::__iarcoutguard
                        0x2000'0034    0x1  Data  Lc  iostream_cout.o [3]
[local to iostream_cout_cpp]::std::fout
                        0x2000'0038   0x40  Data  Lc  iostream_cout.o [3]
__aeabi_atexit                0x949    0xa  Code  Gb  cxxabi.o [3]
__basic_free                  0x72d   0x16  Code  Gb  heap0.o [2]
__basic_free_intern           0x743   0x74  Code  Lc  heap0.o [2]
__call_ctors                  0x7bd   0x18  Code  Gb  cppinit.o [2]
__call_dtors                  0x80b    0xc  Code  Gb  cppinit.o [2]
__call_dtors0                 0x817   0x36  Code  Gb  cppinit.o [2]
__cexit_call_dtors            0xcb3         Code  Gb  cexit.o [5]
__cmain                       0xc71         Code  Gb  cmain.o [5]
__cstart_call_dtors           0xd54         Data  Gb  cstart_call_dtors.o [5]
__cxa_atexit                  0x7d5   0x36  Code  Gb  cppinit.o [2]
__dso_handle            0x2000'00cc    0x4  Data  Gb  cppinit.o [2]
__dwrite                      0xb19   0x1e  Code  Gb  dwrite.o [6]
__exit                        0x681   0x14  Code  Gb  exit.o [6]
__iar_close_ttio              0x6a5   0x2c  Code  Gb  iarttio.o [6]
__iar_copy_init3              0x45b   0x2a  Code  Gb  copy_init3.o [5]
__iar_cstart_call_ctors
                              0xc51   0x20  Code  Gb  cmain_call_ctors.o [5]
__iar_data_init3              0xbd9   0x28  Code  Gb  data_init.o [5]
__iar_debug_exceptions        0xcbe    0x1  Data  Gb  unwind_debug.o [6]
__iar_get_ttio                0x6d1   0x4c  Code  Gb  iarttio.o [6]
__iar_init_vfp                0xc01         Code  Gb  fpinit_M.o [4]
__iar_lookup_ttioh            0x725    0x8  Code  Gb  XShttio.o [2]
__iar_program_start           0xcc1         Code  Gb  cstartup_M.o [5]
__iar_sh_stdout               0xb37   0x20  Code  Gb  iarwstd.o [6]
__iar_sh_write                0xb57   0x22  Code  Gb  iarwrite.o [6]
__iar_tls$$INIT_ARRAY$$Base
                              0xd48          --   Gb  - Linker created -
__iar_tls$$INIT_ARRAY$$Limit
                              0xd48          --   Gb  - Linker created -
__iar_ttio_handles      0x2000'0000    0x8  Data  Lc  XShttio.o [2]
__iar_unaligned_memcpy        0x955         Code  Gb  ABImemcpy_unaligned.o [5]
__iar_unaligned_memcpy4
                              0x975         Code  Gb  ABImemcpy_unaligned.o [5]
__iar_unaligned_memcpy8
                              0x975         Code  Gb  ABImemcpy_unaligned.o [5]
__iar_zero_init3              0xb79   0x38  Code  Gb  zero_init3.o [5]
__low_level_init              0xc8f    0x4  Code  Gb  low_level_init.o [2]
__sti__routine                0x487    0xa  Code  Lc  ios.o [3]
__sti__routine                0x85d   0x90  Code  Lc  iostream_cout.o [3]
__vector_table                  0x0         Data  Gb  vector_table_M.o [5]
__write                       0xb09   0x10  Code  Gb  write.o [6]
_call_main                    0xc7d         Code  Gb  cmain.o [5]
_exit                         0xcb1         Code  Gb  cexit.o [5]
abort                         0x5e9    0x6  Code  Gb  abort.o [2]
exit                          0xcad    0x4  Code  Gb  exit.o [2]
free                          0x721    0x4  Code  Gb  heaptramp0.o [2]
main                          0xc95   0x18  Code  Gb  main.o [1]
next_abi_dtor_rec       0x2000'00c8    0x4  Data  Lc  cppinit.o [2]
operator delete (void *)
                              0x695    0xa  Code  Gb  delop_0.o [3]
operator delete (void *, unsigned int)
                              0x5ef    0x4  Code  Gb  delop4_0.o [3]
putchar                       0xae9   0x20  Code  Gb  putchar.o [2]
std::_Fpz               0x2000'00b0   0x10  Data  Gb  ios.o [3]
std::__iar_cout_guard::~__iar_cout_guard()
                              0xcdd   0x14  Code  Gb  iostream_cout.o [3]
std::__nobasic_filebuf<char, std::char_traits<char>>::__nobasic_filebuf()
                              0x8ed   0x5c  Code  Gb  iostream_cout.o [3]
std::__nobasic_filebuf<char, std::char_traits<char>>::overflow(int)
                              0xab1   0x38  Code  Gb  iostream_cout.o [3]
std::char_traits<char>::eq_int_type(int const &, int const &)
                              0x2c3   0x12  Code  Gb  main.o [1]
std::char_traits<char>::length(char const *)
                              0x1f3    0x8  Code  Gb  main.o [1]
std::char_traits<char>::to_int_type(char const &)
                              0x3ed    0x4  Code  Gb  main.o [1]
std::cout               0x2000'0008   0x2c  Data  Gb  iostream_cout.o [3]
std::ctype<char> const & std::use_facet<std::ctype<char>>()::_MyFacet
                        0x2000'00ac    0x4  Data  Gb  iostream_cout.o [3]
std::ios::clear(std::_Iosb<int>::_Iostate, bool)
                              0x3f5   0x18  Code  Gb  main.o [1]
std::ios::fill() const        0x287    0x6  Code  Gb  main.o [1]
std::ios::rdbuf() const
                              0x28d    0x4  Code  Gb  main.o [1]
std::ios::setstate(std::_Iosb<int>::_Iostate, bool)
                              0x2e7   0x28  Code  Gb  main.o [1]
std::ios::tie() const         0x36f    0x4  Code  Gb  main.o [1]
std::ios_base::_Addstd(std::ios_base*)
                              0x4f1   0x32  Code  Gb  ios.o [3]
std::ios_base::_Callfns(std::ios_base::event)
                              0x4d5   0x1c  Code  Gb  ios.o [3]
std::ios_base::_Init()        0x531   0x1c  Code  Gb  ios.o [3]
std::ios_base::_Tidy()        0x54d   0x38  Code  Gb  ios.o [3]
std::ios_base::clear(std::_Iosb<int>::_Iostate, bool)
                              0x491   0x20  Code  Gb  ios.o [3]
std::ios_base::flags() const
                              0x27d    0x4  Code  Gb  main.o [1]
std::ios_base::good() const
                              0x35b   0x14  Code  Gb  main.o [1]
std::ios_base::rdstate() const
                              0x3f1    0x4  Code  Gb  main.o [1]
std::ios_base::width() const
                              0x1fb    0x4  Code  Gb  main.o [1]
std::ios_base::width(int)
                              0x2df    0x8  Code  Gb  main.o [1]
std::ios_base::~ios_base()
                              0x4b1   0x24  Code  Gb  ios.o [3]
std::ios_base::~ios_base() [subobject]
                              0x485    0x2  Code  Gb  ios.o [3]
std::operator &(std::_Iosb<int>::_Fmtflags, std::_Iosb<int>::_Fmtflags)
                              0x281    0x6  Code  Gb  main.o [1]
std::operator |=(std::_Iosb<int>::_Iostate &, std::_Iosb<int>::_Iostate)
                              0x275    0x8  Code  Gb  main.o [1]
std::ostream & std::operator <<<std::char_traits<char>>(std::ostream &, char const *)
                               0x41  0x1b2  Code  Gb  main.o [1]
std::ostream::_Flush_sentry::_Flush_sentry(std::ostream&)
                              0x415   0x28  Code  Gb  main.o [1]
std::ostream::_Flush_sentry::_Flush_sentry(std::ostream&) [subobject]
                              0x353    0x8  Code  Gb  main.o [1]
std::ostream::_Flush_sentry::operator bool() const
                              0x271    0x4  Code  Gb  main.o [1]
std::ostream::_Flush_sentry::~_Flush_sentry()
                              0x447   0x14  Code  Gb  main.o [1]
std::ostream::_Flush_sentry::~_Flush_sentry() [subobject]
                              0x40d    0x8  Code  Gb  main.o [1]
std::ostream::_Osfx()         0x58d   0x54  Code  Gb  main.o [1]
std::ostream::_Sentry_base::_Sentry_base(std::ostream&)
                              0x5f3   0x48  Code  Gb  main.o [1]
std::ostream::_Sentry_base::_Sentry_base(std::ostream&) [subobject]
                              0x585    0x8  Code  Gb  main.o [1]
std::ostream::_Sentry_base::~_Sentry_base()
                              0x63b   0x46  Code  Gb  main.o [1]
std::ostream::_Sentry_base::~_Sentry_base() [subobject]
                              0x5e1    0x8  Code  Gb  main.o [1]
std::ostream::flush()         0x373   0x54  Code  Gb  main.o [1]
std::ostream::sentry::sentry(std::ostream&)
                              0x1ff   0x72  Code  Gb  main.o [1]
std::ostream::sentry::~sentry()
                              0x30f    0xe  Code  Gb  main.o [1]
std::ostream::~basic_ostream()
                              0xd31    0xe  Code  Gb  iostream_cout.o [3]
std::streambuf::_Lock()
                              0x953    0x2  Code  Gb  iostream_cout.o [3]
std::streambuf::_Pnavail() const
                              0x3c7   0x18  Code  Gb  main.o [1]
std::streambuf::_Pninc()
                              0x3df    0xe  Code  Gb  main.o [1]
std::streambuf::_Unlock()
                              0xc4d    0x2  Code  Gb  iostream_cout.o [3]
std::streambuf::overflow(int)
                              0x69f    0x6  Code  Gb  iostream_cout.o [3]
std::streambuf::pubsync()
                              0x43d    0xa  Code  Gb  main.o [1]
std::streambuf::sputc(char)
                              0x291   0x32  Code  Gb  main.o [1]
std::streambuf::sputn(char const *, int)
                              0x2d5    0xa  Code  Gb  main.o [1]
std::streambuf::sync()        0xd51    0x4  Code  Gb  iostream_cout.o [3]
std::streambuf::xsputn(char const *, int)
                              0x9cb   0x5e  Code  Gb  iostream_cout.o [3]
strlen                        0x31d         Code  Gb  strlen.o [5]


[1] = C:\Users\azoli\Documents\UTFPR\mariaAzolin_ELF74\Lab1\Debug\Obj
[2] = dl7M_tln.a
[3] = dlpp7M_tl_nc.a
[4] = m7M_tls.a
[5] = rt7M_tl.a
[6] = shb_l.a

   3'111 bytes of readonly  code memory
     299 bytes of readonly  data memory
  33'385 bytes of readwrite data memory

Errors: none
Warnings: none
